FFFFF
======================================================================
FAIL: test_capacity_excess_is_failure_not_truncation (__main__.Contracts.test_capacity_excess_is_failure_not_truncation)
----------------------------------------------------------------------
Traceback (most recent call last):
  File "/home/liyufeng/safeduo/artifacts/safety_predictive_admission_20261005/test_predictive_rows.py", line 59, in test_capacity_excess_is_failure_not_truncation
    with self.assertRaisesRegex(ValueError,'capacity'):
AssertionError: ValueError not raised

======================================================================
FAIL: test_class_horizons_current_exemption_and_legacy_rows (__main__.Contracts.test_class_horizons_current_exemption_and_legacy_rows)
----------------------------------------------------------------------
Traceback (most recent call last):
  File "/home/liyufeng/safeduo/artifacts/safety_predictive_admission_20261005/test_predictive_rows.py", line 51, in test_class_horizons_current_exemption_and_legacy_rows
    self.assertEqual(admitted(out),[1,3])
AssertionError: Lists differ: [3] != [1, 3]

First differing element 0:
3
1

Second list contains 1 additional elements.
First extra element 1:
3

- [3]
+ [1, 3]

======================================================================
FAIL: test_closing_far_row_must_be_admitted_before_instant_band (__main__.Contracts.test_closing_far_row_must_be_admitted_before_instant_band)
----------------------------------------------------------------------
Traceback (most recent call last):
  File "/home/liyufeng/safeduo/artifacts/safety_predictive_admission_20261005/test_predictive_rows.py", line 45, in test_closing_far_row_must_be_admitted_before_instant_band
    self.assertEqual(admitted(out),[0,2])
AssertionError: Lists differ: [2] != [0, 2]

First differing element 0:
2
0

Second list contains 1 additional elements.
First extra element 1:
2

- [2]
+ [0, 2]

======================================================================
FAIL: test_missing_or_nonfinite_full_measurements_fail (__main__.Contracts.test_missing_or_nonfinite_full_measurements_fail)
----------------------------------------------------------------------
Traceback (most recent call last):
  File "/home/liyufeng/safeduo/artifacts/safety_predictive_admission_20261005/test_predictive_rows.py", line 81, in test_missing_or_nonfinite_full_measurements_fail
    with self.assertRaises(ValueError):merge(f,s,c,i)
AssertionError: ValueError not raised

======================================================================
FAIL: test_random_scalar_set_oracle_metadata_and_opening (__main__.Contracts.test_random_scalar_set_oracle_metadata_and_opening)
----------------------------------------------------------------------
Traceback (most recent call last):
  File "/home/liyufeng/safeduo/artifacts/safety_predictive_admission_20261005/test_predictive_rows.py", line 72, in test_random_scalar_set_oracle_metadata_and_opening
    self.assertEqual(admitted(out),expected)
AssertionError: Lists differ: [12, 16, 28, 48, 82, 83, 107, 108, 113, 138, 144, 154] != [3, 12, 16, 25, 28, 31, 34, 43, 46, 48, 49[75 chars] 154]

First differing element 0:
12
3

Second list contains 16 additional elements.
First extra element 12:
82

- [12, 16, 28, 48, 82, 83, 107, 108, 113, 138, 144, 154]
+ [3,
+  12,
+  16,
+  25,
+  28,
+  31,
+  34,
+  43,
+  46,
+  48,
+  49,
+  67,
+  82,
+  83,
+  92,
+  96,
+  98,
+  105,
+  107,
+  108,
+  113,
+  122,
+  134,
+  136,
+  138,
+  144,
+  153,
+  154]

----------------------------------------------------------------------
Ran 5 tests in 0.007s

FAILED (failures=5)
