{
  "status": "REJECT_CONDITIONAL_HAND_CANDIDATE",
  "run": "batch_pilot_ready",
  "registration_sha256": "7aad3f47faf1654ed0c796b5088e096112c741df03659bedc04892955e1ba936",
  "recording_receipt_sha256": "38985a44f1fec5b08ec0b931fe2038786bac7bb3eb521b8e7ae42831fb422584",
  "admission_records_sha256": "50e1bf1e083aecb4eb4d287a1c06684c64b102411b0fb2e2a0e935f42e86bf9d",
  "env_states": 1440,
  "native_cycles": 2,
  "unique_profiles": 12,
  "u_hand_paths": 4,
  "u_paths_qualified": 2,
  "executed_requests": 4,
  "executed_paths_qualified": 2,
  "denied_requests": 0,
  "denial_reasons": {},
  "denied_neutral_safe": 0,
  "original_images": 0,
  "max_target_error_rad": 5.960464477539063e-08,
  "max_accounting_error_n": 0.0,
  "max_point_reconstruction_error_n": 0.0,
  "max_vector_excess_n": 5.960464477539063e-08,
  "max_normal_count": 10,
  "max_scalar_all_partner_normal_n": 0.8396989107131958,
  "max_scalar_self_normal_n": 0.0,
  "abort_count": 2,
  "recoveries": [
    {
      "cycle": 0,
      "env": 1,
      "arm": "U_L",
      "abort_step": 167,
      "reason": "unintended_contact",
      "method": "old_v3",
      "first_six_safe_frames_end_step": 291,
      "recovery_s": 1.041625,
      "post_abort_max_n": 0.8396989107131958,
      "last_second_max_n": 0.0,
      "last_second_neutral_error_rad": 5.245208740234375e-06,
      "post_abort_contact_impulse_proxy_n_s": 0.03361048287060857,
      "contact_proxy_note": "sum over time of maximum measured sensor/partner magnitude; not total physical wrench impulse",
      "latch_cleared": false
    },
    {
      "cycle": 0,
      "env": 0,
      "arm": "U_L",
      "abort_step": 180,
      "reason": "unintended_contact",
      "method": "old_v3",
      "first_six_safe_frames_end_step": 305,
      "recovery_s": 1.049958,
      "post_abort_max_n": 0.2314746379852295,
      "last_second_max_n": 0.0,
      "last_second_neutral_error_rad": 5.036592483520508e-06,
      "post_abort_contact_impulse_proxy_n_s": 0.009098711420937615,
      "contact_proxy_note": "sum over time of maximum measured sensor/partner magnitude; not total physical wrench impulse",
      "latch_cleared": false
    }
  ],
  "point_scalar_oracle": "independent float64 prefix sums of absolute valid native point magnitudes",
  "first_post_init_physics_step_exempted": false,
  "constructor_contacts_qualified": false,
  "new_task_trials": 0,
  "system0_trials": 0,
  "unknown_rejections": 128,
  "unique_unknown_profiles": 32,
  "new_unknown_physical_paths": 0,
  "guard_paths": 0,
  "guard_safe_paths": 0,
  "guard_max_scalar_self_normal_n": 0,
  "guard_max_scalar_all_partner_normal_n": 0,
  "bypass_max_scalar_self_normal_n": 0,
  "guard_grasp_successes": 0,
  "matched_init_joint_max_abs_rad": 0.0,
  "matched_object_local_max_abs_m": 0.0,
  "matched_object_velocity_max_abs": 0.0,
  "methods": {
    "old_v3": {
      "requests": 4,
      "admitted": 4,
      "executed_qualified": 2,
      "refused": 0,
      "no_motion_requests": 0,
      "no_motion_admitted": 0,
      "moving_admitted": 4,
      "moving_executed_qualified": 2,
      "refused_neutral_safe": 0,
      "aborts": 2,
      "max_normal_n": 0.8396989107131958,
      "denial_reasons": {}
    }
  },
  "geometry_refusals": 0,
  "maximum_fk_position_error_m": 0,
  "maximum_fk_quaternion_component_error": 0,
  "geometry_schema_sha256": "35bf3bfb8920438b01fb8568392ee3d84d01a23de386c1368d906b751e57199e",
  "arm_target_max_error_rad": 0.0,
  "arm_actual_target_deviation_rad": 0.00010859966278076172
}
