{
  "date": "2026-10-08",
  "full_system0_acceptance": false,
  "new_manipulation_tasks": 0,
  "threshold_n": 0.1,
  "runs": {
    "matched_scene": {
      "status": "REJECT_CONDITIONAL_HAND_CANDIDATE",
      "u_hand_paths": 192,
      "methods": {
        "old_v3": {
          "requests": 96,
          "admitted": 69,
          "executed_qualified": 67,
          "refused": 27,
          "no_motion_requests": 8,
          "no_motion_admitted": 6,
          "moving_admitted": 63,
          "moving_executed_qualified": 61,
          "refused_neutral_safe": 27,
          "aborts": 2,
          "max_normal_n": 0.8396589756011963,
          "denial_reasons": {
            "known_unsafe_context": 5,
            "abort_latched": 22
          }
        },
        "scene_v4": {
          "requests": 96,
          "admitted": 24,
          "executed_qualified": 24,
          "refused": 72,
          "no_motion_requests": 8,
          "no_motion_admitted": 2,
          "moving_admitted": 22,
          "moving_executed_qualified": 22,
          "refused_neutral_safe": 72,
          "aborts": 0,
          "max_normal_n": 0.0,
          "denial_reasons": {
            "predicted_scene_overlap": 72
          }
        }
      },
      "env_states": 69120,
      "native_cycles": 96,
      "original_images": 360,
      "abort_count": 2,
      "geometry_refusals": 72,
      "maximum_fk_position_error_m": 7.214846995395874e-07,
      "maximum_fk_quaternion_component_error": 3.084647569318033e-07,
      "arm_actual_target_deviation_rad": 0.00010859966278076172,
      "arm_target_max_error_rad": 0.0,
      "registration_sha256": "e2472e1abeeebac403bb29ba727f7b94925fbe1ba67ba3ce6b3de51c186544f1",
      "recording_receipt_sha256": "02a12e621e3afee7b7c32f16a33bb70cdbc2af82427858086ca5f587a9ccb392",
      "geometry_schema_sha256": "6e63a656b16b260254796ec342f1e35ed156dba887f89ee6c076472209c32632",
      "references_s": [
        19.633333333333333,
        19.633333333333333,
        19.85,
        19.85,
        2.0,
        2.0,
        20.0,
        20.0
      ],
      "26_joint_marginal_span_fraction_minmax": [
        0.0017897324425249085,
        0.22248643465510373
      ]
    },
    "fresh_scene_batch": {
      "status": "PASS_CONDITIONAL_EXECUTIONS_WITH_REFUSALS",
      "u_hand_paths": 576,
      "methods": {
        "scene_v4": {
          "requests": 576,
          "admitted": 162,
          "executed_qualified": 162,
          "refused": 414,
          "no_motion_requests": 48,
          "no_motion_admitted": 14,
          "moving_admitted": 148,
          "moving_executed_qualified": 148,
          "refused_neutral_safe": 414,
          "aborts": 0,
          "max_normal_n": 0.0,
          "denial_reasons": {
            "predicted_scene_overlap": 414
          }
        }
      },
      "env_states": 207360,
      "native_cycles": 288,
      "original_images": 340,
      "abort_count": 0,
      "geometry_refusals": 414,
      "maximum_fk_position_error_m": 1.5975871079376702e-06,
      "maximum_fk_quaternion_component_error": 3.439951410388886e-07,
      "arm_actual_target_deviation_rad": 1.704692840576172e-05,
      "arm_target_max_error_rad": 0.0,
      "registration_sha256": "156b974e7d0075824b69dde4243c452767cfb46d182c482a3384d1d8488a0797",
      "recording_receipt_sha256": "2298f22d44868fd147f7e15dc604a26f733f80dc626daa8e24c289a6b6415fec",
      "geometry_schema_sha256": "2447073eab7860f2e029be35a3b75f4156eedffd32eaf8c044ae890429e0cc8a",
      "references_s": [
        3.1333333333333333,
        6.266666666666667,
        1.6166666666666667,
        3.7666666666666666,
        5.083333333333333,
        5.833333333333333,
        2.5166666666666666,
        6.566666666666666,
        12.3,
        15.0,
        12.616666666666667,
        10.2,
        11.683333333333334,
        10.183333333333334,
        12.533333333333333,
        11.116666666666667,
        17.266666666666666,
        19.566666666666666,
        19.366666666666667,
        19.45,
        23.883333333333333,
        22.533333333333335,
        18.6,
        18.183333333333334
      ],
      "26_joint_marginal_span_fraction_minmax": [
        0.012853016420153763,
        0.2700990223999178
      ]
    }
  },
  "limits": [
    "仅固定四臂姿态下的两U手空手闭合；没有新完整System0协同任务。",
    "随机的是轨迹帧；26自由度全联合限位的随机操作支持为0。",
    "12个手部目标经过旧开发筛选；动作范围没有扩展到任意48维手指组合。",
    "几何包围盒与余量可能过度拒绝；拒绝不计作完成。",
    "移动障碍、真实夹持、带载释放、图像感知及构造期接触仍未验收。",
    "重复循环、左右手及同轨迹姿态相关；不报告独立任务事故概率置信界。"
  ],
  "interrupted_attempts": [
    {
      "status": "INCOMPLETE_NOT_QUALIFIED",
      "process_exit_code": 143,
      "reason": "Process received termination signal; sender/cause unverified. No Python failure.txt or final recording receipt.",
      "completed_physics_steps": 360,
      "completed_environment_states": 8640,
      "images": 34,
      "prefix_independent_scalar_peaks_n": {
        "U_L": 0.0,
        "U_R": 0.0
      },
      "goal_ramp_return_cycle_complete": false,
      "original_chunks": [
        {
          "file": "dense_0000_0119.npz",
          "sha256": "0219f4f61a8c63991480a9020061023cebcc91a9ebcb23ea9adf68f3bb660d5d",
          "first_step": 0,
          "last_step": 119
        },
        {
          "file": "dense_0120_0239.npz",
          "sha256": "c20e5b2f1468bff77564ea0a61ffa19022a4b62b2e7e6e8aa7ab183efeae7a6e",
          "first_step": 120,
          "last_step": 239
        },
        {
          "file": "dense_0240_0359.npz",
          "sha256": "5a6d816aaaf36fde4ec8b89fd99daeef00b89346e3ba640fb52286e181b35845",
          "first_step": 240,
          "last_step": 359
        }
      ],
      "runtime_or_criteria_changed": false,
      "new_independent_contexts_on_retry": 0
    },
    {
      "status": "INTENTIONAL_STOP_INCOMPLETE_NOT_QUALIFIED",
      "reason": "Our 24-environment legacy collector progressed only 1080 of 8640 steps after 65 minutes and occupied GPU resources needed to validate the batch collector. Same frozen samples will be retried only after recorder qualification.",
      "pid": 3623355,
      "command": "/home/liyufeng/miniforge3/envs/safeduo/bin/python /home/liyufeng/safeduo/artifacts/safety_scene_geometry_gate_20261008/runtime/native_scene.py --registration /home/liyufeng/safeduo/artifacts/safety_scene_geometry_gate_20261008/REGISTRATION_FRESH_SCENE_RETRY.json --out /mnt/nas/data/lyf/double_hand/safety_scene_geometry_gate_20261008/fresh_scene_retry --headless --device cuda:0 --kit_args --/renderer/activeGpu=0 --/renderer/multiGpu/enabled=false ",
      "signal": "SIGINT",
      "created_utc": "2026-10-08T03:42:01.943856+00:00",
      "new_independent_contexts": 0,
      "completed_physics_steps": 1080,
      "completed_environment_states": 25920,
      "images": 72,
      "prefix_independent_scalar_peaks_n": {
        "U_L": 0.0,
        "U_R": 0.0
      },
      "original_chunks": [
        {
          "file": "dense_0000_0119.npz",
          "sha256": "0219f4f61a8c63991480a9020061023cebcc91a9ebcb23ea9adf68f3bb660d5d",
          "first_step": 0,
          "last_step": 119
        },
        {
          "file": "dense_0120_0239.npz",
          "sha256": "c20e5b2f1468bff77564ea0a61ffa19022a4b62b2e7e6e8aa7ab183efeae7a6e",
          "first_step": 120,
          "last_step": 239
        },
        {
          "file": "dense_0240_0359.npz",
          "sha256": "5a6d816aaaf36fde4ec8b89fd99daeef00b89346e3ba640fb52286e181b35845",
          "first_step": 240,
          "last_step": 359
        },
        {
          "file": "dense_0360_0479.npz",
          "sha256": "d1e7c55abd96f83ed359d7ac8788572c05e21c80c510236b7854238d55695015",
          "first_step": 360,
          "last_step": 479
        },
        {
          "file": "dense_0480_0599.npz",
          "sha256": "8ece7307231e55671c5f551114793c80f4d7fd382a5171f909ccbebea5fe034b",
          "first_step": 480,
          "last_step": 599
        },
        {
          "file": "dense_0600_0719.npz",
          "sha256": "db866ecb40e14cccef8977d4b6e79810c6b56e2ef50592094c151c7b0236e6d5",
          "first_step": 600,
          "last_step": 719
        },
        {
          "file": "dense_0720_0839.npz",
          "sha256": "507ec405403d5252034d214ee9275b5b07dd51d036cfb8f518a3268a5edf8751",
          "first_step": 720,
          "last_step": 839
        },
        {
          "file": "dense_0840_0959.npz",
          "sha256": "bde820f621116e3720ee1269e9f3855ee1118bf712630660acc11148951388cc",
          "first_step": 840,
          "last_step": 959
        },
        {
          "file": "dense_0960_1079.npz",
          "sha256": "8a32005844a6933094003147ea9214fa5a547c495f9e7549abfdc631ae8e66a9",
          "first_step": 960,
          "last_step": 1079
        }
      ],
      "complete_cycles": 1,
      "registered_cycles": 12,
      "qualified_experiment": false,
      "final_receipt_present": false,
      "failure_present": false
    }
  ],
  "recorder_validation": {
    "status": "PASS_ALL_RECORDED_LOCAL_POINTS_MATCH_ORIGINAL_GLOBAL_NATIVE_STREAM",
    "run": "batch_pilot_ready",
    "source_receipt_sha256": "38985a44f1fec5b08ec0b931fe2038786bac7bb3eb521b8e7ae42831fb422584",
    "source_identity_sha256": "cdc76014eaa09ea1876a85a18ff1b3775184279cf28cba713aa134f91e1c0aec",
    "legacy_identity_sha256": "5d7c08469f37e54eb5a4f793c8965977a7f30dff6acfa2f935db7dc9a2eaa589",
    "independent_sensor_filter_identity_check": true,
    "global_sensor_mapping_bijection": true,
    "all_four_hand_scalar_streams_checked": true,
    "steps": 720,
    "nonzero_sensor_partner_frames": 4805,
    "original_point_values_compared": 16485,
    "max_scalar_reconstruction_error_n": 0.0,
    "object_friction_reconstructed": true
  },
  "failed_initializations": [
    {
      "status": "FAILED_INITIALIZATION_NOT_QUALIFIED",
      "kit_exit_code": 0,
      "recording_receipt_present": false,
      "completed_qualified_steps": 0,
      "error": "Failed to get DOF velocities from backend during environment constructor; renderer reports Spatial Hash Grid GPU resource initialization failure.",
      "failure_sha256": "a8a350bf117ba567c81a7c4891edf88d3e84a29a7c91a8f0526c7e98b76d4b92"
    },
    {
      "status": "STOPPED_BOOTSTRAP_ERROR_NOT_QUALIFIED",
      "reason": "Missing original LD_PRELOAD caused extension CXXABI initialization errors. Our retry process stopped with SIGINT; exact successful environment restored for batch_pilot_ready.",
      "completed_qualified_steps": 0,
      "cleanup_signal": "SIGTERM after SIGINT did not exit initialization"
    }
  ],
  "total_native_env_states": 276480,
  "original_native_images": 700,
  "limited_empty_hand_candidate_pass": true,
  "observed_workspace": {
    "joint_dimensions": 26,
    "scope": "26 marginal joint intervals and 24 observed neutral-hand configurations only. Twenty-bin occupancies are per joint, not a 26-dimensional joint-space coverage fraction. Robot AABB distance is a conservative geometric lower bound; zero can be false overlap and is not a contact or safety finding. No motion, constructor, grasp or full System0 acceptance.",
    "six_arm_pairs": [
      {
        "arms": [
          "F_L",
          "F_R"
        ],
        "minimum_aabb_distance_lower_bound_m": 0.4080062228485639,
        "zero_aabb_distance_samples": 0
      },
      {
        "arms": [
          "F_L",
          "U_L"
        ],
        "minimum_aabb_distance_lower_bound_m": 0.7005870267088266,
        "zero_aabb_distance_samples": 0
      },
      {
        "arms": [
          "F_L",
          "U_R"
        ],
        "minimum_aabb_distance_lower_bound_m": 0.22893385015984216,
        "zero_aabb_distance_samples": 0
      },
      {
        "arms": [
          "F_R",
          "U_L"
        ],
        "minimum_aabb_distance_lower_bound_m": 0.4546168819158152,
        "zero_aabb_distance_samples": 0
      },
      {
        "arms": [
          "F_R",
          "U_R"
        ],
        "minimum_aabb_distance_lower_bound_m": 0.3996479655703047,
        "zero_aabb_distance_samples": 0
      },
      {
        "arms": [
          "U_L",
          "U_R"
        ],
        "minimum_aabb_distance_lower_bound_m": 0.0,
        "zero_aabb_distance_samples": 21
      }
    ],
    "wrist_xyz_span_m": {
      "F_L": [
        0.13275671005249023,
        0.09377384185791016,
        0.2141249179840088
      ],
      "F_R": [
        0.13306951522827148,
        0.1491384506225586,
        0.21536636352539062
      ],
      "U_L": [
        0.4899606704711914,
        0.3957538604736328,
        0.24983125925064087
      ],
      "U_R": [
        0.19365167617797852,
        0.3285953998565674,
        0.31566911935806274
      ]
    }
  },
  "paired_admission_tradeoff": {
    "paired_requests": 96,
    "scene_refused_old_qualified_paths": 43,
    "scene_refused_old_qualified_moving_paths": 39,
    "scene_admitted_old_unqualified_paths": 0,
    "scope": "Observed paired path outcomes. Other-hand behavior differs after refusal/abort; not a certified false-positive rate or counterfactual safety guarantee."
  },
  "admission_fraction": 0.28125,
  "mechanism": "USD实际碰撞尺寸与关节FK → 完整闭合路径/对侧手扫掠预测 → 动作前准入 → 原生逐点法向接触监测 → 锁存空手退回",
  "diagnostic_sha256": "b0078e745d94f633a032228362773cd3d50a54128e01e1599608979ed64c1cfd"
}
