[INFO][AppLauncher]: Using device: cuda:0
[INFO][AppLauncher]: Loading experience file: /home/liyufeng/safeduo_isaaclab/apps/isaaclab.python.headless.rendering.kit
Loading user config located at: '/home/liyufeng/miniforge3/envs/safeduo/lib/python3.11/site-packages/isaacsim/kit/data/Kit/Isaac-Sim/5.1/user.config.json'
[Info] [carb] Logging to file: /home/liyufeng/miniforge3/envs/safeduo/lib/python3.11/site-packages/isaacsim/kit/logs/Kit/Isaac-Sim/5.1/kit_20261008_122140.log
2026-10-08T04:21:41Z [237ms] [Warning] [carb.windowing-glfw.plugin] GLFW initialization failed.
2026-10-08T04:21:41Z [237ms] [Warning] [carb] Failed to startup plugin carb.windowing-glfw.plugin (interfaces: [carb::windowing::IGLContext v1.0],[carb::windowing::IWindowing v1.5]) (impl: carb.windowing-glfw.plugin)
2026-10-08T04:21:41Z [265ms] [Warning] [omni.platforminfo.plugin] failed to open the default display.  Can't verify X Server version.
2026-10-08T04:21:41Z [270ms] [Warning] [carb.cudainterop.plugin] CUDA_VISIBLE_DEVICES environment variable is set.
2026-10-08T04:21:41Z [271ms] [Warning] [carb.cudainterop.plugin] Note CUDA device enumeration and Omniverse device enumeration are different.
2026-10-08T04:21:41Z [271ms] [Warning] [carb.cudainterop.plugin] Setting CUDA_VISIBLE_DEVICES can lead to undesired behavior or crashes.
2026-10-08T04:21:41Z [528ms] [Warning] [carb.windowing-glfw.plugin] GLFW initialization failed.
2026-10-08T04:21:41Z [528ms] [Warning] [carb] Failed to startup plugin carb.windowing-glfw.plugin (interfaces: [carb::windowing::IGLContext v1.0],[carb::windowing::IWindowing v1.5]) (impl: carb.windowing-glfw.plugin)

|---------------------------------------------------------------------------------------------|
| Driver Version: 570.124.06    | Graphics API: Vulkan
|=============================================================================================|
| GPU | Name                             | Active | LDA | GPU Memory | Vendor-ID | LUID       |
|     |                                  |        |     |            | Device-ID | UUID       |
|     |                                  |        |     |            | Bus-ID    |            |
|---------------------------------------------------------------------------------------------|
| 0   | NVIDIA GeForce RTX 5090          | Yes: 0 |     | 32607   MB | 10de      | 0          |
|     |                                  |        |     |            | 2b85      | b129224c.. |
|     |                                  |        |     |            | 41        |            |
|---------------------------------------------------------------------------------------------|
| 1   | NVIDIA GeForce RTX 5090          |        |     | 32607   MB | 10de      | 0          |
|     |                                  |        |     |            | 2b85      | 828bb172.. |
|     |                                  |        |     |            | 81        |            |
|=============================================================================================|
| OS: 22.04.5 LTS (Jammy Jellyfish) ubuntu, Version: 22.04.5, Kernel: 6.8.0-138-generic
| Processor: AMD Ryzen Threadripper 7960X 24-Cores
| Cores: 24 | Logical Cores: 48
|---------------------------------------------------------------------------------------------|
| Total Memory (MB): 257228 | Free Memory: 41902
| Total Page/Swap (MB): 131071 | Free Page/Swap: 0
|---------------------------------------------------------------------------------------------|
2026-10-08T04:21:42Z [1,357ms] [Warning] [gpu.foundation.plugin] PCIe link width current (2) and maximum (16) for device 0 don't match.
2026-10-08T04:21:42Z [1,357ms] [Warning] [gpu.foundation.plugin] IOMMU is enabled.
2026-10-08T04:21:42Z [1,357ms] [Warning] [gpu.foundation.plugin] Detected IOMMU is enabled. Running CUDA peer-to-peer bandwidth and latency validation.
Unidirectional P2P=Enabled Bandwidth (P2P Writes) Matrix (GB/s)
   D\D     0      1 
     0 1531.86   6.41 
     1   6.20 1550.10 
P2P=Enabled Latency (P2P Writes) Matrix (us)
   GPU     0      1 
     0   2.36  14.32 
     1  13.82   2.10 

   CPU     0      1 
     0   2.15   5.03 
     1   4.93   1.69 
2026-10-08T04:21:42Z [1,643ms] [Warning] [gpu.foundation.plugin] CUDA peer-to-peer observed bandwidth: 6.2 GB/s.
2026-10-08T04:21:42Z [1,643ms] [Warning] [gpu.foundation.plugin] CUDA peer-to-peer observed latency: 14.3 us.
2026-10-08T04:21:42Z [1,643ms] [Warning] [gpu.foundation.plugin] Please verify if observed bandwidth and latency are expected.
2026-10-08T04:21:43Z [2,314ms] [Warning] [carb.windowing-glfw.plugin] GLFW initialization failed.
2026-10-08T04:21:43Z [2,314ms] [Warning] [carb] Failed to startup plugin carb.windowing-glfw.plugin (interfaces: [carb::windowing::IGLContext v1.0],[carb::windowing::IWindowing v1.5]) (impl: carb.windowing-glfw.plugin)
2026-10-08T04:21:43Z [2,339ms] [Warning] [carb.windowing-glfw.plugin] GLFW initialization failed.
2026-10-08T04:21:43Z [2,339ms] [Warning] [carb] Failed to startup plugin carb.windowing-glfw.plugin (interfaces: [carb::windowing::IGLContext v1.0],[carb::windowing::IWindowing v1.5]) (impl: carb.windowing-glfw.plugin)
2026-10-08T04:21:43Z [2,349ms] [Warning] [carb.windowing-glfw.plugin] GLFW initialization failed.
2026-10-08T04:21:43Z [2,349ms] [Warning] [carb] Failed to startup plugin carb.windowing-glfw.plugin (interfaces: [carb::windowing::IGLContext v1.0],[carb::windowing::IWindowing v1.5]) (impl: carb.windowing-glfw.plugin)
2026-10-08T04:21:43Z [2,359ms] [Warning] [carb.windowing-glfw.plugin] GLFW initialization failed.
2026-10-08T04:21:43Z [2,359ms] [Warning] [carb] Failed to startup plugin carb.windowing-glfw.plugin (interfaces: [carb::windowing::IGLContext v1.0],[carb::windowing::IWindowing v1.5]) (impl: carb.windowing-glfw.plugin)
2026-10-08T04:21:43Z [2,361ms] [Warning] [carb.windowing-glfw.plugin] GLFW initialization failed.
2026-10-08T04:21:43Z [2,361ms] [Warning] [carb] Failed to startup plugin carb.windowing-glfw.plugin (interfaces: [carb::windowing::IGLContext v1.0],[carb::windowing::IWindowing v1.5]) (impl: carb.windowing-glfw.plugin)
2026-10-08T04:21:43Z [2,362ms] [Warning] [carb.windowing-glfw.plugin] GLFW initialization failed.
2026-10-08T04:21:43Z [2,362ms] [Warning] [carb] Failed to startup plugin carb.windowing-glfw.plugin (interfaces: [carb::windowing::IGLContext v1.0],[carb::windowing::IWindowing v1.5]) (impl: carb.windowing-glfw.plugin)
2026-10-08T04:21:43Z [2,559ms] [Warning] [omni.log] Source: omni.hydra was already registered.
2026-10-08T04:21:43Z [2,887ms] [Warning] [carb] Acquiring non optional plugin interface which is not listed as dependency: [omni::physx::IPhysxBenchmarks v1.0] (plugin: <default plugin>), by client: omni.physics.physx.plugin. Add it to CARB_PLUGIN_IMPL_DEPS() macro of a client.
2026-10-08T04:21:43Z [2,897ms] [Warning] [omni.isaac.dynamic_control] omni.isaac.dynamic_control is deprecated as of Isaac Sim 4.5. No action is needed from end-users.
2026-10-08T04:21:47Z [6,194ms] [Warning] [pxr.Semantics] pxr.Semantics is deprecated - please use Semantics instead
2026-10-08T04:21:47Z [6,321ms] [Warning] [omni.graph.core.plugin] Found duplicate of category 'Replicator' - was 'Annotators', adding 'Fabric Reader'
2026-10-08T04:21:47Z [6,322ms] [Warning] [omni.graph.core.plugin] Category 'Replicator' not accepted on node type 'omni.replicator.core.FabricReader' in extension 'omni.replicator.core'
2026-10-08T04:21:47Z [6,322ms] [Warning] [omni.replicator.core.scripts.extension] No material configuration file, adding configuration to material settings directly.
2026-10-08T04:21:50Z [9,948ms] [Warning] [omni.fabric.plugin] Warning: attribute viewportHandle not found for bucket id 7


[36m======================================================================================[0m
[36m[1m[INFO][IsaacLab]: Logging to file: /tmp/isaaclab/logs/isaaclab_2026-10-08_12-21-51.log[0m
[36m======================================================================================[0m

[33m12:21:51 [simulation_context.py] WARNING: The `enable_external_forces_every_iteration` parameter in the PhysxCfg is set to False. If you are experiencing noisy velocities, consider enabling this flag. You may need to slightly increase the number of velocity iterations (setting it to 1 or 2 rather than 0), together with this flag, to improve the accuracy of velocity updates.[0m
[INFO]: Base environment:
	Environment device    : cuda:0
	Environment seed      : 90610761
	Physics step-size     : 0.008333
	Rendering step-size   : 0.016666
	Environment step-size : 0.016666
[33m12:21:54 [prims.py] WARNING: Could not perform 'modify_collision_properties' on any prims under: '/World/envs/env_0/Prop_nist_board'. This might be because of the following reasons:
	(1) The desired attribute does not exist on any of the prims.
	(2) The desired attribute exists on an instanced prim.
		Discovered list of instanced prim paths: ['/World/envs/env_0/Prop_nist_board/visuals', '/World/envs/env_0/Prop_nist_board/collisions'][0m
R35_HAND_TORSION de-instanced hand collision scopes: 50
R35_HAND_TORSION radius=0.02 min=0.01 collision_prims=128
R34_MESH_OBJECT /World/envs/env_0/Obj_beam700: friction 1.5/1.2 on 1 materials, 0 glass meshes rebound, 0 opacity inputs disabled
R34_MESH_OBJECT /World/envs/env_0/Obj_beam300: friction 1.5/1.2 on 1 materials, 0 glass meshes rebound, 0 opacity inputs disabled
[INFO]: Time taken for scene creation : 3.888627 seconds
[INFO]: Scene manager:  <class InteractiveScene>
	Number of environments: 1
	Environment spacing   : 5.0
	Source prim name      : /World/envs/env_0
	Global prim paths     : ['/World/ground']
	Replicate physics     : True
[INFO]: Starting the simulation. This may take a few seconds. Please wait...
2026-10-08T04:24:00Z [139,349ms] [Warning] [omni.fabric.plugin] getAttributeCount called on non-existent path /World/envs/env_0/U_R/wrist_3_link/visuals/wrist3/Scene
2026-10-08T04:24:00Z [139,349ms] [Warning] [omni.fabric.plugin] getTypes called on non-existent path /World/envs/env_0/U_R/wrist_3_link/visuals/wrist3/Scene
2026-10-08T04:24:01Z [140,622ms] [Error] [omni.hydra] [UsdToMdl] Prim '/__Fabric_StageInfo/MaterialPool/mat_3ee0483c/Shader' parameter 'normalmap_texture': References an asset that can not be found: 'omniverse://simready.ov.nvidia.com/Projects/Groot_Content/Material%20Library/Plastic/Textures/T_Plastic_Blue_A_Normal.png'
2026-10-08T04:24:01Z [140,622ms] [Error] [omni.hydra] [UsdToMdl] Prim '/__Fabric_StageInfo/MaterialPool/mat_3ee0483c/Shader' parameter 'diffuse_texture': References an asset that can not be found: 'omniverse://simready.ov.nvidia.com/Projects/Groot_Content/Material%20Library/Plastic/Textures/T_Plastic_Blue_A_Albedo.png'
2026-10-08T04:24:01Z [140,622ms] [Error] [omni.hydra] [UsdToMdl] Prim '/__Fabric_StageInfo/MaterialPool/mat_3ee0483c/Shader' parameter 'ORM_texture': References an asset that can not be found: 'omniverse://simready.ov.nvidia.com/Projects/Groot_Content/Material%20Library/Plastic/Textures/T_Plastic_Blue_A_ORM.png'
2026-10-08T04:24:01Z [140,622ms] [Error] [omni.hydra] [UsdToMdl] Prim '/__Fabric_StageInfo/MaterialPool/mat_3ee0483c/Shader' parameter 'ORM_texture': References an asset that can not be found: 'omniverse://simready.ov.nvidia.com/Projects/Groot_Content/Material%20Library/Plastic/Textures/T_Plastic_Blue_A_ORM.png'
2026-10-08T04:24:01Z [140,622ms] [Error] [omni.hydra] [UsdToMdl] Prim '/__Fabric_StageInfo/MaterialPool/mat_3ee0483c/Shader' parameter 'diffuse_texture': References an asset that can not be found: 'omniverse://simready.ov.nvidia.com/Projects/Groot_Content/Material%20Library/Plastic/Textures/T_Plastic_Blue_A_Albedo.png'
2026-10-08T04:24:01Z [140,622ms] [Error] [omni.hydra] [UsdToMdl] Prim '/__Fabric_StageInfo/MaterialPool/mat_3ee0483c/Shader' parameter 'normalmap_texture': References an asset that can not be found: 'omniverse://simready.ov.nvidia.com/Projects/Groot_Content/Material%20Library/Plastic/Textures/T_Plastic_Blue_A_Normal.png'
2026-10-08T04:24:01Z [140,625ms] [Error] [omni.hydra] [UsdToMdl] Prim '/__Fabric_StageInfo/MaterialPool/mat_5b9f5132/Shader' parameter 'normalmap_texture': References an asset that can not be found: 'omniverse://simready.ov.nvidia.com/Projects/Groot_Content/Material%20Library/Plastic/Textures/T_Plastic_Glossy_White_A_Normal.png'
2026-10-08T04:24:01Z [140,625ms] [Error] [omni.hydra] [UsdToMdl] Prim '/__Fabric_StageInfo/MaterialPool/mat_5b9f5132/Shader' parameter 'diffuse_texture': References an asset that can not be found: 'omniverse://simready.ov.nvidia.com/Projects/Groot_Content/Material%20Library/Plastic/Textures/T_Plastic_Glossy_White_A_Albedo.png'
2026-10-08T04:24:01Z [140,625ms] [Error] [omni.hydra] [UsdToMdl] Prim '/__Fabric_StageInfo/MaterialPool/mat_5b9f5132/Shader' parameter 'ORM_texture': References an asset that can not be found: 'omniverse://simready.ov.nvidia.com/Projects/Groot_Content/Material%20Library/Plastic/Textures/T_Plastic_Glossy_White_A_ORM.png'
2026-10-08T04:24:01Z [140,625ms] [Error] [omni.hydra] [UsdToMdl] Prim '/__Fabric_StageInfo/MaterialPool/mat_5b9f5132/Shader' parameter 'ORM_texture': References an asset that can not be found: 'omniverse://simready.ov.nvidia.com/Projects/Groot_Content/Material%20Library/Plastic/Textures/T_Plastic_Glossy_White_A_ORM.png'
2026-10-08T04:24:01Z [140,625ms] [Error] [omni.hydra] [UsdToMdl] Prim '/__Fabric_StageInfo/MaterialPool/mat_5b9f5132/Shader' parameter 'diffuse_texture': References an asset that can not be found: 'omniverse://simready.ov.nvidia.com/Projects/Groot_Content/Material%20Library/Plastic/Textures/T_Plastic_Glossy_White_A_Albedo.png'
2026-10-08T04:24:01Z [140,626ms] [Error] [omni.hydra] [UsdToMdl] Prim '/__Fabric_StageInfo/MaterialPool/mat_5b9f5132/Shader' parameter 'normalmap_texture': References an asset that can not be found: 'omniverse://simready.ov.nvidia.com/Projects/Groot_Content/Material%20Library/Plastic/Textures/T_Plastic_Glossy_White_A_Normal.png'
2026-10-08T04:24:01Z [140,659ms] [Error] [omni.hydra] [UsdToMdl] Prim '/__Fabric_StageInfo/MaterialPool/mat_c740d1a8/Shader' parameter 'normalmap_texture': References an asset that can not be found: 'omniverse://simready.ov.nvidia.com/Projects/Groot_Content/Material%20Library/Rubber/Textures/T_Rubber_Black_Glossy_A_Normal.png'
2026-10-08T04:24:01Z [140,659ms] [Error] [omni.hydra] [UsdToMdl] Prim '/__Fabric_StageInfo/MaterialPool/mat_c740d1a8/Shader' parameter 'diffuse_texture': References an asset that can not be found: 'omniverse://simready.ov.nvidia.com/Projects/Groot_Content/Material%20Library/Rubber/Textures/T_Rubber_Black_Glossy_A_Albedo.png'
2026-10-08T04:24:01Z [140,659ms] [Error] [omni.hydra] [UsdToMdl] Prim '/__Fabric_StageInfo/MaterialPool/mat_c740d1a8/Shader' parameter 'ORM_texture': References an asset that can not be found: 'omniverse://simready.ov.nvidia.com/Projects/Groot_Content/Material%20Library/Rubber/Textures/T_Rubber_Black_Glossy_A_ORM.png'
2026-10-08T04:24:01Z [140,659ms] [Error] [omni.hydra] [UsdToMdl] Prim '/__Fabric_StageInfo/MaterialPool/mat_c740d1a8/Shader' parameter 'ORM_texture': References an asset that can not be found: 'omniverse://simready.ov.nvidia.com/Projects/Groot_Content/Material%20Library/Rubber/Textures/T_Rubber_Black_Glossy_A_ORM.png'
2026-10-08T04:24:01Z [140,659ms] [Error] [omni.hydra] [UsdToMdl] Prim '/__Fabric_StageInfo/MaterialPool/mat_c740d1a8/Shader' parameter 'diffuse_texture': References an asset that can not be found: 'omniverse://simready.ov.nvidia.com/Projects/Groot_Content/Material%20Library/Rubber/Textures/T_Rubber_Black_Glossy_A_Albedo.png'
2026-10-08T04:24:01Z [140,659ms] [Error] [omni.hydra] [UsdToMdl] Prim '/__Fabric_StageInfo/MaterialPool/mat_c740d1a8/Shader' parameter 'normalmap_texture': References an asset that can not be found: 'omniverse://simready.ov.nvidia.com/Projects/Groot_Content/Material%20Library/Rubber/Textures/T_Rubber_Black_Glossy_A_Normal.png'
2026-10-08T04:24:01Z [140,664ms] [Error] [omni.hydra] [UsdToMdl] Prim '/__Fabric_StageInfo/MaterialPool/mat_48ec6003/Shader' parameter 'normalmap_texture': References an asset that can not be found: 'omniverse://simready.ov.nvidia.com/Projects/Groot_Content/Material%20Library/Rubber/Textures/T_Rubber_Black_Glossy_A_Normal.png'
2026-10-08T04:24:01Z [140,664ms] [Error] [omni.hydra] [UsdToMdl] Prim '/__Fabric_StageInfo/MaterialPool/mat_48ec6003/Shader' parameter 'diffuse_texture': References an asset that can not be found: 'omniverse://simready.ov.nvidia.com/Projects/Groot_Content/Material%20Library/Rubber/Textures/T_Rubber_Black_Glossy_A_Albedo.png'
2026-10-08T04:24:01Z [140,664ms] [Error] [omni.hydra] [UsdToMdl] Prim '/__Fabric_StageInfo/MaterialPool/mat_48ec6003/Shader' parameter 'ORM_texture': References an asset that can not be found: 'omniverse://simready.ov.nvidia.com/Projects/Groot_Content/Material%20Library/Rubber/Textures/T_Rubber_Black_Glossy_A_ORM.png'
2026-10-08T04:24:01Z [140,664ms] [Error] [omni.hydra] [UsdToMdl] Prim '/__Fabric_StageInfo/MaterialPool/mat_48ec6003/Shader' parameter 'ORM_texture': References an asset that can not be found: 'omniverse://simready.ov.nvidia.com/Projects/Groot_Content/Material%20Library/Rubber/Textures/T_Rubber_Black_Glossy_A_ORM.png'
2026-10-08T04:24:01Z [140,664ms] [Error] [omni.hydra] [UsdToMdl] Prim '/__Fabric_StageInfo/MaterialPool/mat_48ec6003/Shader' parameter 'diffuse_texture': References an asset that can not be found: 'omniverse://simready.ov.nvidia.com/Projects/Groot_Content/Material%20Library/Rubber/Textures/T_Rubber_Black_Glossy_A_Albedo.png'
2026-10-08T04:24:01Z [140,664ms] [Error] [omni.hydra] [UsdToMdl] Prim '/__Fabric_StageInfo/MaterialPool/mat_48ec6003/Shader' parameter 'normalmap_texture': References an asset that can not be found: 'omniverse://simready.ov.nvidia.com/Projects/Groot_Content/Material%20Library/Rubber/Textures/T_Rubber_Black_Glossy_A_Normal.png'
2026-10-08T04:24:01Z [140,665ms] [Error] [omni.hydra] [UsdToMdl] Prim '/__Fabric_StageInfo/MaterialPool/mat_540c60c2/Shader' parameter 'normalmap_texture': References an asset that can not be found: 'omniverse://simready.ov.nvidia.com/Projects/Groot_Content/Material%20Library/Plastic/Textures/T_Plastic_Glossy_White_A_Normal.png'
2026-10-08T04:24:01Z [140,666ms] [Error] [omni.hydra] [UsdToMdl] Prim '/__Fabric_StageInfo/MaterialPool/mat_540c60c2/Shader' parameter 'diffuse_texture': References an asset that can not be found: 'omniverse://simready.ov.nvidia.com/Projects/Groot_Content/Material%20Library/Plastic/Textures/T_Plastic_Glossy_White_A_Albedo.png'
2026-10-08T04:24:01Z [140,666ms] [Error] [omni.hydra] [UsdToMdl] Prim '/__Fabric_StageInfo/MaterialPool/mat_540c60c2/Shader' parameter 'ORM_texture': References an asset that can not be found: 'omniverse://simready.ov.nvidia.com/Projects/Groot_Content/Material%20Library/Plastic/Textures/T_Plastic_Glossy_White_A_ORM.png'
2026-10-08T04:24:01Z [140,666ms] [Error] [omni.hydra] [UsdToMdl] Prim '/__Fabric_StageInfo/MaterialPool/mat_540c60c2/Shader' parameter 'ORM_texture': References an asset that can not be found: 'omniverse://simready.ov.nvidia.com/Projects/Groot_Content/Material%20Library/Plastic/Textures/T_Plastic_Glossy_White_A_ORM.png'
2026-10-08T04:24:01Z [140,666ms] [Error] [omni.hydra] [UsdToMdl] Prim '/__Fabric_StageInfo/MaterialPool/mat_540c60c2/Shader' parameter 'diffuse_texture': References an asset that can not be found: 'omniverse://simready.ov.nvidia.com/Projects/Groot_Content/Material%20Library/Plastic/Textures/T_Plastic_Glossy_White_A_Albedo.png'
2026-10-08T04:24:01Z [140,666ms] [Error] [omni.hydra] [UsdToMdl] Prim '/__Fabric_StageInfo/MaterialPool/mat_540c60c2/Shader' parameter 'normalmap_texture': References an asset that can not be found: 'omniverse://simready.ov.nvidia.com/Projects/Groot_Content/Material%20Library/Plastic/Textures/T_Plastic_Glossy_White_A_Normal.png'
2026-10-08T04:24:01Z [140,689ms] [Error] [omni.hydra] [UsdToMdl] Prim '/__Fabric_StageInfo/MaterialPool/mat_fcc81cba/Shader' parameter 'normalmap_texture': References an asset that can not be found: 'omniverse://simready.ov.nvidia.com/Projects/Groot_Content/Material%20Library/Plastic/Textures/T_Plastic_Black_A_Normal.png'
2026-10-08T04:24:01Z [140,689ms] [Error] [omni.hydra] [UsdToMdl] Prim '/__Fabric_StageInfo/MaterialPool/mat_fcc81cba/Shader' parameter 'diffuse_texture': References an asset that can not be found: 'omniverse://simready.ov.nvidia.com/Projects/Groot_Content/Material%20Library/Plastic/Textures/T_Plastic_Black_A_Albedo.png'
2026-10-08T04:24:01Z [140,689ms] [Error] [omni.hydra] [UsdToMdl] Prim '/__Fabric_StageInfo/MaterialPool/mat_fcc81cba/Shader' parameter 'ORM_texture': References an asset that can not be found: 'omniverse://simready.ov.nvidia.com/Projects/Groot_Content/Material%20Library/Plastic/Textures/T_Plastic_Black_A_ORM.png'
2026-10-08T04:24:01Z [140,689ms] [Error] [omni.hydra] [UsdToMdl] Prim '/__Fabric_StageInfo/MaterialPool/mat_fcc81cba/Shader' parameter 'ORM_texture': References an asset that can not be found: 'omniverse://simready.ov.nvidia.com/Projects/Groot_Content/Material%20Library/Plastic/Textures/T_Plastic_Black_A_ORM.png'
2026-10-08T04:24:01Z [140,690ms] [Error] [omni.hydra] [UsdToMdl] Prim '/__Fabric_StageInfo/MaterialPool/mat_fcc81cba/Shader' parameter 'diffuse_texture': References an asset that can not be found: 'omniverse://simready.ov.nvidia.com/Projects/Groot_Content/Material%20Library/Plastic/Textures/T_Plastic_Black_A_Albedo.png'
2026-10-08T04:24:01Z [140,690ms] [Error] [omni.hydra] [UsdToMdl] Prim '/__Fabric_StageInfo/MaterialPool/mat_fcc81cba/Shader' parameter 'normalmap_texture': References an asset that can not be found: 'omniverse://simready.ov.nvidia.com/Projects/Groot_Content/Material%20Library/Plastic/Textures/T_Plastic_Black_A_Normal.png'
2026-10-08T04:24:01Z [140,692ms] [Error] [omni.hydra] [UsdToMdl] Prim '/__Fabric_StageInfo/MaterialPool/mat_ad3fc82a/Shader' parameter 'normalmap_texture': References an asset that can not be found: 'omniverse://simready.ov.nvidia.com/Projects/Groot_Content/Material%20Library/Metal/Textures/T_Steel_StainlessScratched_A1_Normal.png'
2026-10-08T04:24:01Z [140,692ms] [Error] [omni.hydra] [UsdToMdl] Prim '/__Fabric_StageInfo/MaterialPool/mat_ad3fc82a/Shader' parameter 'diffuse_texture': References an asset that can not be found: 'omniverse://simready.ov.nvidia.com/Projects/Groot_Content/Material%20Library/Metal/Textures/T_Steel_StainlessScratched_A1_Albedo.png'
2026-10-08T04:24:01Z [140,692ms] [Error] [omni.hydra] [UsdToMdl] Prim '/__Fabric_StageInfo/MaterialPool/mat_ad3fc82a/Shader' parameter 'ORM_texture': References an asset that can not be found: 'omniverse://simready.ov.nvidia.com/Projects/Groot_Content/Material%20Library/Metal/Textures/T_Steel_StainlessScratched_A1_ORM.png'
2026-10-08T04:24:01Z [140,692ms] [Error] [omni.hydra] [UsdToMdl] Prim '/__Fabric_StageInfo/MaterialPool/mat_ad3fc82a/Shader' parameter 'ORM_texture': References an asset that can not be found: 'omniverse://simready.ov.nvidia.com/Projects/Groot_Content/Material%20Library/Metal/Textures/T_Steel_StainlessScratched_A1_ORM.png'
2026-10-08T04:24:01Z [140,692ms] [Error] [omni.hydra] [UsdToMdl] Prim '/__Fabric_StageInfo/MaterialPool/mat_ad3fc82a/Shader' parameter 'diffuse_texture': References an asset that can not be found: 'omniverse://simready.ov.nvidia.com/Projects/Groot_Content/Material%20Library/Metal/Textures/T_Steel_StainlessScratched_A1_Albedo.png'
2026-10-08T04:24:01Z [140,693ms] [Error] [omni.hydra] [UsdToMdl] Prim '/__Fabric_StageInfo/MaterialPool/mat_ad3fc82a/Shader' parameter 'normalmap_texture': References an asset that can not be found: 'omniverse://simready.ov.nvidia.com/Projects/Groot_Content/Material%20Library/Metal/Textures/T_Steel_StainlessScratched_A1_Normal.png'
2026-10-08T04:24:01Z [141,053ms] [Error] [omni.hydra] [UsdToMdl] Prim '/__Fabric_StageInfo/MaterialPool/mat_3ee0483c/Shader' parameter 'normalmap_texture': References an asset that can not be found: 'omniverse://simready.ov.nvidia.com/Projects/Groot_Content/Material%20Library/Plastic/Textures/T_Plastic_Blue_A_Normal.png'
2026-10-08T04:24:01Z [141,053ms] [Error] [omni.hydra] [UsdToMdl] Prim '/__Fabric_StageInfo/MaterialPool/mat_3ee0483c/Shader' parameter 'ORM_texture': References an asset that can not be found: 'omniverse://simready.ov.nvidia.com/Projects/Groot_Content/Material%20Library/Plastic/Textures/T_Plastic_Blue_A_ORM.png'
2026-10-08T04:24:01Z [141,053ms] [Error] [omni.hydra] [UsdToMdl] Prim '/__Fabric_StageInfo/MaterialPool/mat_3ee0483c/Shader' parameter 'diffuse_texture': References an asset that can not be found: 'omniverse://simready.ov.nvidia.com/Projects/Groot_Content/Material%20Library/Plastic/Textures/T_Plastic_Blue_A_Albedo.png'
2026-10-08T04:24:01Z [141,053ms] [Error] [omni.hydra] [UsdToMdl] Prim '/__Fabric_StageInfo/MaterialPool/mat_5b9f5132/Shader' parameter 'normalmap_texture': References an asset that can not be found: 'omniverse://simready.ov.nvidia.com/Projects/Groot_Content/Material%20Library/Plastic/Textures/T_Plastic_Glossy_White_A_Normal.png'
2026-10-08T04:24:01Z [141,053ms] [Error] [omni.hydra] [UsdToMdl] Prim '/__Fabric_StageInfo/MaterialPool/mat_5b9f5132/Shader' parameter 'ORM_texture': References an asset that can not be found: 'omniverse://simready.ov.nvidia.com/Projects/Groot_Content/Material%20Library/Plastic/Textures/T_Plastic_Glossy_White_A_ORM.png'
2026-10-08T04:24:01Z [141,053ms] [Error] [omni.hydra] [UsdToMdl] Prim '/__Fabric_StageInfo/MaterialPool/mat_5b9f5132/Shader' parameter 'diffuse_texture': References an asset that can not be found: 'omniverse://simready.ov.nvidia.com/Projects/Groot_Content/Material%20Library/Plastic/Textures/T_Plastic_Glossy_White_A_Albedo.png'
2026-10-08T04:24:01Z [141,055ms] [Error] [omni.hydra] [UsdToMdl] Prim '/__Fabric_StageInfo/MaterialPool/mat_c740d1a8/Shader' parameter 'normalmap_texture': References an asset that can not be found: 'omniverse://simready.ov.nvidia.com/Projects/Groot_Content/Material%20Library/Rubber/Textures/T_Rubber_Black_Glossy_A_Normal.png'
2026-10-08T04:24:01Z [141,055ms] [Error] [omni.hydra] [UsdToMdl] Prim '/__Fabric_StageInfo/MaterialPool/mat_c740d1a8/Shader' parameter 'ORM_texture': References an asset that can not be found: 'omniverse://simready.ov.nvidia.com/Projects/Groot_Content/Material%20Library/Rubber/Textures/T_Rubber_Black_Glossy_A_ORM.png'
2026-10-08T04:24:01Z [141,055ms] [Error] [omni.hydra] [UsdToMdl] Prim '/__Fabric_StageInfo/MaterialPool/mat_c740d1a8/Shader' parameter 'diffuse_texture': References an asset that can not be found: 'omniverse://simready.ov.nvidia.com/Projects/Groot_Content/Material%20Library/Rubber/Textures/T_Rubber_Black_Glossy_A_Albedo.png'
2026-10-08T04:24:01Z [141,055ms] [Error] [omni.hydra] [UsdToMdl] Prim '/__Fabric_StageInfo/MaterialPool/mat_48ec6003/Shader' parameter 'normalmap_texture': References an asset that can not be found: 'omniverse://simready.ov.nvidia.com/Projects/Groot_Content/Material%20Library/Rubber/Textures/T_Rubber_Black_Glossy_A_Normal.png'
2026-10-08T04:24:01Z [141,055ms] [Error] [omni.hydra] [UsdToMdl] Prim '/__Fabric_StageInfo/MaterialPool/mat_48ec6003/Shader' parameter 'ORM_texture': References an asset that can not be found: 'omniverse://simready.ov.nvidia.com/Projects/Groot_Content/Material%20Library/Rubber/Textures/T_Rubber_Black_Glossy_A_ORM.png'
2026-10-08T04:24:01Z [141,055ms] [Error] [omni.hydra] [UsdToMdl] Prim '/__Fabric_StageInfo/MaterialPool/mat_48ec6003/Shader' parameter 'diffuse_texture': References an asset that can not be found: 'omniverse://simready.ov.nvidia.com/Projects/Groot_Content/Material%20Library/Rubber/Textures/T_Rubber_Black_Glossy_A_Albedo.png'
2026-10-08T04:24:01Z [141,055ms] [Error] [omni.hydra] [UsdToMdl] Prim '/__Fabric_StageInfo/MaterialPool/mat_540c60c2/Shader' parameter 'normalmap_texture': References an asset that can not be found: 'omniverse://simready.ov.nvidia.com/Projects/Groot_Content/Material%20Library/Plastic/Textures/T_Plastic_Glossy_White_A_Normal.png'
2026-10-08T04:24:01Z [141,055ms] [Error] [omni.hydra] [UsdToMdl] Prim '/__Fabric_StageInfo/MaterialPool/mat_540c60c2/Shader' parameter 'ORM_texture': References an asset that can not be found: 'omniverse://simready.ov.nvidia.com/Projects/Groot_Content/Material%20Library/Plastic/Textures/T_Plastic_Glossy_White_A_ORM.png'
2026-10-08T04:24:01Z [141,055ms] [Error] [omni.hydra] [UsdToMdl] Prim '/__Fabric_StageInfo/MaterialPool/mat_540c60c2/Shader' parameter 'diffuse_texture': References an asset that can not be found: 'omniverse://simready.ov.nvidia.com/Projects/Groot_Content/Material%20Library/Plastic/Textures/T_Plastic_Glossy_White_A_Albedo.png'
2026-10-08T04:24:01Z [141,057ms] [Error] [omni.hydra] [UsdToMdl] Prim '/__Fabric_StageInfo/MaterialPool/mat_fcc81cba/Shader' parameter 'normalmap_texture': References an asset that can not be found: 'omniverse://simready.ov.nvidia.com/Projects/Groot_Content/Material%20Library/Plastic/Textures/T_Plastic_Black_A_Normal.png'
2026-10-08T04:24:01Z [141,057ms] [Error] [omni.hydra] [UsdToMdl] Prim '/__Fabric_StageInfo/MaterialPool/mat_fcc81cba/Shader' parameter 'ORM_texture': References an asset that can not be found: 'omniverse://simready.ov.nvidia.com/Projects/Groot_Content/Material%20Library/Plastic/Textures/T_Plastic_Black_A_ORM.png'
2026-10-08T04:24:01Z [141,057ms] [Error] [omni.hydra] [UsdToMdl] Prim '/__Fabric_StageInfo/MaterialPool/mat_fcc81cba/Shader' parameter 'diffuse_texture': References an asset that can not be found: 'omniverse://simready.ov.nvidia.com/Projects/Groot_Content/Material%20Library/Plastic/Textures/T_Plastic_Black_A_Albedo.png'
2026-10-08T04:24:01Z [141,057ms] [Error] [omni.hydra] [UsdToMdl] Prim '/__Fabric_StageInfo/MaterialPool/mat_ad3fc82a/Shader' parameter 'normalmap_texture': References an asset that can not be found: 'omniverse://simready.ov.nvidia.com/Projects/Groot_Content/Material%20Library/Metal/Textures/T_Steel_StainlessScratched_A1_Normal.png'
2026-10-08T04:24:01Z [141,057ms] [Error] [omni.hydra] [UsdToMdl] Prim '/__Fabric_StageInfo/MaterialPool/mat_ad3fc82a/Shader' parameter 'ORM_texture': References an asset that can not be found: 'omniverse://simready.ov.nvidia.com/Projects/Groot_Content/Material%20Library/Metal/Textures/T_Steel_StainlessScratched_A1_ORM.png'
2026-10-08T04:24:01Z [141,057ms] [Error] [omni.hydra] [UsdToMdl] Prim '/__Fabric_StageInfo/MaterialPool/mat_ad3fc82a/Shader' parameter 'diffuse_texture': References an asset that can not be found: 'omniverse://simready.ov.nvidia.com/Projects/Groot_Content/Material%20Library/Metal/Textures/T_Steel_StainlessScratched_A1_Albedo.png'
[INFO]: Time taken for simulation start : 126.416948 seconds
[INFO]: Completed setting up the environment...
CAMERA_REPLAY 0 1
CAMERA_REPLAY 12 2
CAMERA_REPLAY 24 3
CAMERA_REPLAY 36 4
CAMERA_REPLAY 48 5
CAMERA_REPLAY 60 6
CAMERA_REPLAY 72 7
CAMERA_REPLAY 84 8
CAMERA_REPLAY 96 9
CAMERA_REPLAY 108 10
CAMERA_REPLAY 120 11
CAMERA_REPLAY 132 12
CAMERA_REPLAY 144 13
CAMERA_REPLAY 156 14
CAMERA_REPLAY 168 15
CAMERA_REPLAY 180 16
CAMERA_REPLAY 192 17
CAMERA_REPLAY 204 18
CAMERA_REPLAY 216 19
CAMERA_REPLAY 228 20
CAMERA_REPLAY 240 21
CAMERA_REPLAY 252 22
CAMERA_REPLAY 264 23
CAMERA_REPLAY 276 24
CAMERA_REPLAY 288 25
CAMERA_REPLAY 300 26
CAMERA_REPLAY 312 27
CAMERA_REPLAY 324 28
CAMERA_REPLAY 336 29
CAMERA_REPLAY 348 30
CAMERA_REPLAY 360 31
CAMERA_REPLAY 372 32
CAMERA_REPLAY 384 33
CAMERA_REPLAY 396 34
CAMERA_REPLAY 408 35
CAMERA_REPLAY 420 36
CAMERA_REPLAY 432 37
CAMERA_REPLAY 444 38
CAMERA_REPLAY 456 39
CAMERA_REPLAY 468 40
CAMERA_REPLAY 480 41
CAMERA_REPLAY 492 42
CAMERA_REPLAY 504 43
CAMERA_REPLAY 516 44
CAMERA_REPLAY 528 45
CAMERA_REPLAY 540 46
CAMERA_REPLAY 552 47
CAMERA_REPLAY 564 48
CAMERA_REPLAY 576 49
CAMERA_REPLAY 588 50
CAMERA_REPLAY 600 51
CAMERA_REPLAY 612 52
CAMERA_REPLAY 624 53
CAMERA_REPLAY 636 54
CAMERA_REPLAY 648 55
CAMERA_REPLAY 660 56
CAMERA_REPLAY 672 57
CAMERA_REPLAY 684 58
CAMERA_REPLAY 696 59
CAMERA_REPLAY 708 60
