{
  "run": "fresh_scene",
  "cases": 24,
  "requests": 576,
  "registration_sha256": "b79324f5fd0356b5000eb49cb15fa1c3fc6df2fd4cc3ef3b322c6e44141d9ca6",
  "references": [
    3.1333333333333333,
    6.266666666666667,
    1.6166666666666667,
    3.7666666666666666,
    5.083333333333333,
    5.833333333333333,
    2.5166666666666666,
    6.566666666666666,
    12.3,
    15.0,
    12.616666666666667,
    10.2,
    11.683333333333334,
    10.183333333333334,
    12.533333333333333,
    11.116666666666667,
    17.266666666666666,
    19.566666666666666,
    19.366666666666667,
    19.45,
    23.883333333333333,
    22.533333333333335,
    18.6,
    18.183333333333334
  ],
  "source_entries": 305
}
