{
  "status": "PASS_CONDITIONAL_EXECUTIONS_WITH_REFUSALS",
  "run": "fresh_scene_batch",
  "registration_sha256": "156b974e7d0075824b69dde4243c452767cfb46d182c482a3384d1d8488a0797",
  "recording_receipt_sha256": "2298f22d44868fd147f7e15dc604a26f733f80dc626daa8e24c289a6b6415fec",
  "admission_records_sha256": "fbf5c584005f5fe88bdc1a6d1f9b9bb015e4e0a7df11ebb1dc8d064c95ce0a09",
  "env_states": 207360,
  "native_cycles": 288,
  "unique_profiles": 12,
  "u_hand_paths": 576,
  "u_paths_qualified": 196,
  "executed_requests": 162,
  "executed_paths_qualified": 162,
  "denied_requests": 414,
  "denial_reasons": {
    "predicted_scene_overlap": 414
  },
  "denied_neutral_safe": 414,
  "original_images": 340,
  "max_target_error_rad": 0.0,
  "max_accounting_error_n": 0.0,
  "max_point_reconstruction_error_n": 0.0,
  "max_vector_excess_n": 0.0,
  "max_normal_count": 20,
  "max_scalar_all_partner_normal_n": 0.0,
  "max_scalar_self_normal_n": 0.0,
  "abort_count": 0,
  "recoveries": [],
  "point_scalar_oracle": "independent float64 prefix sums of absolute valid native point magnitudes",
  "first_post_init_physics_step_exempted": false,
  "constructor_contacts_qualified": false,
  "new_task_trials": 0,
  "system0_trials": 0,
  "unknown_rejections": 18432,
  "unique_unknown_profiles": 32,
  "new_unknown_physical_paths": 0,
  "guard_paths": 0,
  "guard_safe_paths": 0,
  "guard_max_scalar_self_normal_n": 0,
  "guard_max_scalar_all_partner_normal_n": 0,
  "bypass_max_scalar_self_normal_n": 0,
  "guard_grasp_successes": 0,
  "matched_init_joint_max_abs_rad": 0.0,
  "matched_object_local_max_abs_m": 0.0,
  "matched_object_velocity_max_abs": 0.0,
  "methods": {
    "scene_v4": {
      "requests": 576,
      "admitted": 162,
      "executed_qualified": 162,
      "refused": 414,
      "no_motion_requests": 48,
      "no_motion_admitted": 14,
      "moving_admitted": 148,
      "moving_executed_qualified": 148,
      "refused_neutral_safe": 414,
      "aborts": 0,
      "max_normal_n": 0.0,
      "denial_reasons": {
        "predicted_scene_overlap": 414
      }
    }
  },
  "geometry_refusals": 414,
  "maximum_fk_position_error_m": 1.5975871079376702e-06,
  "maximum_fk_quaternion_component_error": 3.439951410388886e-07,
  "geometry_schema_sha256": "2447073eab7860f2e029be35a3b75f4156eedffd32eaf8c044ae890429e0cc8a",
  "arm_target_max_error_rad": 0.0,
  "arm_actual_target_deviation_rad": 1.704692840576172e-05
}
