[INFO][AppLauncher]: Using device: cuda:0
[INFO][AppLauncher]: Loading experience file: /home/liyufeng/safeduo_isaaclab/apps/isaaclab.python.headless.rendering.kit
Loading user config located at: '/home/liyufeng/miniforge3/envs/safeduo/lib/python3.11/site-packages/isaacsim/kit/data/Kit/Isaac-Sim/5.1/user.config.json'
[Info] [carb] Logging to file: /home/liyufeng/miniforge3/envs/safeduo/lib/python3.11/site-packages/isaacsim/kit/logs/Kit/Isaac-Sim/5.1/kit_20261008_115139.log
2026-10-08T03:51:40Z [149ms] [Warning] [carb.windowing-glfw.plugin] GLFW initialization failed.
2026-10-08T03:51:40Z [149ms] [Warning] [carb] Failed to startup plugin carb.windowing-glfw.plugin (interfaces: [carb::windowing::IGLContext v1.0],[carb::windowing::IWindowing v1.5]) (impl: carb.windowing-glfw.plugin)
2026-10-08T03:51:40Z [176ms] [Warning] [omni.platforminfo.plugin] failed to open the default display.  Can't verify X Server version.
2026-10-08T03:51:40Z [183ms] [Warning] [carb.cudainterop.plugin] CUDA_VISIBLE_DEVICES environment variable is set.
2026-10-08T03:51:40Z [183ms] [Warning] [carb.cudainterop.plugin] Note CUDA device enumeration and Omniverse device enumeration are different.
2026-10-08T03:51:40Z [183ms] [Warning] [carb.cudainterop.plugin] Setting CUDA_VISIBLE_DEVICES can lead to undesired behavior or crashes.
2026-10-08T03:51:40Z [422ms] [Warning] [carb.windowing-glfw.plugin] GLFW initialization failed.
2026-10-08T03:51:40Z [422ms] [Warning] [carb] Failed to startup plugin carb.windowing-glfw.plugin (interfaces: [carb::windowing::IGLContext v1.0],[carb::windowing::IWindowing v1.5]) (impl: carb.windowing-glfw.plugin)

|---------------------------------------------------------------------------------------------|
| Driver Version: 570.124.06    | Graphics API: Vulkan
|=============================================================================================|
| GPU | Name                             | Active | LDA | GPU Memory | Vendor-ID | LUID       |
|     |                                  |        |     |            | Device-ID | UUID       |
|     |                                  |        |     |            | Bus-ID    |            |
|---------------------------------------------------------------------------------------------|
| 0   | NVIDIA GeForce RTX 5090          | Yes: 0 |     | 32607   MB | 10de      | 0          |
|     |                                  |        |     |            | 2b85      | b129224c.. |
|     |                                  |        |     |            | 41        |            |
|---------------------------------------------------------------------------------------------|
| 1   | NVIDIA GeForce RTX 5090          |        |     | 32607   MB | 10de      | 0          |
|     |                                  |        |     |            | 2b85      | 828bb172.. |
|     |                                  |        |     |            | 81        |            |
|=============================================================================================|
| OS: 22.04.5 LTS (Jammy Jellyfish) ubuntu, Version: 22.04.5, Kernel: 6.8.0-138-generic
| Processor: AMD Ryzen Threadripper 7960X 24-Cores
| Cores: 24 | Logical Cores: 48
|---------------------------------------------------------------------------------------------|
| Total Memory (MB): 257228 | Free Memory: 40002
| Total Page/Swap (MB): 131071 | Free Page/Swap: 0
|---------------------------------------------------------------------------------------------|
2026-10-08T03:51:41Z [1,280ms] [Warning] [gpu.foundation.plugin] PCIe link width current (2) and maximum (16) for device 0 don't match.
2026-10-08T03:51:41Z [1,280ms] [Warning] [gpu.foundation.plugin] IOMMU is enabled.
2026-10-08T03:51:41Z [1,280ms] [Warning] [gpu.foundation.plugin] Detected IOMMU is enabled. Running CUDA peer-to-peer bandwidth and latency validation.
Unidirectional P2P=Enabled Bandwidth (P2P Writes) Matrix (GB/s)
   D\D     0      1 
     0 1522.90   6.40 
     1   6.21 1530.18 
P2P=Enabled Latency (P2P Writes) Matrix (us)
   GPU     0      1 
     0   2.06  15.06 
     1  13.29   2.06 

   CPU     0      1 
     0   1.85   5.10 
     1   4.95   1.93 
2026-10-08T03:51:41Z [1,561ms] [Warning] [gpu.foundation.plugin] CUDA peer-to-peer observed bandwidth: 6.2 GB/s.
2026-10-08T03:51:41Z [1,561ms] [Warning] [gpu.foundation.plugin] CUDA peer-to-peer observed latency: 15.1 us.
2026-10-08T03:51:41Z [1,561ms] [Warning] [gpu.foundation.plugin] Please verify if observed bandwidth and latency are expected.
2026-10-08T03:51:42Z [2,206ms] [Warning] [carb.windowing-glfw.plugin] GLFW initialization failed.
2026-10-08T03:51:42Z [2,206ms] [Warning] [carb] Failed to startup plugin carb.windowing-glfw.plugin (interfaces: [carb::windowing::IGLContext v1.0],[carb::windowing::IWindowing v1.5]) (impl: carb.windowing-glfw.plugin)
2026-10-08T03:51:42Z [2,232ms] [Warning] [carb.windowing-glfw.plugin] GLFW initialization failed.
2026-10-08T03:51:42Z [2,232ms] [Warning] [carb] Failed to startup plugin carb.windowing-glfw.plugin (interfaces: [carb::windowing::IGLContext v1.0],[carb::windowing::IWindowing v1.5]) (impl: carb.windowing-glfw.plugin)
2026-10-08T03:51:42Z [2,243ms] [Warning] [carb.windowing-glfw.plugin] GLFW initialization failed.
2026-10-08T03:51:42Z [2,243ms] [Warning] [carb] Failed to startup plugin carb.windowing-glfw.plugin (interfaces: [carb::windowing::IGLContext v1.0],[carb::windowing::IWindowing v1.5]) (impl: carb.windowing-glfw.plugin)
2026-10-08T03:51:42Z [2,252ms] [Warning] [carb.windowing-glfw.plugin] GLFW initialization failed.
2026-10-08T03:51:42Z [2,252ms] [Warning] [carb] Failed to startup plugin carb.windowing-glfw.plugin (interfaces: [carb::windowing::IGLContext v1.0],[carb::windowing::IWindowing v1.5]) (impl: carb.windowing-glfw.plugin)
2026-10-08T03:51:42Z [2,254ms] [Warning] [carb.windowing-glfw.plugin] GLFW initialization failed.
2026-10-08T03:51:42Z [2,254ms] [Warning] [carb] Failed to startup plugin carb.windowing-glfw.plugin (interfaces: [carb::windowing::IGLContext v1.0],[carb::windowing::IWindowing v1.5]) (impl: carb.windowing-glfw.plugin)
2026-10-08T03:51:42Z [2,255ms] [Warning] [carb.windowing-glfw.plugin] GLFW initialization failed.
2026-10-08T03:51:42Z [2,255ms] [Warning] [carb] Failed to startup plugin carb.windowing-glfw.plugin (interfaces: [carb::windowing::IGLContext v1.0],[carb::windowing::IWindowing v1.5]) (impl: carb.windowing-glfw.plugin)
2026-10-08T03:51:42Z [2,457ms] [Warning] [omni.log] Source: omni.hydra was already registered.
2026-10-08T03:51:42Z [2,752ms] [Warning] [carb] Acquiring non optional plugin interface which is not listed as dependency: [omni::physx::IPhysxBenchmarks v1.0] (plugin: <default plugin>), by client: omni.physics.physx.plugin. Add it to CARB_PLUGIN_IMPL_DEPS() macro of a client.
2026-10-08T03:51:42Z [2,762ms] [Warning] [omni.isaac.dynamic_control] omni.isaac.dynamic_control is deprecated as of Isaac Sim 4.5. No action is needed from end-users.
2026-10-08T03:51:45Z [5,875ms] [Warning] [pxr.Semantics] pxr.Semantics is deprecated - please use Semantics instead
2026-10-08T03:51:46Z [6,007ms] [Warning] [omni.graph.core.plugin] Found duplicate of category 'Replicator' - was 'Annotators', adding 'Fabric Reader'
2026-10-08T03:51:46Z [6,007ms] [Warning] [omni.graph.core.plugin] Category 'Replicator' not accepted on node type 'omni.replicator.core.FabricReader' in extension 'omni.replicator.core'
2026-10-08T03:51:46Z [6,008ms] [Warning] [omni.replicator.core.scripts.extension] No material configuration file, adding configuration to material settings directly.
2026-10-08T03:51:47Z [7,414ms] [Warning] [omni.kvdb.plugin] Disabling key-value database because another kit process is locking it
2026-10-08T03:51:49Z [9,872ms] [Warning] [omni.fabric.plugin] Warning: attribute viewPickingId not found for bucket id 7

CONSTRUCT_STATIC_DIAGNOSTIC 24 default_thumb 0.35

[36m======================================================================================[0m
[36m[1m[INFO][IsaacLab]: Logging to file: /tmp/isaaclab/logs/isaaclab_2026-10-08_11-51-50.log[0m
[36m======================================================================================[0m

[33m11:51:50 [simulation_context.py] WARNING: The `enable_external_forces_every_iteration` parameter in the PhysxCfg is set to False. If you are experiencing noisy velocities, consider enabling this flag. You may need to slightly increase the number of velocity iterations (setting it to 1 or 2 rather than 0), together with this flag, to improve the accuracy of velocity updates.[0m
[INFO]: Base environment:
	Environment device    : cuda:0
	Environment seed      : 90610761
	Physics step-size     : 0.008333
	Rendering step-size   : 0.016666
	Environment step-size : 0.016666
[33m11:51:54 [prims.py] WARNING: Could not perform 'modify_collision_properties' on any prims under: '/World/envs/env_0/Prop_nist_board'. This might be because of the following reasons:
	(1) The desired attribute does not exist on any of the prims.
	(2) The desired attribute exists on an instanced prim.
		Discovered list of instanced prim paths: ['/World/envs/env_0/Prop_nist_board/visuals', '/World/envs/env_0/Prop_nist_board/collisions'][0m
R35_HAND_TORSION de-instanced hand collision scopes: 50
R35_HAND_TORSION radius=0.02 min=0.01 collision_prims=128
R34_MESH_OBJECT /World/envs/env_0/Obj_beam700: friction 1.5/1.2 on 1 materials, 0 glass meshes rebound, 0 opacity inputs disabled
R34_MESH_OBJECT /World/envs/env_0/Obj_beam300: friction 1.5/1.2 on 1 materials, 0 glass meshes rebound, 0 opacity inputs disabled
[INFO]: Time taken for scene creation : 145.968044 seconds
[INFO]: Scene manager:  <class InteractiveScene>
	Number of environments: 24
	Environment spacing   : 5.0
	Source prim name      : /World/envs/env_0
	Global prim paths     : ['/World/ground']
	Replicate physics     : True
[INFO]: Starting the simulation. This may take a few seconds. Please wait...
2026-10-08T03:54:21Z [161,770ms] [Warning] [omni.fabric.plugin] getAttributeCount called on non-existent path /World/envs/env_9/U_R/wrist_3_link/visuals/wrist3/Scene
2026-10-08T03:54:21Z [161,770ms] [Warning] [omni.fabric.plugin] getTypes called on non-existent path /World/envs/env_9/U_R/wrist_3_link/visuals/wrist3/Scene
2026-10-08T03:54:23Z [163,974ms] [Error] [omni.hydra] [UsdToMdl] Prim '/__Fabric_StageInfo/MaterialPool/mat_540c60c2/Shader' parameter 'normalmap_texture': References an asset that can not be found: 'omniverse://simready.ov.nvidia.com/Projects/Groot_Content/Material%20Library/Plastic/Textures/T_Plastic_Glossy_White_A_Normal.png'
2026-10-08T03:54:23Z [163,974ms] [Error] [omni.hydra] [UsdToMdl] Prim '/__Fabric_StageInfo/MaterialPool/mat_540c60c2/Shader' parameter 'ORM_texture': References an asset that can not be found: 'omniverse://simready.ov.nvidia.com/Projects/Groot_Content/Material%20Library/Plastic/Textures/T_Plastic_Glossy_White_A_ORM.png'
2026-10-08T03:54:23Z [163,974ms] [Error] [omni.hydra] [UsdToMdl] Prim '/__Fabric_StageInfo/MaterialPool/mat_540c60c2/Shader' parameter 'diffuse_texture': References an asset that can not be found: 'omniverse://simready.ov.nvidia.com/Projects/Groot_Content/Material%20Library/Plastic/Textures/T_Plastic_Glossy_White_A_Albedo.png'
2026-10-08T03:54:23Z [163,974ms] [Error] [omni.hydra] [UsdToMdl] Prim '/__Fabric_StageInfo/MaterialPool/mat_540c60c2/Shader' parameter 'ORM_texture': References an asset that can not be found: 'omniverse://simready.ov.nvidia.com/Projects/Groot_Content/Material%20Library/Plastic/Textures/T_Plastic_Glossy_White_A_ORM.png'
2026-10-08T03:54:23Z [163,974ms] [Error] [omni.hydra] [UsdToMdl] Prim '/__Fabric_StageInfo/MaterialPool/mat_540c60c2/Shader' parameter 'diffuse_texture': References an asset that can not be found: 'omniverse://simready.ov.nvidia.com/Projects/Groot_Content/Material%20Library/Plastic/Textures/T_Plastic_Glossy_White_A_Albedo.png'
2026-10-08T03:54:23Z [163,974ms] [Error] [omni.hydra] [UsdToMdl] Prim '/__Fabric_StageInfo/MaterialPool/mat_540c60c2/Shader' parameter 'normalmap_texture': References an asset that can not be found: 'omniverse://simready.ov.nvidia.com/Projects/Groot_Content/Material%20Library/Plastic/Textures/T_Plastic_Glossy_White_A_Normal.png'
2026-10-08T03:54:24Z [164,093ms] [Error] [omni.hydra] [UsdToMdl] Prim '/__Fabric_StageInfo/MaterialPool/mat_c740d1a8/Shader' parameter 'normalmap_texture': References an asset that can not be found: 'omniverse://simready.ov.nvidia.com/Projects/Groot_Content/Material%20Library/Rubber/Textures/T_Rubber_Black_Glossy_A_Normal.png'
2026-10-08T03:54:24Z [164,093ms] [Error] [omni.hydra] [UsdToMdl] Prim '/__Fabric_StageInfo/MaterialPool/mat_c740d1a8/Shader' parameter 'ORM_texture': References an asset that can not be found: 'omniverse://simready.ov.nvidia.com/Projects/Groot_Content/Material%20Library/Rubber/Textures/T_Rubber_Black_Glossy_A_ORM.png'
2026-10-08T03:54:24Z [164,093ms] [Error] [omni.hydra] [UsdToMdl] Prim '/__Fabric_StageInfo/MaterialPool/mat_c740d1a8/Shader' parameter 'diffuse_texture': References an asset that can not be found: 'omniverse://simready.ov.nvidia.com/Projects/Groot_Content/Material%20Library/Rubber/Textures/T_Rubber_Black_Glossy_A_Albedo.png'
2026-10-08T03:54:24Z [164,093ms] [Error] [omni.hydra] [UsdToMdl] Prim '/__Fabric_StageInfo/MaterialPool/mat_c740d1a8/Shader' parameter 'ORM_texture': References an asset that can not be found: 'omniverse://simready.ov.nvidia.com/Projects/Groot_Content/Material%20Library/Rubber/Textures/T_Rubber_Black_Glossy_A_ORM.png'
2026-10-08T03:54:24Z [164,093ms] [Error] [omni.hydra] [UsdToMdl] Prim '/__Fabric_StageInfo/MaterialPool/mat_c740d1a8/Shader' parameter 'diffuse_texture': References an asset that can not be found: 'omniverse://simready.ov.nvidia.com/Projects/Groot_Content/Material%20Library/Rubber/Textures/T_Rubber_Black_Glossy_A_Albedo.png'
2026-10-08T03:54:24Z [164,094ms] [Error] [omni.hydra] [UsdToMdl] Prim '/__Fabric_StageInfo/MaterialPool/mat_c740d1a8/Shader' parameter 'normalmap_texture': References an asset that can not be found: 'omniverse://simready.ov.nvidia.com/Projects/Groot_Content/Material%20Library/Rubber/Textures/T_Rubber_Black_Glossy_A_Normal.png'
2026-10-08T03:54:24Z [164,116ms] [Error] [omni.hydra] [UsdToMdl] Prim '/__Fabric_StageInfo/MaterialPool/mat_5b9f5132/Shader' parameter 'normalmap_texture': References an asset that can not be found: 'omniverse://simready.ov.nvidia.com/Projects/Groot_Content/Material%20Library/Plastic/Textures/T_Plastic_Glossy_White_A_Normal.png'
2026-10-08T03:54:24Z [164,116ms] [Error] [omni.hydra] [UsdToMdl] Prim '/__Fabric_StageInfo/MaterialPool/mat_5b9f5132/Shader' parameter 'ORM_texture': References an asset that can not be found: 'omniverse://simready.ov.nvidia.com/Projects/Groot_Content/Material%20Library/Plastic/Textures/T_Plastic_Glossy_White_A_ORM.png'
2026-10-08T03:54:24Z [164,116ms] [Error] [omni.hydra] [UsdToMdl] Prim '/__Fabric_StageInfo/MaterialPool/mat_5b9f5132/Shader' parameter 'diffuse_texture': References an asset that can not be found: 'omniverse://simready.ov.nvidia.com/Projects/Groot_Content/Material%20Library/Plastic/Textures/T_Plastic_Glossy_White_A_Albedo.png'
2026-10-08T03:54:24Z [164,116ms] [Error] [omni.hydra] [UsdToMdl] Prim '/__Fabric_StageInfo/MaterialPool/mat_5b9f5132/Shader' parameter 'ORM_texture': References an asset that can not be found: 'omniverse://simready.ov.nvidia.com/Projects/Groot_Content/Material%20Library/Plastic/Textures/T_Plastic_Glossy_White_A_ORM.png'
2026-10-08T03:54:24Z [164,116ms] [Error] [omni.hydra] [UsdToMdl] Prim '/__Fabric_StageInfo/MaterialPool/mat_5b9f5132/Shader' parameter 'diffuse_texture': References an asset that can not be found: 'omniverse://simready.ov.nvidia.com/Projects/Groot_Content/Material%20Library/Plastic/Textures/T_Plastic_Glossy_White_A_Albedo.png'
2026-10-08T03:54:24Z [164,117ms] [Error] [omni.hydra] [UsdToMdl] Prim '/__Fabric_StageInfo/MaterialPool/mat_5b9f5132/Shader' parameter 'normalmap_texture': References an asset that can not be found: 'omniverse://simready.ov.nvidia.com/Projects/Groot_Content/Material%20Library/Plastic/Textures/T_Plastic_Glossy_White_A_Normal.png'
2026-10-08T03:54:24Z [164,133ms] [Error] [omni.hydra] [UsdToMdl] Prim '/__Fabric_StageInfo/MaterialPool/mat_ad3fc82a/Shader' parameter 'normalmap_texture': References an asset that can not be found: 'omniverse://simready.ov.nvidia.com/Projects/Groot_Content/Material%20Library/Metal/Textures/T_Steel_StainlessScratched_A1_Normal.png'
2026-10-08T03:54:24Z [164,133ms] [Error] [omni.hydra] [UsdToMdl] Prim '/__Fabric_StageInfo/MaterialPool/mat_ad3fc82a/Shader' parameter 'ORM_texture': References an asset that can not be found: 'omniverse://simready.ov.nvidia.com/Projects/Groot_Content/Material%20Library/Metal/Textures/T_Steel_StainlessScratched_A1_ORM.png'
2026-10-08T03:54:24Z [164,133ms] [Error] [omni.hydra] [UsdToMdl] Prim '/__Fabric_StageInfo/MaterialPool/mat_ad3fc82a/Shader' parameter 'diffuse_texture': References an asset that can not be found: 'omniverse://simready.ov.nvidia.com/Projects/Groot_Content/Material%20Library/Metal/Textures/T_Steel_StainlessScratched_A1_Albedo.png'
2026-10-08T03:54:24Z [164,133ms] [Error] [omni.hydra] [UsdToMdl] Prim '/__Fabric_StageInfo/MaterialPool/mat_ad3fc82a/Shader' parameter 'ORM_texture': References an asset that can not be found: 'omniverse://simready.ov.nvidia.com/Projects/Groot_Content/Material%20Library/Metal/Textures/T_Steel_StainlessScratched_A1_ORM.png'
2026-10-08T03:54:24Z [164,133ms] [Error] [omni.hydra] [UsdToMdl] Prim '/__Fabric_StageInfo/MaterialPool/mat_ad3fc82a/Shader' parameter 'diffuse_texture': References an asset that can not be found: 'omniverse://simready.ov.nvidia.com/Projects/Groot_Content/Material%20Library/Metal/Textures/T_Steel_StainlessScratched_A1_Albedo.png'
2026-10-08T03:54:24Z [164,133ms] [Error] [omni.hydra] [UsdToMdl] Prim '/__Fabric_StageInfo/MaterialPool/mat_ad3fc82a/Shader' parameter 'normalmap_texture': References an asset that can not be found: 'omniverse://simready.ov.nvidia.com/Projects/Groot_Content/Material%20Library/Metal/Textures/T_Steel_StainlessScratched_A1_Normal.png'
2026-10-08T03:54:24Z [164,212ms] [Error] [omni.hydra] [UsdToMdl] Prim '/__Fabric_StageInfo/MaterialPool/mat_3ee0483c/Shader' parameter 'normalmap_texture': References an asset that can not be found: 'omniverse://simready.ov.nvidia.com/Projects/Groot_Content/Material%20Library/Plastic/Textures/T_Plastic_Blue_A_Normal.png'
2026-10-08T03:54:24Z [164,212ms] [Error] [omni.hydra] [UsdToMdl] Prim '/__Fabric_StageInfo/MaterialPool/mat_3ee0483c/Shader' parameter 'ORM_texture': References an asset that can not be found: 'omniverse://simready.ov.nvidia.com/Projects/Groot_Content/Material%20Library/Plastic/Textures/T_Plastic_Blue_A_ORM.png'
2026-10-08T03:54:24Z [164,212ms] [Error] [omni.hydra] [UsdToMdl] Prim '/__Fabric_StageInfo/MaterialPool/mat_3ee0483c/Shader' parameter 'diffuse_texture': References an asset that can not be found: 'omniverse://simready.ov.nvidia.com/Projects/Groot_Content/Material%20Library/Plastic/Textures/T_Plastic_Blue_A_Albedo.png'
2026-10-08T03:54:24Z [164,212ms] [Error] [omni.hydra] [UsdToMdl] Prim '/__Fabric_StageInfo/MaterialPool/mat_3ee0483c/Shader' parameter 'ORM_texture': References an asset that can not be found: 'omniverse://simready.ov.nvidia.com/Projects/Groot_Content/Material%20Library/Plastic/Textures/T_Plastic_Blue_A_ORM.png'
2026-10-08T03:54:24Z [164,212ms] [Error] [omni.hydra] [UsdToMdl] Prim '/__Fabric_StageInfo/MaterialPool/mat_3ee0483c/Shader' parameter 'diffuse_texture': References an asset that can not be found: 'omniverse://simready.ov.nvidia.com/Projects/Groot_Content/Material%20Library/Plastic/Textures/T_Plastic_Blue_A_Albedo.png'
2026-10-08T03:54:24Z [164,212ms] [Error] [omni.hydra] [UsdToMdl] Prim '/__Fabric_StageInfo/MaterialPool/mat_3ee0483c/Shader' parameter 'normalmap_texture': References an asset that can not be found: 'omniverse://simready.ov.nvidia.com/Projects/Groot_Content/Material%20Library/Plastic/Textures/T_Plastic_Blue_A_Normal.png'
2026-10-08T03:54:24Z [164,341ms] [Error] [omni.hydra] [UsdToMdl] Prim '/__Fabric_StageInfo/MaterialPool/mat_48ec6003/Shader' parameter 'normalmap_texture': References an asset that can not be found: 'omniverse://simready.ov.nvidia.com/Projects/Groot_Content/Material%20Library/Rubber/Textures/T_Rubber_Black_Glossy_A_Normal.png'
2026-10-08T03:54:24Z [164,341ms] [Error] [omni.hydra] [UsdToMdl] Prim '/__Fabric_StageInfo/MaterialPool/mat_48ec6003/Shader' parameter 'ORM_texture': References an asset that can not be found: 'omniverse://simready.ov.nvidia.com/Projects/Groot_Content/Material%20Library/Rubber/Textures/T_Rubber_Black_Glossy_A_ORM.png'
2026-10-08T03:54:24Z [164,341ms] [Error] [omni.hydra] [UsdToMdl] Prim '/__Fabric_StageInfo/MaterialPool/mat_48ec6003/Shader' parameter 'diffuse_texture': References an asset that can not be found: 'omniverse://simready.ov.nvidia.com/Projects/Groot_Content/Material%20Library/Rubber/Textures/T_Rubber_Black_Glossy_A_Albedo.png'
2026-10-08T03:54:24Z [164,341ms] [Error] [omni.hydra] [UsdToMdl] Prim '/__Fabric_StageInfo/MaterialPool/mat_48ec6003/Shader' parameter 'ORM_texture': References an asset that can not be found: 'omniverse://simready.ov.nvidia.com/Projects/Groot_Content/Material%20Library/Rubber/Textures/T_Rubber_Black_Glossy_A_ORM.png'
2026-10-08T03:54:24Z [164,341ms] [Error] [omni.hydra] [UsdToMdl] Prim '/__Fabric_StageInfo/MaterialPool/mat_48ec6003/Shader' parameter 'diffuse_texture': References an asset that can not be found: 'omniverse://simready.ov.nvidia.com/Projects/Groot_Content/Material%20Library/Rubber/Textures/T_Rubber_Black_Glossy_A_Albedo.png'
2026-10-08T03:54:24Z [164,341ms] [Error] [omni.hydra] [UsdToMdl] Prim '/__Fabric_StageInfo/MaterialPool/mat_48ec6003/Shader' parameter 'normalmap_texture': References an asset that can not be found: 'omniverse://simready.ov.nvidia.com/Projects/Groot_Content/Material%20Library/Rubber/Textures/T_Rubber_Black_Glossy_A_Normal.png'
2026-10-08T03:54:24Z [164,385ms] [Error] [omni.hydra] [UsdToMdl] Prim '/__Fabric_StageInfo/MaterialPool/mat_fcc81cba/Shader' parameter 'normalmap_texture': References an asset that can not be found: 'omniverse://simready.ov.nvidia.com/Projects/Groot_Content/Material%20Library/Plastic/Textures/T_Plastic_Black_A_Normal.png'
2026-10-08T03:54:24Z [164,385ms] [Error] [omni.hydra] [UsdToMdl] Prim '/__Fabric_StageInfo/MaterialPool/mat_fcc81cba/Shader' parameter 'ORM_texture': References an asset that can not be found: 'omniverse://simready.ov.nvidia.com/Projects/Groot_Content/Material%20Library/Plastic/Textures/T_Plastic_Black_A_ORM.png'
2026-10-08T03:54:24Z [164,385ms] [Error] [omni.hydra] [UsdToMdl] Prim '/__Fabric_StageInfo/MaterialPool/mat_fcc81cba/Shader' parameter 'diffuse_texture': References an asset that can not be found: 'omniverse://simready.ov.nvidia.com/Projects/Groot_Content/Material%20Library/Plastic/Textures/T_Plastic_Black_A_Albedo.png'
2026-10-08T03:54:24Z [164,385ms] [Error] [omni.hydra] [UsdToMdl] Prim '/__Fabric_StageInfo/MaterialPool/mat_fcc81cba/Shader' parameter 'ORM_texture': References an asset that can not be found: 'omniverse://simready.ov.nvidia.com/Projects/Groot_Content/Material%20Library/Plastic/Textures/T_Plastic_Black_A_ORM.png'
2026-10-08T03:54:24Z [164,386ms] [Error] [omni.hydra] [UsdToMdl] Prim '/__Fabric_StageInfo/MaterialPool/mat_fcc81cba/Shader' parameter 'diffuse_texture': References an asset that can not be found: 'omniverse://simready.ov.nvidia.com/Projects/Groot_Content/Material%20Library/Plastic/Textures/T_Plastic_Black_A_Albedo.png'
2026-10-08T03:54:24Z [164,386ms] [Error] [omni.hydra] [UsdToMdl] Prim '/__Fabric_StageInfo/MaterialPool/mat_fcc81cba/Shader' parameter 'normalmap_texture': References an asset that can not be found: 'omniverse://simready.ov.nvidia.com/Projects/Groot_Content/Material%20Library/Plastic/Textures/T_Plastic_Black_A_Normal.png'
2026-10-08T03:54:25Z [165,032ms] [Error] [omni.hydra] [UsdToMdl] Prim '/__Fabric_StageInfo/MaterialPool/mat_540c60c2/Shader' parameter 'normalmap_texture': References an asset that can not be found: 'omniverse://simready.ov.nvidia.com/Projects/Groot_Content/Material%20Library/Plastic/Textures/T_Plastic_Glossy_White_A_Normal.png'
2026-10-08T03:54:25Z [165,032ms] [Error] [omni.hydra] [UsdToMdl] Prim '/__Fabric_StageInfo/MaterialPool/mat_540c60c2/Shader' parameter 'ORM_texture': References an asset that can not be found: 'omniverse://simready.ov.nvidia.com/Projects/Groot_Content/Material%20Library/Plastic/Textures/T_Plastic_Glossy_White_A_ORM.png'
2026-10-08T03:54:25Z [165,032ms] [Error] [omni.hydra] [UsdToMdl] Prim '/__Fabric_StageInfo/MaterialPool/mat_540c60c2/Shader' parameter 'diffuse_texture': References an asset that can not be found: 'omniverse://simready.ov.nvidia.com/Projects/Groot_Content/Material%20Library/Plastic/Textures/T_Plastic_Glossy_White_A_Albedo.png'
2026-10-08T03:54:25Z [165,035ms] [Error] [omni.hydra] [UsdToMdl] Prim '/__Fabric_StageInfo/MaterialPool/mat_c740d1a8/Shader' parameter 'normalmap_texture': References an asset that can not be found: 'omniverse://simready.ov.nvidia.com/Projects/Groot_Content/Material%20Library/Rubber/Textures/T_Rubber_Black_Glossy_A_Normal.png'
2026-10-08T03:54:25Z [165,035ms] [Error] [omni.hydra] [UsdToMdl] Prim '/__Fabric_StageInfo/MaterialPool/mat_c740d1a8/Shader' parameter 'ORM_texture': References an asset that can not be found: 'omniverse://simready.ov.nvidia.com/Projects/Groot_Content/Material%20Library/Rubber/Textures/T_Rubber_Black_Glossy_A_ORM.png'
2026-10-08T03:54:25Z [165,035ms] [Error] [omni.hydra] [UsdToMdl] Prim '/__Fabric_StageInfo/MaterialPool/mat_c740d1a8/Shader' parameter 'diffuse_texture': References an asset that can not be found: 'omniverse://simready.ov.nvidia.com/Projects/Groot_Content/Material%20Library/Rubber/Textures/T_Rubber_Black_Glossy_A_Albedo.png'
2026-10-08T03:54:25Z [165,036ms] [Error] [omni.hydra] [UsdToMdl] Prim '/__Fabric_StageInfo/MaterialPool/mat_5b9f5132/Shader' parameter 'normalmap_texture': References an asset that can not be found: 'omniverse://simready.ov.nvidia.com/Projects/Groot_Content/Material%20Library/Plastic/Textures/T_Plastic_Glossy_White_A_Normal.png'
2026-10-08T03:54:25Z [165,036ms] [Error] [omni.hydra] [UsdToMdl] Prim '/__Fabric_StageInfo/MaterialPool/mat_5b9f5132/Shader' parameter 'ORM_texture': References an asset that can not be found: 'omniverse://simready.ov.nvidia.com/Projects/Groot_Content/Material%20Library/Plastic/Textures/T_Plastic_Glossy_White_A_ORM.png'
2026-10-08T03:54:25Z [165,036ms] [Error] [omni.hydra] [UsdToMdl] Prim '/__Fabric_StageInfo/MaterialPool/mat_5b9f5132/Shader' parameter 'diffuse_texture': References an asset that can not be found: 'omniverse://simready.ov.nvidia.com/Projects/Groot_Content/Material%20Library/Plastic/Textures/T_Plastic_Glossy_White_A_Albedo.png'
2026-10-08T03:54:25Z [165,037ms] [Error] [omni.hydra] [UsdToMdl] Prim '/__Fabric_StageInfo/MaterialPool/mat_ad3fc82a/Shader' parameter 'normalmap_texture': References an asset that can not be found: 'omniverse://simready.ov.nvidia.com/Projects/Groot_Content/Material%20Library/Metal/Textures/T_Steel_StainlessScratched_A1_Normal.png'
2026-10-08T03:54:25Z [165,037ms] [Error] [omni.hydra] [UsdToMdl] Prim '/__Fabric_StageInfo/MaterialPool/mat_ad3fc82a/Shader' parameter 'ORM_texture': References an asset that can not be found: 'omniverse://simready.ov.nvidia.com/Projects/Groot_Content/Material%20Library/Metal/Textures/T_Steel_StainlessScratched_A1_ORM.png'
2026-10-08T03:54:25Z [165,037ms] [Error] [omni.hydra] [UsdToMdl] Prim '/__Fabric_StageInfo/MaterialPool/mat_ad3fc82a/Shader' parameter 'diffuse_texture': References an asset that can not be found: 'omniverse://simready.ov.nvidia.com/Projects/Groot_Content/Material%20Library/Metal/Textures/T_Steel_StainlessScratched_A1_Albedo.png'
2026-10-08T03:54:25Z [165,039ms] [Error] [omni.hydra] [UsdToMdl] Prim '/__Fabric_StageInfo/MaterialPool/mat_3ee0483c/Shader' parameter 'normalmap_texture': References an asset that can not be found: 'omniverse://simready.ov.nvidia.com/Projects/Groot_Content/Material%20Library/Plastic/Textures/T_Plastic_Blue_A_Normal.png'
2026-10-08T03:54:25Z [165,039ms] [Error] [omni.hydra] [UsdToMdl] Prim '/__Fabric_StageInfo/MaterialPool/mat_3ee0483c/Shader' parameter 'ORM_texture': References an asset that can not be found: 'omniverse://simready.ov.nvidia.com/Projects/Groot_Content/Material%20Library/Plastic/Textures/T_Plastic_Blue_A_ORM.png'
2026-10-08T03:54:25Z [165,039ms] [Error] [omni.hydra] [UsdToMdl] Prim '/__Fabric_StageInfo/MaterialPool/mat_3ee0483c/Shader' parameter 'diffuse_texture': References an asset that can not be found: 'omniverse://simready.ov.nvidia.com/Projects/Groot_Content/Material%20Library/Plastic/Textures/T_Plastic_Blue_A_Albedo.png'
2026-10-08T03:54:25Z [165,044ms] [Error] [omni.hydra] [UsdToMdl] Prim '/__Fabric_StageInfo/MaterialPool/mat_48ec6003/Shader' parameter 'normalmap_texture': References an asset that can not be found: 'omniverse://simready.ov.nvidia.com/Projects/Groot_Content/Material%20Library/Rubber/Textures/T_Rubber_Black_Glossy_A_Normal.png'
2026-10-08T03:54:25Z [165,044ms] [Error] [omni.hydra] [UsdToMdl] Prim '/__Fabric_StageInfo/MaterialPool/mat_48ec6003/Shader' parameter 'ORM_texture': References an asset that can not be found: 'omniverse://simready.ov.nvidia.com/Projects/Groot_Content/Material%20Library/Rubber/Textures/T_Rubber_Black_Glossy_A_ORM.png'
2026-10-08T03:54:25Z [165,044ms] [Error] [omni.hydra] [UsdToMdl] Prim '/__Fabric_StageInfo/MaterialPool/mat_48ec6003/Shader' parameter 'diffuse_texture': References an asset that can not be found: 'omniverse://simready.ov.nvidia.com/Projects/Groot_Content/Material%20Library/Rubber/Textures/T_Rubber_Black_Glossy_A_Albedo.png'
2026-10-08T03:54:25Z [165,045ms] [Error] [omni.hydra] [UsdToMdl] Prim '/__Fabric_StageInfo/MaterialPool/mat_fcc81cba/Shader' parameter 'normalmap_texture': References an asset that can not be found: 'omniverse://simready.ov.nvidia.com/Projects/Groot_Content/Material%20Library/Plastic/Textures/T_Plastic_Black_A_Normal.png'
2026-10-08T03:54:25Z [165,045ms] [Error] [omni.hydra] [UsdToMdl] Prim '/__Fabric_StageInfo/MaterialPool/mat_fcc81cba/Shader' parameter 'ORM_texture': References an asset that can not be found: 'omniverse://simready.ov.nvidia.com/Projects/Groot_Content/Material%20Library/Plastic/Textures/T_Plastic_Black_A_ORM.png'
2026-10-08T03:54:25Z [165,045ms] [Error] [omni.hydra] [UsdToMdl] Prim '/__Fabric_StageInfo/MaterialPool/mat_fcc81cba/Shader' parameter 'diffuse_texture': References an asset that can not be found: 'omniverse://simready.ov.nvidia.com/Projects/Groot_Content/Material%20Library/Plastic/Textures/T_Plastic_Black_A_Albedo.png'
[INFO]: Time taken for simulation start : 8.333087 seconds
[INFO]: Completed setting up the environment...
STATIC_DENSE 120 / 8640 images 10
STATIC_DENSE 240 / 8640 images 20
STATIC_DENSE 360 / 8640 images 34
STATIC_DENSE 480 / 8640 images 44
STATIC_DENSE 600 / 8640 images 54
STATIC_DENSE 720 / 8640 images 68
STATIC_DENSE 840 / 8640 images 68
STATIC_DENSE 960 / 8640 images 68
STATIC_DENSE 1080 / 8640 images 72
STATIC_DENSE 1200 / 8640 images 72
STATIC_DENSE 1320 / 8640 images 72
STATIC_DENSE 1440 / 8640 images 76
STATIC_DENSE 1560 / 8640 images 76
STATIC_DENSE 1680 / 8640 images 76
STATIC_DENSE 1800 / 8640 images 80
STATIC_DENSE 1920 / 8640 images 80
STATIC_DENSE 2040 / 8640 images 80
STATIC_DENSE 2160 / 8640 images 84
STATIC_DENSE 2280 / 8640 images 84
STATIC_DENSE 2400 / 8640 images 84
STATIC_DENSE 2520 / 8640 images 88
STATIC_DENSE 2640 / 8640 images 88
STATIC_DENSE 2760 / 8640 images 88
2026-10-08T04:38:02Z [2,782,600ms] [Warning] [carb] Client gpu.foundation.plugin has acquired [gpu::unstable::IMemoryBudgetManagerFactory v0.1] 100 times. Consider accessing this interface with carb::getCachedInterface() (Performance warning)
STATIC_DENSE 2880 / 8640 images 92
STATIC_DENSE 3000 / 8640 images 92
STATIC_DENSE 3120 / 8640 images 92
STATIC_DENSE 3240 / 8640 images 96
STATIC_DENSE 3360 / 8640 images 96
STATIC_DENSE 3480 / 8640 images 96
STATIC_DENSE 3600 / 8640 images 100
STATIC_DENSE 3720 / 8640 images 100
STATIC_DENSE 3840 / 8640 images 100
STATIC_DENSE 3960 / 8640 images 104
STATIC_DENSE 4080 / 8640 images 104
STATIC_DENSE 4200 / 8640 images 104
STATIC_DENSE 4320 / 8640 images 108
STATIC_DENSE 4440 / 8640 images 108
STATIC_DENSE 4560 / 8640 images 108
STATIC_DENSE 4680 / 8640 images 112
STATIC_DENSE 4800 / 8640 images 112
STATIC_DENSE 4920 / 8640 images 112
STATIC_DENSE 5040 / 8640 images 116
STATIC_DENSE 5160 / 8640 images 116
STATIC_DENSE 5280 / 8640 images 116
STATIC_DENSE 5400 / 8640 images 120
STATIC_DENSE 5520 / 8640 images 120
STATIC_DENSE 5640 / 8640 images 120
STATIC_DENSE 5760 / 8640 images 124
STATIC_DENSE 5880 / 8640 images 124
STATIC_DENSE 6000 / 8640 images 124
STATIC_DENSE 6120 / 8640 images 128
STATIC_DENSE 6240 / 8640 images 128
STATIC_DENSE 6360 / 8640 images 128
STATIC_DENSE 6480 / 8640 images 132
STATIC_DENSE 6600 / 8640 images 132
STATIC_DENSE 6720 / 8640 images 132
STATIC_DENSE 6840 / 8640 images 136
STATIC_DENSE 6960 / 8640 images 136
STATIC_DENSE 7080 / 8640 images 136
STATIC_DENSE 7200 / 8640 images 140
STATIC_DENSE 7320 / 8640 images 140
STATIC_DENSE 7440 / 8640 images 140
STATIC_DENSE 7560 / 8640 images 144
STATIC_DENSE 7680 / 8640 images 144
STATIC_DENSE 7800 / 8640 images 144
STATIC_DENSE 7920 / 8640 images 148
STATIC_DENSE 8040 / 8640 images 148
STATIC_DENSE 8160 / 8640 images 148
STATIC_DENSE 8280 / 8640 images 244
STATIC_DENSE 8400 / 8640 images 244
STATIC_DENSE 8520 / 8640 images 244
STATIC_DENSE 8640 / 8640 images 340
