{
  "status": "REJECT_CONDITIONAL_HAND_CANDIDATE",
  "run": "matched_scene",
  "registration_sha256": "e2472e1abeeebac403bb29ba727f7b94925fbe1ba67ba3ce6b3de51c186544f1",
  "recording_receipt_sha256": "02a12e621e3afee7b7c32f16a33bb70cdbc2af82427858086ca5f587a9ccb392",
  "admission_records_sha256": "addb81a59fa0299ef49b77d64da342f7b61c3a88f57e249ea6423076f7d64da1",
  "env_states": 69120,
  "native_cycles": 96,
  "unique_profiles": 12,
  "u_hand_paths": 192,
  "u_paths_qualified": 99,
  "executed_requests": 93,
  "executed_paths_qualified": 91,
  "denied_requests": 99,
  "denial_reasons": {
    "predicted_scene_overlap": 72,
    "known_unsafe_context": 5,
    "abort_latched": 22
  },
  "denied_neutral_safe": 99,
  "original_images": 360,
  "max_target_error_rad": 5.960464477539063e-08,
  "max_accounting_error_n": 0.0,
  "max_point_reconstruction_error_n": 0.0,
  "max_vector_excess_n": 5.960464477539063e-08,
  "max_normal_count": 20,
  "max_scalar_all_partner_normal_n": 0.8396589756011963,
  "max_scalar_self_normal_n": 0.0,
  "abort_count": 2,
  "recoveries": [
    {
      "cycle": 0,
      "env": 2,
      "arm": "U_L",
      "abort_step": 167,
      "reason": "unintended_contact",
      "method": "old_v3",
      "first_six_safe_frames_end_step": 291,
      "recovery_s": 1.041625,
      "post_abort_max_n": 0.8396589756011963,
      "last_second_max_n": 0.0,
      "last_second_neutral_error_rad": 5.245208740234375e-06,
      "post_abort_contact_impulse_proxy_n_s": 0.03360449305295851,
      "contact_proxy_note": "sum over time of maximum measured sensor/partner magnitude; not total physical wrench impulse",
      "latch_cleared": false
    },
    {
      "cycle": 0,
      "env": 0,
      "arm": "U_L",
      "abort_step": 180,
      "reason": "unintended_contact",
      "method": "old_v3",
      "first_six_safe_frames_end_step": 305,
      "recovery_s": 1.049958,
      "post_abort_max_n": 0.23147715628147125,
      "last_second_max_n": 0.0,
      "last_second_neutral_error_rad": 5.036592483520508e-06,
      "post_abort_contact_impulse_proxy_n_s": 0.009095428659580356,
      "contact_proxy_note": "sum over time of maximum measured sensor/partner magnitude; not total physical wrench impulse",
      "latch_cleared": false
    }
  ],
  "point_scalar_oracle": "independent float64 prefix sums of absolute valid native point magnitudes",
  "first_post_init_physics_step_exempted": false,
  "constructor_contacts_qualified": false,
  "new_task_trials": 0,
  "system0_trials": 0,
  "unknown_rejections": 6144,
  "unique_unknown_profiles": 32,
  "new_unknown_physical_paths": 0,
  "guard_paths": 0,
  "guard_safe_paths": 0,
  "guard_max_scalar_self_normal_n": 0,
  "guard_max_scalar_all_partner_normal_n": 0,
  "bypass_max_scalar_self_normal_n": 0,
  "guard_grasp_successes": 0,
  "matched_init_joint_max_abs_rad": 0.0,
  "matched_object_local_max_abs_m": 0.0,
  "matched_object_velocity_max_abs": 0.0,
  "methods": {
    "old_v3": {
      "requests": 96,
      "admitted": 69,
      "executed_qualified": 67,
      "refused": 27,
      "no_motion_requests": 8,
      "no_motion_admitted": 6,
      "moving_admitted": 63,
      "moving_executed_qualified": 61,
      "refused_neutral_safe": 27,
      "aborts": 2,
      "max_normal_n": 0.8396589756011963,
      "denial_reasons": {
        "known_unsafe_context": 5,
        "abort_latched": 22
      }
    },
    "scene_v4": {
      "requests": 96,
      "admitted": 24,
      "executed_qualified": 24,
      "refused": 72,
      "no_motion_requests": 8,
      "no_motion_admitted": 2,
      "moving_admitted": 22,
      "moving_executed_qualified": 22,
      "refused_neutral_safe": 72,
      "aborts": 0,
      "max_normal_n": 0.0,
      "denial_reasons": {
        "predicted_scene_overlap": 72
      }
    }
  },
  "geometry_refusals": 72,
  "maximum_fk_position_error_m": 7.214846995395874e-07,
  "maximum_fk_quaternion_component_error": 3.084647569318033e-07,
  "geometry_schema_sha256": "6e63a656b16b260254796ec342f1e35ed156dba887f89ee6c076472209c32632",
  "arm_target_max_error_rad": 0.0,
  "arm_actual_target_deviation_rad": 0.00010859966278076172
}
