delayed same initial pose and commands; changed physical trajectory violations 11 rate_error {'arm_body': 14.354757964611053, 'full_com_body': 0.872256699949503}
event 6 self_F 575 ['F_L/fr3_link1', 'F_L/fr3_link6'] LP_max_slack_mm 0.0 max_subset_residual_mm 0.007308
event 12 table 449 ['U_R/hand/right_thumb_4', 'table[0]'] LP_max_slack_mm 0.0 max_subset_residual_mm 0.008569
event 13 table 335 ['U_R/hand/right_thumb_4', 'table[1]'] LP_max_slack_mm 0.0 max_subset_residual_mm 1e-06
event 15 self_F 369 ['F_L/fr3_link4', 'F_R/hand/right_index_1'] LP_max_slack_mm 0.0 max_subset_residual_mm 2e-06
event 15 self_U 348 ['U_R/upper_arm_link', 'U_R/wrist_2_link'] LP_max_slack_mm 0.0 max_subset_residual_mm 0.001738
event 20 table 569 ['F_R/hand/right_index_1', 'table[0]'] LP_max_slack_mm 0.0 max_subset_residual_mm 1e-06
event 22 table 387 ['U_L/wrist_2_link', 'table[1]'] LP_max_slack_mm 0.0 max_subset_residual_mm 2e-06
event 25 self_U 91 ['U_L/upper_arm_link', 'U_L/wrist_1_link'] LP_max_slack_mm 0.0 max_subset_residual_mm 0.107052
event 25 table 90 ['U_L/hand/left_middle_2', 'table[1]'] LP_max_slack_mm 0.0 max_subset_residual_mm 0.107052
event 28 self_U 560 ['U_L/forearm_link', 'U_R/hand/right_index_2'] LP_max_slack_mm 0.0 max_subset_residual_mm 0.003472
event 28 table 566 ['U_L/hand/wrist_3_link', 'table[1]'] LP_max_slack_mm 0.0 max_subset_residual_mm 0.040906
event 29 self_U 389 ['U_L/upper_arm_link', 'U_L/wrist_1_link'] LP_max_slack_mm 0.0 max_subset_residual_mm 0.080957
event 29 table 570 ['F_R/hand/right_pinky_1', 'table[0]'] LP_max_slack_mm 0.0 max_subset_residual_mm 1e-06
event 30 self_F 456 ['F_L/fr3_link6', 'F_R/hand/right_thumb_2'] LP_max_slack_mm 0.0 max_subset_residual_mm 0.037327
event 31 self_F 370 ['F_L/fr3_link2', 'F_L/hand/left_middle_1'] LP_max_slack_mm 0.0 max_subset_residual_mm 0.037209
nominal_table exact original trajectory violations 1 rate_error {'arm_body': 8.309805989265444, 'full_com_body': 0.259128585457802}
event 9 table 257 ['U_R/hand/right_little_2', 'table[1]'] LP_max_slack_mm 0.0 max_subset_residual_mm 0.033051
nominal_debit infeasible 0 / 90
nominal_critical infeasible 0 / 0
nominal_both infeasible 0 / 90
delayed_debit infeasible 2 / 66
delayed_critical infeasible 0 / 42
delayed_both infeasible 2 / 72
