test_corrupt_exempt_inputs_and_bad_queue_do_not_turn_safe (__main__.IndependentOracleTests) ... ok
test_exemption_and_dmin_have_distinct_meanings (__main__.IndependentOracleTests) ... ok
test_gap_exact_decimal_boundary_and_monotonicity (__main__.IndependentOracleTests) ... ok
test_intermediate_pending_rejects_last_only_mutant (__main__.IndependentOracleTests) ... ok
test_joint_arms_reject_single_arm_mutant (__main__.IndependentOracleTests) ... ok
test_new_target_delivered_only_on_transition_seven (__main__.IndependentOracleTests) ... ok
test_opening_cannot_hide_measured_minimum (__main__.IndependentOracleTests) ... ok
test_reference_reachable_intersection_and_tangent (__main__.IndependentOracleTests) ... ok
test_reference_unreachable_tight_gap_never_snaps (__main__.IndependentOracleTests) ... ok
test_velocity_without_target_debt_rejects_static_only_mutant (__main__.IndependentOracleTests) ... ok
test_absolute_targets_not_summed_as_increments (__main__.ReserveContractTests) ... ok
test_actual_six_slot_fifo_first_new_delivery_transition7 (__main__.ReserveContractTests) ... ok
test_all_exempt_or_empty_rows_abort (__main__.ReserveContractTests) ... ok
test_each_joint_all_four_arm_slices (__main__.ReserveContractTests) ... ok
test_every_pending_slot_can_determine_minimum (__main__.ReserveContractTests) ... ok
test_exact_original_exemption_and_per_row_dmin (__main__.ReserveContractTests) ... ok
test_final_row_of9021_is_not_dropped (__main__.ReserveContractTests) ... ok
test_finite_overflow_in_displacement_projection_and_margin_aborts (__main__.ReserveContractTests) ... ok
test_gap_invalid_mode_or_nonfinite_never_returns_safe (__main__.ReserveContractTests) ... ok
test_gap_modes_boundaries_and_ulp_neighbors (__main__.ReserveContractTests) ... ok
test_joint_reinforcement_and_cancellation (__main__.ReserveContractTests) ... ok
test_malformed_batch_or_row_broadcast_is_rejected (__main__.ReserveContractTests) ... ok
test_missing_extra_components_and_queue_length_abort (__main__.ReserveContractTests) ... ok
test_nonfinite_inputs_including_exempt_entries_abort (__main__.ReserveContractTests) ... ok
test_row_permutation_duplication_and_batch_isolation (__main__.ReserveContractTests) ... ok
test_seeded_multirow_multienv_oracle_float32_and64 (__main__.ReserveContractTests) ... ok
test_velocity_at_zero_debt_and_direction (__main__.ReserveContractTests) ... ok
test_baseline050_matches_sealed_original_on_valid_inputs (__main__.ReferenceContractTests) ... ok
test_invalid_shapes_order_or_original_unreachable_abort (__main__.ReferenceContractTests) ... ok
test_nonfinite_state_limit_box_and_gap_abort (__main__.ReferenceContractTests) ... ok
test_perenv_gap_and_unreachable_does_not_snap (__main__.ReferenceContractTests) ... ok
test_real_install_dynamic_provider_limits_r19_passthrough (__main__.ReferenceContractTests) ... ok
test_scalar_geometric_interval_oracle_and_soft_limits (__main__.ReferenceContractTests) ... ok
test_all9021_rows_retained_and_insufficient_budget_aborts (__main__.GuardWiringTests) ... ok
test_current_proposal_changes_admission_but_not_prequeue_reserve (__main__.GuardWiringTests) ... ok
test_exact_guard_modes_have_identical_old_target_admission (__main__.GuardWiringTests) ... ok
test_hidden_nonfinite_last_row_aborts_before_projection (__main__.GuardWiringTests) ... ok
test_producer_physics_order_and_no_queue_writes_in_guard (__main__.GuardWiringTests) ... ok

----------------------------------------------------------------------
Ran 38 tests in 3.087s

OK
TESTED_SOURCE_SHA256 {"guard_runner.py": "ae198e7ef7d6c8c144eb34e456c452283dfed948f4e4c9c7bdbdc21729fa5d79", "projection_diagnostics.py": "1e2c371d7a8d4a1e7c5c943e585225141412e63b0a70ea98989534bc600a1869", "reference_envelope.py": "2ae5b20dd4bb797a7e450f66652759f9e22c3c0bf69a188650d4cea179cf1d3a", "target_forecast.py": "e4644512a380e22d06984401d7ad5081219c3b60b4172f1ea01eb5d3902373d6", "tracking_reserve.py": "c7c0190c4c3455ce85a9429863826983c4a6acc6cf144e5bf79464f9ce191b7c"}
