test_corrupt_exempt_inputs_and_bad_queue_do_not_turn_safe (__main__.IndependentOracleTests) ... ok
test_exemption_and_dmin_have_distinct_meanings (__main__.IndependentOracleTests) ... ok
test_gap_exact_decimal_boundary_and_monotonicity (__main__.IndependentOracleTests) ... ok
test_intermediate_pending_rejects_last_only_mutant (__main__.IndependentOracleTests) ... ok
test_joint_arms_reject_single_arm_mutant (__main__.IndependentOracleTests) ... ok
test_new_target_delivered_only_on_transition_seven (__main__.IndependentOracleTests) ... ok
test_opening_cannot_hide_measured_minimum (__main__.IndependentOracleTests) ... ok
test_reference_reachable_intersection_and_tangent (__main__.IndependentOracleTests) ... ok
test_reference_unreachable_tight_gap_never_snaps (__main__.IndependentOracleTests) ... ok
test_velocity_without_target_debt_rejects_static_only_mutant (__main__.IndependentOracleTests) ... ok
test_registered_interface_available (__main__.CandidateAvailability) ... FAIL

======================================================================
FAIL: test_registered_interface_available (__main__.CandidateAvailability)
----------------------------------------------------------------------
Traceback (most recent call last):
  File "/home/liyufeng/safeduo/artifacts/safety_tracking_reserve_20261006_1535/astra_tracking_tests.py", line 89, in test_registered_interface_available
    self.fail('RED_INTERFACE_UNAVAILABLE: registration and candidate interface have not yet been inspected/bound; not an implementation verdict')
AssertionError: RED_INTERFACE_UNAVAILABLE: registration and candidate interface have not yet been inspected/bound; not an implementation verdict

----------------------------------------------------------------------
Ran 11 tests in 0.012s

FAILED (failures=1)
