{"event": "INDEPENDENT_CHUNKS_READ", "condition": "tight_reference_1032170814", "frames": 256}
{"event": "INDEPENDENT_CHUNKS_READ", "condition": "joint_reference_1032170814", "frames": 256}
{"event": "INDEPENDENT_CHUNKS_READ", "condition": "tight_reference_1032170814", "frames": 512}
{"event": "INDEPENDENT_CHUNKS_READ", "condition": "joint_reference_1032170814", "frames": 512}
{"event": "INDEPENDENT_CHUNKS_READ", "condition": "tight_reference_1032170814", "frames": 768}
{"event": "INDEPENDENT_CHUNKS_READ", "condition": "joint_reference_1032170814", "frames": 768}
{"event": "INDEPENDENT_CHUNKS_READ", "condition": "tight_reference_1032170814", "frames": 960}
{"event": "INDEPENDENT_CHUNKS_READ", "condition": "joint_reference_1032170814", "frames": 960}
{"event": "INDEPENDENT_CELL_CLOSED", "index": 1, "id": "tight_reference_1032170814", "status": "VERIFIED", "error": null}
{"event": "INDEPENDENT_CELL_CLOSED", "index": 0, "id": "joint_reference_1032170814", "status": "VERIFIED", "error": null}
{"event": "INDEPENDENT_CHUNKS_READ", "condition": "delay_reserve_1032170814", "frames": 256}
{"event": "INDEPENDENT_CHUNKS_READ", "condition": "joint_reference_2128673010", "frames": 256}
{"event": "INDEPENDENT_CHUNKS_READ", "condition": "delay_reserve_1032170814", "frames": 512}
{"event": "INDEPENDENT_CHUNKS_READ", "condition": "joint_reference_2128673010", "frames": 512}
{"event": "INDEPENDENT_CHUNKS_READ", "condition": "delay_reserve_1032170814", "frames": 768}
{"event": "INDEPENDENT_CHUNKS_READ", "condition": "joint_reference_2128673010", "frames": 768}
{"event": "INDEPENDENT_CHUNKS_READ", "condition": "delay_reserve_1032170814", "frames": 960}
{"event": "INDEPENDENT_CHUNKS_READ", "condition": "joint_reference_2128673010", "frames": 960}
{"event": "INDEPENDENT_CELL_CLOSED", "index": 2, "id": "delay_reserve_1032170814", "status": "VERIFIED", "error": null}
{"event": "INDEPENDENT_CELL_CLOSED", "index": 6, "id": "joint_reference_2128673010", "status": "VERIFIED", "error": null}
{"event": "INDEPENDENT_CHUNKS_READ", "condition": "joint_reference_1524916601", "frames": 256}
{"event": "INDEPENDENT_CHUNKS_READ", "condition": "tight_reference_1524916601", "frames": 256}
{"event": "INDEPENDENT_CHUNKS_READ", "condition": "joint_reference_1524916601", "frames": 512}
{"event": "INDEPENDENT_CHUNKS_READ", "condition": "tight_reference_1524916601", "frames": 512}
{"event": "INDEPENDENT_CHUNKS_READ", "condition": "joint_reference_1524916601", "frames": 768}
{"event": "INDEPENDENT_CHUNKS_READ", "condition": "tight_reference_1524916601", "frames": 768}
{"event": "INDEPENDENT_CHUNKS_READ", "condition": "joint_reference_1524916601", "frames": 960}
{"event": "INDEPENDENT_CHUNKS_READ", "condition": "tight_reference_1524916601", "frames": 960}
{"event": "INDEPENDENT_CELL_CLOSED", "index": 3, "id": "joint_reference_1524916601", "status": "VERIFIED", "error": null}
{"event": "INDEPENDENT_CELL_CLOSED", "index": 4, "id": "tight_reference_1524916601", "status": "VERIFIED", "error": null}
{"event": "INDEPENDENT_CHUNKS_READ", "condition": "delay_reserve_1524916601", "frames": 256}
{"event": "INDEPENDENT_CHUNKS_READ", "condition": "tight_reference_2128673010", "frames": 256}
{"event": "INDEPENDENT_CHUNKS_READ", "condition": "delay_reserve_1524916601", "frames": 512}
{"event": "INDEPENDENT_CHUNKS_READ", "condition": "tight_reference_2128673010", "frames": 512}
{"event": "INDEPENDENT_CHUNKS_READ", "condition": "delay_reserve_1524916601", "frames": 768}
{"event": "INDEPENDENT_CHUNKS_READ", "condition": "tight_reference_2128673010", "frames": 768}
{"event": "INDEPENDENT_CHUNKS_READ", "condition": "delay_reserve_1524916601", "frames": 960}
{"event": "INDEPENDENT_CHUNKS_READ", "condition": "tight_reference_2128673010", "frames": 960}
{"event": "INDEPENDENT_CELL_CLOSED", "index": 5, "id": "delay_reserve_1524916601", "status": "VERIFIED", "error": null}
{"event": "INDEPENDENT_CELL_CLOSED", "index": 7, "id": "tight_reference_2128673010", "status": "VERIFIED", "error": null}
{"event": "INDEPENDENT_CHUNKS_READ", "condition": "delay_reserve_2128673010", "frames": 256}
{"event": "INDEPENDENT_CHUNKS_READ", "condition": "delay_reserve_2128673010", "frames": 512}
{"event": "INDEPENDENT_CHUNKS_READ", "condition": "delay_reserve_2128673010", "frames": 768}
{"event": "INDEPENDENT_CHUNKS_READ", "condition": "delay_reserve_2128673010", "frames": 960}
{"event": "INDEPENDENT_CELL_CLOSED", "index": 8, "id": "delay_reserve_2128673010", "status": "VERIFIED", "error": null}
PASS_COMPLETE_INDEPENDENT_TRACKING_NUMERIC
