{
  "status": "PASS_READ_ONLY_TRACE_LOCALIZATION",
  "reference_fk": {
    "F_L": {
      "time_s": [
        14.2,
        15.2,
        15.5,
        16.1,
        17.7,
        18.7,
        19.5,
        20.2
      ],
      "reference_flange_m": [
        [
          0.3368009626865387,
          -0.369971364736557,
          1.0211611986160278
        ],
        [
          0.3368009626865387,
          -0.369971364736557,
          1.0211611986160278
        ],
        [
          0.3368009626865387,
          -0.369971364736557,
          1.0211611986160278
        ],
        [
          0.3368009626865387,
          -0.369971364736557,
          1.0211611986160278
        ],
        [
          0.3368009626865387,
          -0.369971364736557,
          1.0211611986160278
        ],
        [
          0.3368009626865387,
          -0.369971364736557,
          1.0211611986160278
        ],
        [
          0.3368009626865387,
          -0.369971364736557,
          1.0211611986160278
        ],
        [
          0.3368009626865387,
          -0.369971364736557,
          1.0211611986160278
        ]
      ],
      "release_15_2_to_17_7_delta_m": [
        0.0,
        0.0,
        0.0
      ]
    },
    "F_R": {
      "time_s": [
        14.2,
        15.2,
        15.5,
        16.1,
        17.7,
        18.7,
        19.5,
        20.2
      ],
      "reference_flange_m": [
        [
          0.3371196687221527,
          0.36724239587783813,
          1.020992398262024
        ],
        [
          0.3371196687221527,
          0.36724239587783813,
          1.020992398262024
        ],
        [
          0.3371196687221527,
          0.36724239587783813,
          1.020992398262024
        ],
        [
          0.3371196687221527,
          0.36724239587783813,
          1.020992398262024
        ],
        [
          0.3371196687221527,
          0.36724239587783813,
          1.020992398262024
        ],
        [
          0.3371196687221527,
          0.36724239587783813,
          1.020992398262024
        ],
        [
          0.3371196687221527,
          0.36724239587783813,
          1.020992398262024
        ],
        [
          0.3371196687221527,
          0.36724239587783813,
          1.020992398262024
        ]
      ],
      "release_15_2_to_17_7_delta_m": [
        0.0,
        0.0,
        0.0
      ]
    },
    "U_L": {
      "time_s": [
        14.2,
        15.2,
        15.5,
        16.1,
        17.7,
        18.7,
        19.5,
        20.2
      ],
      "reference_flange_m": [
        [
          -0.757992684841156,
          -0.02884608507156372,
          0.9517105221748352
        ],
        [
          -0.757992684841156,
          -0.02884608507156372,
          0.9517105221748352
        ],
        [
          -0.757992684841156,
          -0.02884608507156372,
          0.9517105221748352
        ],
        [
          -0.757992684841156,
          -0.02884608507156372,
          0.9517105221748352
        ],
        [
          -0.757992684841156,
          -0.02884608507156372,
          0.9517105221748352
        ],
        [
          -0.757992684841156,
          -0.02884608507156372,
          0.9517105221748352
        ],
        [
          -0.7925748825073242,
          -0.031531739979982376,
          0.9468909502029419
        ],
        [
          -0.821031391620636,
          -0.031906288117170334,
          0.9428743720054626
        ]
      ],
      "release_15_2_to_17_7_delta_m": [
        0.0,
        0.0,
        0.0
      ]
    },
    "U_R": {
      "time_s": [
        14.2,
        15.2,
        15.5,
        16.1,
        17.7,
        18.7,
        19.5,
        20.2
      ],
      "reference_flange_m": [
        [
          -0.22106358408927917,
          -0.0379779078066349,
          0.9591631889343262
        ],
        [
          -0.22106358408927917,
          -0.0379779078066349,
          0.9591631889343262
        ],
        [
          -0.22106358408927917,
          -0.0379779078066349,
          0.9591631889343262
        ],
        [
          -0.22106358408927917,
          -0.0379779078066349,
          0.9591631889343262
        ],
        [
          -0.22106358408927917,
          -0.0379779078066349,
          0.9591631889343262
        ],
        [
          -0.22106358408927917,
          -0.0379779078066349,
          0.9591631889343262
        ],
        [
          -0.1889817863702774,
          -0.03988233581185341,
          0.9508419632911682
        ],
        [
          -0.1643018126487732,
          -0.042775560170412064,
          0.9431173205375671
        ]
      ],
      "release_15_2_to_17_7_delta_m": [
        0.0,
        0.0,
        0.0
      ]
    }
  },
  "rows": 48
}
