Loading user config located at: '/home/liyufeng/miniforge3/envs/safeduo/lib/python3.11/site-packages/isaacsim/kit/data/Kit/Isaac-Sim/5.1/user.config.json'
[Info] [carb] Logging to file: /home/liyufeng/miniforge3/envs/safeduo/lib/python3.11/site-packages/isaacsim/kit/logs/Kit/Isaac-Sim/5.1/kit_20261006_074316.log
2026-10-05T23:43:16Z [155ms] [Warning] [carb.windowing-glfw.plugin] GLFW initialization failed.
2026-10-05T23:43:16Z [155ms] [Warning] [carb] Failed to startup plugin carb.windowing-glfw.plugin (interfaces: [carb::windowing::IGLContext v1.0],[carb::windowing::IWindowing v1.5]) (impl: carb.windowing-glfw.plugin)
2026-10-05T23:43:16Z [194ms] [Warning] [omni.platforminfo.plugin] failed to open the default display.  Can't verify X Server version.
2026-10-05T23:43:16Z [206ms] [Warning] [carb.cudainterop.plugin] CUDA_VISIBLE_DEVICES environment variable is set.
2026-10-05T23:43:16Z [206ms] [Warning] [carb.cudainterop.plugin] Note CUDA device enumeration and Omniverse device enumeration are different.
2026-10-05T23:43:16Z [206ms] [Warning] [carb.cudainterop.plugin] Setting CUDA_VISIBLE_DEVICES can lead to undesired behavior or crashes.
2026-10-05T23:43:17Z [487ms] [Warning] [carb.windowing-glfw.plugin] GLFW initialization failed.
2026-10-05T23:43:17Z [487ms] [Warning] [carb] Failed to startup plugin carb.windowing-glfw.plugin (interfaces: [carb::windowing::IGLContext v1.0],[carb::windowing::IWindowing v1.5]) (impl: carb.windowing-glfw.plugin)

|---------------------------------------------------------------------------------------------|
| Driver Version: 570.124.06    | Graphics API: Vulkan
|=============================================================================================|
| GPU | Name                             | Active | LDA | GPU Memory | Vendor-ID | LUID       |
|     |                                  |        |     |            | Device-ID | UUID       |
|     |                                  |        |     |            | Bus-ID    |            |
|---------------------------------------------------------------------------------------------|
| 0   | NVIDIA GeForce RTX 5090          |        |     | 32607   MB | 10de      | 0          |
|     |                                  |        |     |            | 2b85      | b129224c.. |
|     |                                  |        |     |            | 41        |            |
|---------------------------------------------------------------------------------------------|
| 1   | NVIDIA GeForce RTX 5090          | Yes: 0 |     | 32607   MB | 10de      | 0          |
|     |                                  |        |     |            | 2b85      | 828bb172.. |
|     |                                  |        |     |            | 81        |            |
|=============================================================================================|
| OS: 22.04.5 LTS (Jammy Jellyfish) ubuntu, Version: 22.04.5, Kernel: 6.8.0-138-generic
| Processor: AMD Ryzen Threadripper 7960X 24-Cores
| Cores: 24 | Logical Cores: 48
|---------------------------------------------------------------------------------------------|
| Total Memory (MB): 257228 | Free Memory: 52408
| Total Page/Swap (MB): 131071 | Free Page/Swap: 0
|---------------------------------------------------------------------------------------------|
2026-10-05T23:43:18Z [1,549ms] [Warning] [gpu.foundation.plugin] IOMMU is enabled.
2026-10-05T23:43:18Z [1,549ms] [Warning] [gpu.foundation.plugin] Detected IOMMU is enabled. Running CUDA peer-to-peer bandwidth and latency validation.
Unidirectional P2P=Enabled Bandwidth (P2P Writes) Matrix (GB/s)
   D\D     0      1 
     0 1511.12   3.60 
     1   3.56 1524.72 
P2P=Enabled Latency (P2P Writes) Matrix (us)
   GPU     0      1 
     0   2.11  10.37 
     1  11.57   2.06 

   CPU     0      1 
     0   1.85   5.18 
     1   5.11   1.70 
2026-10-05T23:43:18Z [2,020ms] [Warning] [gpu.foundation.plugin] CUDA peer-to-peer observed bandwidth: 3.6 GB/s.
2026-10-05T23:43:18Z [2,020ms] [Warning] [gpu.foundation.plugin] CUDA peer-to-peer observed latency: 11.6 us.
2026-10-05T23:43:18Z [2,020ms] [Warning] [gpu.foundation.plugin] Please verify if observed bandwidth and latency are expected.
[INFO][AppLauncher]: Using device: cuda:1
[INFO][AppLauncher]: Loading experience file: /home/liyufeng/safeduo_isaaclab/apps/isaaclab.python.headless.rendering.kit

[36m======================================================================================[0m
[36m[1m[INFO][IsaacLab]: Logging to file: /tmp/isaaclab/logs/isaaclab_2026-10-06_07-43-25.log[0m
[36m======================================================================================[0m

[33m07:43:25 [simulation_context.py] WARNING: The `enable_external_forces_every_iteration` parameter in the PhysxCfg is set to False. If you are experiencing noisy velocities, consider enabling this flag. You may need to slightly increase the number of velocity iterations (setting it to 1 or 2 rather than 0), together with this flag, to improve the accuracy of velocity updates.[0m
2026-10-05T23:43:19Z [2,661ms] [Warning] [carb.windowing-glfw.plugin] GLFW initialization failed.
2026-10-05T23:43:19Z [2,661ms] [Warning] [carb] Failed to startup plugin carb.windowing-glfw.plugin (interfaces: [carb::windowing::IGLContext v1.0],[carb::windowing::IWindowing v1.5]) (impl: carb.windowing-glfw.plugin)
2026-10-05T23:43:19Z [2,701ms] [Warning] [carb.windowing-glfw.plugin] GLFW initialization failed.
2026-10-05T23:43:19Z [2,701ms] [Warning] [carb] Failed to startup plugin carb.windowing-glfw.plugin (interfaces: [carb::windowing::IGLContext v1.0],[carb::windowing::IWindowing v1.5]) (impl: carb.windowing-glfw.plugin)
2026-10-05T23:43:19Z [2,713ms] [Warning] [carb.windowing-glfw.plugin] GLFW initialization failed.
2026-10-05T23:43:19Z [2,713ms] [Warning] [carb] Failed to startup plugin carb.windowing-glfw.plugin (interfaces: [carb::windowing::IGLContext v1.0],[carb::windowing::IWindowing v1.5]) (impl: carb.windowing-glfw.plugin)
2026-10-05T23:43:19Z [2,728ms] [Warning] [carb.windowing-glfw.plugin] GLFW initialization failed.
2026-10-05T23:43:19Z [2,728ms] [Warning] [carb] Failed to startup plugin carb.windowing-glfw.plugin (interfaces: [carb::windowing::IGLContext v1.0],[carb::windowing::IWindowing v1.5]) (impl: carb.windowing-glfw.plugin)
2026-10-05T23:43:19Z [2,730ms] [Warning] [carb.windowing-glfw.plugin] GLFW initialization failed.
2026-10-05T23:43:19Z [2,730ms] [Warning] [carb] Failed to startup plugin carb.windowing-glfw.plugin (interfaces: [carb::windowing::IGLContext v1.0],[carb::windowing::IWindowing v1.5]) (impl: carb.windowing-glfw.plugin)
2026-10-05T23:43:19Z [2,732ms] [Warning] [carb.windowing-glfw.plugin] GLFW initialization failed.
2026-10-05T23:43:19Z [2,732ms] [Warning] [carb] Failed to startup plugin carb.windowing-glfw.plugin (interfaces: [carb::windowing::IGLContext v1.0],[carb::windowing::IWindowing v1.5]) (impl: carb.windowing-glfw.plugin)
2026-10-05T23:43:19Z [2,995ms] [Warning] [omni.log] Source: omni.hydra was already registered.
2026-10-05T23:43:20Z [3,380ms] [Warning] [carb] Acquiring non optional plugin interface which is not listed as dependency: [omni::physx::IPhysxBenchmarks v1.0] (plugin: <default plugin>), by client: omni.physics.physx.plugin. Add it to CARB_PLUGIN_IMPL_DEPS() macro of a client.
2026-10-05T23:43:20Z [3,390ms] [Warning] [omni.isaac.dynamic_control] omni.isaac.dynamic_control is deprecated as of Isaac Sim 4.5. No action is needed from end-users.
2026-10-05T23:43:20Z [3,983ms] [Warning] [pxr.Semantics] pxr.Semantics is deprecated - please use Semantics instead
2026-10-05T23:43:20Z [4,105ms] [Warning] [omni.graph.core.plugin] Found duplicate of category 'Replicator' - was 'Annotators', adding 'Fabric Reader'
2026-10-05T23:43:20Z [4,105ms] [Warning] [omni.graph.core.plugin] Category 'Replicator' not accepted on node type 'omni.replicator.core.FabricReader' in extension 'omni.replicator.core'
2026-10-05T23:43:20Z [4,107ms] [Warning] [omni.replicator.core.scripts.extension] No material configuration file, adding configuration to material settings directly.
2026-10-05T23:43:22Z [5,506ms] [Warning] [omni.kvdb.plugin] Disabling key-value database because another kit process is locking it
2026-10-05T23:43:24Z [7,882ms] [Warning] [omni.fabric.plugin] Warning: attribute viewportHandle not found for bucket id 7

2026-10-05T23:43:32Z [15,320ms] [Warning] [omni.fabric.plugin] getAttributeCount called on non-existent path /World/envs/env_9/U_R/wrist_3_link/visuals/r_flange/node_STL_BINARY_
2026-10-05T23:43:32Z [15,320ms] [Warning] [omni.fabric.plugin] getTypes called on non-existent path /World/envs/env_9/U_R/wrist_3_link/visuals/r_flange/node_STL_BINARY_
2026-10-05T23:43:36Z [19,310ms] [Error] [usdrt.scenegraph.plugin] C++ UsdStage::SelectPrims: GPU 1 requested. GPUs other than cuda:0 are not currently supported
