{
  "status": "PASS_READ_ONLY_REPRODUCTION",
  "dense_audit_executed": false,
  "rows": [
    {
      "id": "admission_full_278060357",
      "violations": 16,
      "deep": 12,
      "classes": [
        0,
        0,
        1,
        15
      ],
      "cell_sha256": "087400ed021b2efb151bc77bf2add64839ea0325393bae6b27abc02a115d336e",
      "actual_applied_fifo_exact": true
    },
    {
      "id": "admission_scaled_036_278060357",
      "violations": 3,
      "deep": 1,
      "classes": [
        0,
        0,
        0,
        3
      ],
      "cell_sha256": "263dbac866856b3e1b1586c27fbcd934b5a6fe2e25d0f918a0f271da739220f1",
      "actual_applied_fifo_exact": true
    },
    {
      "id": "joint_reference_278060357",
      "violations": 9,
      "deep": 6,
      "classes": [
        0,
        0,
        1,
        8
      ],
      "cell_sha256": "be671a0477b1ee76d4d2cf9af1ea661c4285dddab1f0b28c539fca49d073c606",
      "actual_applied_fifo_exact": true
    },
    {
      "id": "joint_repair_278060357",
      "violations": 10,
      "deep": 6,
      "classes": [
        0,
        0,
        1,
        10
      ],
      "cell_sha256": "4c47c996aedddcef6c39888545a6dddc711a0e72bebefab9b67ed9e08dc36b0b",
      "actual_applied_fifo_exact": true
    },
    {
      "id": "admission_full_973625877",
      "violations": 21,
      "deep": 18,
      "classes": [
        1,
        1,
        4,
        19
      ],
      "cell_sha256": "165d4cc913e1fcb1b00dabddb996982303c51c379e2dbf45d301add92a9f3d0b",
      "actual_applied_fifo_exact": true
    },
    {
      "id": "admission_scaled_036_973625877",
      "violations": 5,
      "deep": 4,
      "classes": [
        0,
        0,
        0,
        5
      ],
      "cell_sha256": "f22c96c79edcf9595dfede6146fa46aa421e47d2c502b14bb8772b23553f36d9",
      "actual_applied_fifo_exact": true
    },
    {
      "id": "joint_reference_973625877",
      "violations": 8,
      "deep": 5,
      "classes": [
        2,
        0,
        0,
        7
      ],
      "cell_sha256": "14ad2cee1f474bc61c8b4e68d096c6314224cd411124af6d4ee876cc530915b9",
      "actual_applied_fifo_exact": true
    },
    {
      "id": "joint_repair_973625877",
      "violations": 10,
      "deep": 8,
      "classes": [
        2,
        0,
        1,
        7
      ],
      "cell_sha256": "27be727409338a4ded67d674830a5ce4473814a688607ae6b635167db7124069",
      "actual_applied_fifo_exact": true
    },
    {
      "id": "admission_full_517962307",
      "violations": 13,
      "deep": 12,
      "classes": [
        0,
        0,
        3,
        10
      ],
      "cell_sha256": "62f0ade727dd653cb4390df64e8da731522e516f000c736f11d55c6ae6aec0cc",
      "actual_applied_fifo_exact": true
    },
    {
      "id": "admission_scaled_036_517962307",
      "violations": 8,
      "deep": 5,
      "classes": [
        0,
        0,
        0,
        8
      ],
      "cell_sha256": "0d4c054f3b0ef1d89f9f67d9e0e7c63bf2503b98aa370ed1184772a779149f9c",
      "actual_applied_fifo_exact": true
    },
    {
      "id": "joint_reference_517962307",
      "violations": 8,
      "deep": 6,
      "classes": [
        0,
        0,
        0,
        8
      ],
      "cell_sha256": "4bc39a6441eecf07e4d4992835a166b3b41fc2126019216243d31cf6e7bc7d51",
      "actual_applied_fifo_exact": true
    },
    {
      "id": "joint_repair_517962307",
      "violations": 10,
      "deep": 6,
      "classes": [
        0,
        0,
        0,
        10
      ],
      "cell_sha256": "2404bd591ef89b6192f1d6bb3ddf56af813d32ed25e9d690271f3449c1a06049",
      "actual_applied_fifo_exact": true
    }
  ],
  "totals": {
    "admission_full": {
      "windows": 192,
      "violations": 50,
      "deep": 42
    },
    "admission_scaled_036": {
      "windows": 192,
      "violations": 16,
      "deep": 10
    },
    "joint_reference": {
      "windows": 192,
      "violations": 25,
      "deep": 17
    },
    "joint_repair": {
      "windows": 192,
      "violations": 30,
      "deep": 20
    }
  },
  "primary_rescued": 4,
  "primary_new_failures": 9,
  "scope": "original stored strict/deep/class endpoints and actual appliedFIFO6; --dense additionally executes exact registered fullforecast helper; no metadata/raw writes, no safety approval"
}
