CPU_WAIT retry_subjob_batch1_shard1_verified_20261010T000407925933Z_physical 0.0
CPU_WAIT retry_subjob_batch1_shard1_verified_20261010T000407925933Z_physical 20.0
CPU_WAIT retry_subjob_batch1_shard1_verified_20261010T000407925933Z_physical 40.0
CPU_WAIT retry_subjob_batch1_shard1_verified_20261010T000407925933Z_physical 60.0
CPU_WAIT retry_subjob_batch1_shard1_verified_20261010T000407925933Z_physical 80.0
CPU_WAIT retry_subjob_batch1_shard1_verified_20261010T000407925933Z_physical 100.0
CPU_WAIT retry_subjob_batch1_shard1_verified_20261010T000407925933Z_physical 120.0
CPU_WAIT retry_subjob_batch1_shard1_verified_20261010T000407925933Z_physical 140.0
CPU_WAIT retry_subjob_batch1_shard1_verified_20261010T000407925933Z_physical 160.0
CPU_WAIT retry_subjob_batch1_shard1_verified_20261010T000407925933Z_physical 180.0
CPU_WAIT retry_subjob_batch1_shard1_verified_20261010T000407925933Z_physical 200.0
physical ACTUAL_WAIT 0 PASS_SUBJOB_EVIDENCE_INTEGRITY_ONLY
CPU_WAIT retry_subjob_batch1_shard1_verified_20261010T000407925933Z_state 0.0
state ACTUAL_WAIT 0 PASS_SUBJOB_STATE_INPUT_RECORDED_RESOURCE_ONLY
CPU_WAIT retry_subjob_batch1_shard1_verified_20261010T000407925933Z_model 0.0
CPU_WAIT retry_subjob_batch1_shard1_verified_20261010T000407925933Z_model 20.0
CPU_WAIT retry_subjob_batch1_shard1_verified_20261010T000407925933Z_model 40.0
CPU_WAIT retry_subjob_batch1_shard1_verified_20261010T000407925933Z_model 60.0
CPU_WAIT retry_subjob_batch1_shard1_verified_20261010T000407925933Z_model 80.0
CPU_WAIT retry_subjob_batch1_shard1_verified_20261010T000407925933Z_model 100.0
CPU_WAIT retry_subjob_batch1_shard1_verified_20261010T000407925933Z_model 120.0
CPU_WAIT retry_subjob_batch1_shard1_verified_20261010T000407925933Z_model 140.0
CPU_WAIT retry_subjob_batch1_shard1_verified_20261010T000407925933Z_model 160.0
CPU_WAIT retry_subjob_batch1_shard1_verified_20261010T000407925933Z_model 180.0
CPU_WAIT retry_subjob_batch1_shard1_verified_20261010T000407925933Z_model 200.0
CPU_WAIT retry_subjob_batch1_shard1_verified_20261010T000407925933Z_model 220.0
model ACTUAL_WAIT 0 PASS_MODEL_DATA_ONLY
