test_armature_gravity_coriolis_are_explicit_sensitivities (__main__.AnalyticalTests.test_armature_gravity_coriolis_are_explicit_sensitivities) ... ok
test_coupled_mass_satisfies_implicit_balance (__main__.AnalyticalTests.test_coupled_mass_satisfies_implicit_balance) ... ok
test_initial_dynamics_require_explicit_values (__main__.AnalyticalTests.test_initial_dynamics_require_explicit_values) ... ok
test_input_arrays_are_not_mutated (__main__.AnalyticalTests.test_input_arrays_are_not_mutated) ... ok
test_new_macro_resets_from_supplied_native_state (__main__.AnalyticalTests.test_new_macro_resets_from_supplied_native_state) ... ok
test_positive_and_negative_torque_saturation_analytic (__main__.AnalyticalTests.test_positive_and_negative_torque_saturation_analytic) ... ok
test_second_micro_does_not_teacher_force_to_native_first_micro (__main__.AnalyticalTests.test_second_micro_does_not_teacher_force_to_native_first_micro) ... ok
test_two_micro_matches_closed_form_diagonal_recurrence (__main__.AnalyticalTests.test_two_micro_matches_closed_form_diagonal_recurrence) ... ok
test_all36_exact_targets_enable_comparison (__main__.FuturePairingTests.test_all36_exact_targets_enable_comparison) ... ok
test_float64_or26_future_rejected (__main__.FuturePairingTests.test_float64_or26_future_rejected) ... ok
test_future_hand_mismatch_invalidates_all_later_states (__main__.FuturePairingTests.test_future_hand_mismatch_invalidates_all_later_states) ... ok
test_incomplete16_native_future_never_becomes_full36 (__main__.FuturePairingTests.test_incomplete16_native_future_never_becomes_full36) ... ok
test_asymmetric_indefinite_mass_and_negative_gains_rejected (__main__.NegativeTests.test_asymmetric_indefinite_mass_and_negative_gains_rejected) ... ok
test_changed_hand_target_within_macro_rejected (__main__.NegativeTests.test_changed_hand_target_within_macro_rejected) ... ok
test_misaligned_native_step_or_clock_rejected (__main__.NegativeTests.test_misaligned_native_step_or_clock_rejected) ... ok
test_nonconverged_numerical_solve_fails_closed (__main__.NegativeTests.test_nonconverged_numerical_solve_fails_closed) ... ok
test_nonfinite_inputs_rejected (__main__.NegativeTests.test_nonfinite_inputs_rejected) ... ok
test_signed_zero_is_a_byte_mismatch (__main__.NegativeTests.test_signed_zero_is_a_byte_mismatch) ... ok
test_target26_or_float64_is_not_native_full74 (__main__.NegativeTests.test_target26_or_float64_is_not_native_full74) ... ok
test_unknowns_are_preserved_even_for_exact_synthetic_model (__main__.NegativeTests.test_unknowns_are_preserved_even_for_exact_synthetic_model) ... ok
test_wrong_input_sha_rejected_without_writing_source (__main__.NegativeTests.test_wrong_input_sha_rejected_without_writing_source) ... ok
test_actual_wait_is_finished_zero_within_memory_limit (__main__.RealWitnessTests.test_actual_wait_is_finished_zero_within_memory_limit) ... ok
test_all74_fields_all_macros_retained_for_every_variant (__main__.RealWitnessTests.test_all74_fields_all_macros_retained_for_every_variant) ... ok
test_all_frozen493_and_all_recorded_inputs_unchanged (__main__.RealWitnessTests.test_all_frozen493_and_all_recorded_inputs_unchanged) ... ok
test_no_gpu_or_simulator_module_loaded (__main__.RealWitnessTests.test_no_gpu_or_simulator_module_loaded) ... ok
test_real_future_repeat_mismatches_disable36 (__main__.RealWitnessTests.test_real_future_repeat_mismatches_disable36) ... ok
test_real_native_known_failures_remain_observed (__main__.RealWitnessTests.test_real_native_known_failures_remain_observed) ... ok
test_solver_residual_not_promoted_to_native_bound (__main__.RealWitnessTests.test_solver_residual_not_promoted_to_native_bound) ... ok

----------------------------------------------------------------------
Ran 28 tests in 0.306s

OK
