POINT_REPLAY 32 / 960
POINT_REPLAY 64 / 960
POINT_REPLAY 96 / 960
POINT_REPLAY 128 / 960
POINT_REPLAY 160 / 960
POINT_REPLAY 192 / 960
POINT_REPLAY 224 / 960
POINT_REPLAY 256 / 960
POINT_REPLAY 288 / 960
POINT_REPLAY 320 / 960
POINT_REPLAY 352 / 960
POINT_REPLAY 384 / 960
POINT_REPLAY 416 / 960
POINT_REPLAY 448 / 960
POINT_REPLAY 480 / 960
POINT_REPLAY 512 / 960
POINT_REPLAY 544 / 960
POINT_REPLAY 576 / 960
POINT_REPLAY 608 / 960
POINT_REPLAY 640 / 960
POINT_REPLAY 672 / 960
POINT_REPLAY 704 / 960
POINT_REPLAY 736 / 960
POINT_REPLAY 768 / 960
POINT_REPLAY 800 / 960
POINT_REPLAY 832 / 960
POINT_REPLAY 864 / 960
POINT_REPLAY 896 / 960
POINT_REPLAY 928 / 960
POINT_REPLAY 960 / 960
CAMERA_MICRO qualified_views/final/step_0479_sub_none_capture_000017/env_000/state.json True
CAMERA_MICRO qualified_views/final/step_0479_sub_none_capture_000017/env_008/state.json True
CAMERA_MICRO qualified_views/final/step_0479_sub_none_capture_000017/env_016/state.json True
CAMERA_MICRO qualified_views/final/step_0479_sub_none_capture_000017/env_024/state.json True
CAMERA_MICRO qualified_views/first_raw_geometry_alarm/step_0000_sub_0_capture_000001/env_005/state.json True
CAMERA_MICRO qualified_views/first_raw_geometry_alarm/step_0004_sub_0_capture_000003/env_006/state.json True
CAMERA_MICRO qualified_views/first_raw_geometry_alarm/step_0015_sub_0_capture_000004/env_003/state.json True
CAMERA_MICRO qualified_views/first_raw_geometry_alarm/step_0015_sub_1_capture_000005/env_024/state.json True
CAMERA_MICRO qualified_views/first_raw_geometry_alarm/step_0028_sub_0_capture_000006/env_007/state.json True
CAMERA_MICRO qualified_views/first_raw_geometry_alarm/step_0036_sub_1_capture_000008/env_020/state.json True
CAMERA_MICRO qualified_views/first_raw_geometry_alarm/step_0059_sub_1_capture_000009/env_002/state.json True
CAMERA_MICRO qualified_views/first_raw_geometry_alarm/step_0072_sub_0_capture_000010/env_029/state.json True
CAMERA_MICRO qualified_views/first_raw_geometry_alarm/step_0110_sub_1_capture_000011/env_008/state.json True
CAMERA_MICRO qualified_views/first_raw_geometry_alarm/step_0124_sub_1_capture_000012/env_018/state.json True
CAMERA_MICRO qualified_views/first_raw_geometry_alarm/step_0230_sub_1_capture_000013/env_030/state.json True
CAMERA_MICRO qualified_views/first_raw_geometry_alarm/step_0478_sub_0_capture_000016/env_028/state.json True
CAMERA_MICRO qualified_views/first_scalar_alarm/step_0000_sub_0_capture_000002/env_001/state.json True
CAMERA_MICRO qualified_views/first_scalar_alarm/step_0000_sub_0_capture_000002/env_005/state.json True
CAMERA_MICRO qualified_views/first_scalar_alarm/step_0000_sub_0_capture_000002/env_007/state.json True
CAMERA_MICRO qualified_views/first_scalar_alarm/step_0000_sub_0_capture_000002/env_011/state.json True
CAMERA_MICRO qualified_views/first_scalar_alarm/step_0000_sub_0_capture_000002/env_013/state.json True
CAMERA_MICRO qualified_views/first_scalar_alarm/step_0000_sub_0_capture_000002/env_014/state.json True
CAMERA_MICRO qualified_views/first_scalar_alarm/step_0000_sub_0_capture_000002/env_015/state.json True
CAMERA_MICRO qualified_views/first_scalar_alarm/step_0000_sub_0_capture_000002/env_017/state.json True
CAMERA_MICRO qualified_views/first_scalar_alarm/step_0000_sub_0_capture_000002/env_019/state.json True
CAMERA_MICRO qualified_views/first_scalar_alarm/step_0000_sub_0_capture_000002/env_021/state.json True
CAMERA_MICRO qualified_views/first_scalar_alarm/step_0000_sub_0_capture_000002/env_024/state.json True
CAMERA_MICRO qualified_views/first_scalar_alarm/step_0000_sub_0_capture_000002/env_026/state.json True
CAMERA_MICRO qualified_views/first_scalar_alarm/step_0000_sub_0_capture_000002/env_027/state.json True
CAMERA_MICRO qualified_views/first_scalar_alarm/step_0000_sub_0_capture_000002/env_028/state.json True
CAMERA_MICRO qualified_views/first_scalar_alarm/step_0032_sub_1_capture_000007/env_006/state.json True
CAMERA_MICRO qualified_views/first_scalar_alarm/step_0032_sub_1_capture_000007/env_031/state.json True
CAMERA_MICRO qualified_views/first_scalar_alarm/step_0256_sub_0_capture_000014/env_030/state.json True
CAMERA_MICRO qualified_views/first_scalar_alarm/step_0477_sub_1_capture_000015/env_003/state.json True
CAMERA_MICRO qualified_views/initial/step_-001_sub_none_capture_000000/env_000/state.json True
CAMERA_MICRO qualified_views/initial/step_-001_sub_none_capture_000000/env_008/state.json True
CAMERA_MICRO qualified_views/initial/step_-001_sub_none_capture_000000/env_016/state.json True
CAMERA_MICRO qualified_views/initial/step_-001_sub_none_capture_000000/env_024/state.json True
