MODEL_REPLAY 1 / 480 errors 0
MODEL_REPLAY 2 / 480 errors 0
MODEL_REPLAY 3 / 480 errors 0
MODEL_REPLAY 4 / 480 errors 0
MODEL_REPLAY 5 / 480 errors 0
MODEL_REPLAY 6 / 480 errors 0
MODEL_REPLAY 7 / 480 errors 0
MODEL_REPLAY 8 / 480 errors 0
MODEL_REPLAY 9 / 480 errors 0
MODEL_REPLAY 10 / 480 errors 0
MODEL_REPLAY 11 / 480 errors 0
MODEL_REPLAY 12 / 480 errors 0
MODEL_REPLAY 13 / 480 errors 0
MODEL_REPLAY 14 / 480 errors 0
MODEL_REPLAY 15 / 480 errors 0
MODEL_REPLAY 16 / 480 errors 0
MODEL_REPLAY 17 / 480 errors 0
MODEL_REPLAY 18 / 480 errors 0
MODEL_REPLAY 19 / 480 errors 0
MODEL_REPLAY 20 / 480 errors 0
MODEL_REPLAY 21 / 480 errors 0
MODEL_REPLAY 22 / 480 errors 0
MODEL_REPLAY 23 / 480 errors 0
MODEL_REPLAY 24 / 480 errors 0
MODEL_REPLAY 25 / 480 errors 0
MODEL_REPLAY 26 / 480 errors 0
MODEL_REPLAY 27 / 480 errors 0
MODEL_REPLAY 28 / 480 errors 0
MODEL_REPLAY 29 / 480 errors 0
MODEL_REPLAY 30 / 480 errors 0
MODEL_REPLAY 31 / 480 errors 0
MODEL_REPLAY 32 / 480 errors 0
MODEL_REPLAY 33 / 480 errors 0
MODEL_REPLAY 34 / 480 errors 0
MODEL_REPLAY 35 / 480 errors 0
MODEL_REPLAY 36 / 480 errors 0
MODEL_REPLAY 37 / 480 errors 0
MODEL_REPLAY 38 / 480 errors 0
MODEL_REPLAY 39 / 480 errors 0
MODEL_REPLAY 40 / 480 errors 0
MODEL_REPLAY 41 / 480 errors 0
MODEL_REPLAY 42 / 480 errors 0
MODEL_REPLAY 43 / 480 errors 0
MODEL_REPLAY 44 / 480 errors 0
MODEL_REPLAY 45 / 480 errors 0
MODEL_REPLAY 46 / 480 errors 0
MODEL_REPLAY 47 / 480 errors 0
MODEL_REPLAY 48 / 480 errors 0
MODEL_REPLAY 49 / 480 errors 0
MODEL_REPLAY 50 / 480 errors 0
MODEL_REPLAY 51 / 480 errors 0
MODEL_REPLAY 52 / 480 errors 0
MODEL_REPLAY 53 / 480 errors 0
MODEL_REPLAY 54 / 480 errors 0
MODEL_REPLAY 55 / 480 errors 0
MODEL_REPLAY 56 / 480 errors 0
MODEL_REPLAY 57 / 480 errors 0
MODEL_REPLAY 58 / 480 errors 0
MODEL_REPLAY 59 / 480 errors 0
MODEL_REPLAY 60 / 480 errors 0
MODEL_REPLAY 61 / 480 errors 0
MODEL_REPLAY 62 / 480 errors 0
MODEL_REPLAY 63 / 480 errors 0
MODEL_REPLAY 64 / 480 errors 0
MODEL_REPLAY 65 / 480 errors 0
MODEL_REPLAY 66 / 480 errors 0
MODEL_REPLAY 67 / 480 errors 0
MODEL_REPLAY 68 / 480 errors 0
MODEL_REPLAY 69 / 480 errors 0
MODEL_REPLAY 70 / 480 errors 0
MODEL_REPLAY 71 / 480 errors 0
MODEL_REPLAY 72 / 480 errors 0
MODEL_REPLAY 73 / 480 errors 0
MODEL_REPLAY 74 / 480 errors 0
MODEL_REPLAY 75 / 480 errors 0
MODEL_REPLAY 76 / 480 errors 0
MODEL_REPLAY 77 / 480 errors 0
MODEL_REPLAY 78 / 480 errors 0
MODEL_REPLAY 79 / 480 errors 0
MODEL_REPLAY 80 / 480 errors 0
MODEL_REPLAY 81 / 480 errors 0
MODEL_REPLAY 82 / 480 errors 0
MODEL_REPLAY 83 / 480 errors 0
MODEL_REPLAY 84 / 480 errors 0
MODEL_REPLAY 85 / 480 errors 0
MODEL_REPLAY 86 / 480 errors 0
MODEL_REPLAY 87 / 480 errors 0
MODEL_REPLAY 88 / 480 errors 0
MODEL_REPLAY 89 / 480 errors 0
MODEL_REPLAY 90 / 480 errors 0
MODEL_REPLAY 91 / 480 errors 0
MODEL_REPLAY 92 / 480 errors 0
MODEL_REPLAY 93 / 480 errors 0
MODEL_REPLAY 94 / 480 errors 0
MODEL_REPLAY 95 / 480 errors 0
MODEL_REPLAY 96 / 480 errors 0
MODEL_REPLAY 97 / 480 errors 0
MODEL_REPLAY 98 / 480 errors 0
MODEL_REPLAY 99 / 480 errors 0
MODEL_REPLAY 100 / 480 errors 0
MODEL_REPLAY 101 / 480 errors 0
MODEL_REPLAY 102 / 480 errors 0
MODEL_REPLAY 103 / 480 errors 0
MODEL_REPLAY 104 / 480 errors 0
MODEL_REPLAY 105 / 480 errors 0
MODEL_REPLAY 106 / 480 errors 0
MODEL_REPLAY 107 / 480 errors 0
MODEL_REPLAY 108 / 480 errors 0
MODEL_REPLAY 109 / 480 errors 0
MODEL_REPLAY 110 / 480 errors 0
MODEL_REPLAY 111 / 480 errors 0
MODEL_REPLAY 112 / 480 errors 0
MODEL_REPLAY 113 / 480 errors 0
MODEL_REPLAY 114 / 480 errors 0
MODEL_REPLAY 115 / 480 errors 0
MODEL_REPLAY 116 / 480 errors 0
MODEL_REPLAY 117 / 480 errors 0
MODEL_REPLAY 118 / 480 errors 0
MODEL_REPLAY 119 / 480 errors 0
MODEL_REPLAY 120 / 480 errors 0
MODEL_REPLAY 121 / 480 errors 0
MODEL_REPLAY 122 / 480 errors 0
MODEL_REPLAY 123 / 480 errors 0
MODEL_REPLAY 124 / 480 errors 0
MODEL_REPLAY 125 / 480 errors 0
MODEL_REPLAY 126 / 480 errors 0
MODEL_REPLAY 127 / 480 errors 0
MODEL_REPLAY 128 / 480 errors 0
MODEL_REPLAY 129 / 480 errors 0
MODEL_REPLAY 130 / 480 errors 0
MODEL_REPLAY 131 / 480 errors 0
MODEL_REPLAY 132 / 480 errors 0
MODEL_REPLAY 133 / 480 errors 0
MODEL_REPLAY 134 / 480 errors 0
MODEL_REPLAY 135 / 480 errors 0
MODEL_REPLAY 136 / 480 errors 0
MODEL_REPLAY 137 / 480 errors 0
MODEL_REPLAY 138 / 480 errors 0
MODEL_REPLAY 139 / 480 errors 0
MODEL_REPLAY 140 / 480 errors 0
MODEL_REPLAY 141 / 480 errors 0
MODEL_REPLAY 142 / 480 errors 0
MODEL_REPLAY 143 / 480 errors 0
MODEL_REPLAY 144 / 480 errors 0
MODEL_REPLAY 145 / 480 errors 0
MODEL_REPLAY 146 / 480 errors 0
MODEL_REPLAY 147 / 480 errors 0
MODEL_REPLAY 148 / 480 errors 0
MODEL_REPLAY 149 / 480 errors 0
MODEL_REPLAY 150 / 480 errors 0
MODEL_REPLAY 151 / 480 errors 0
MODEL_REPLAY 152 / 480 errors 0
MODEL_REPLAY 153 / 480 errors 0
MODEL_REPLAY 154 / 480 errors 0
MODEL_REPLAY 155 / 480 errors 0
MODEL_REPLAY 156 / 480 errors 0
MODEL_REPLAY 157 / 480 errors 0
MODEL_REPLAY 158 / 480 errors 0
MODEL_REPLAY 159 / 480 errors 0
MODEL_REPLAY 160 / 480 errors 0
MODEL_REPLAY 161 / 480 errors 0
MODEL_REPLAY 162 / 480 errors 0
MODEL_REPLAY 163 / 480 errors 0
MODEL_REPLAY 164 / 480 errors 0
MODEL_REPLAY 165 / 480 errors 0
MODEL_REPLAY 166 / 480 errors 0
MODEL_REPLAY 167 / 480 errors 0
MODEL_REPLAY 168 / 480 errors 0
MODEL_REPLAY 169 / 480 errors 0
MODEL_REPLAY 170 / 480 errors 0
MODEL_REPLAY 171 / 480 errors 0
MODEL_REPLAY 172 / 480 errors 0
MODEL_REPLAY 173 / 480 errors 0
MODEL_REPLAY 174 / 480 errors 0
MODEL_REPLAY 175 / 480 errors 0
MODEL_REPLAY 176 / 480 errors 0
MODEL_REPLAY 177 / 480 errors 0
MODEL_REPLAY 178 / 480 errors 0
MODEL_REPLAY 179 / 480 errors 0
MODEL_REPLAY 180 / 480 errors 0
MODEL_REPLAY 181 / 480 errors 0
MODEL_REPLAY 182 / 480 errors 0
MODEL_REPLAY 183 / 480 errors 0
MODEL_REPLAY 184 / 480 errors 0
MODEL_REPLAY 185 / 480 errors 0
MODEL_REPLAY 186 / 480 errors 0
MODEL_REPLAY 187 / 480 errors 0
MODEL_REPLAY 188 / 480 errors 0
MODEL_REPLAY 189 / 480 errors 0
MODEL_REPLAY 190 / 480 errors 0
MODEL_REPLAY 191 / 480 errors 0
MODEL_REPLAY 192 / 480 errors 0
MODEL_REPLAY 193 / 480 errors 0
MODEL_REPLAY 194 / 480 errors 0
MODEL_REPLAY 195 / 480 errors 0
MODEL_REPLAY 196 / 480 errors 0
MODEL_REPLAY 197 / 480 errors 0
MODEL_REPLAY 198 / 480 errors 0
MODEL_REPLAY 199 / 480 errors 0
MODEL_REPLAY 200 / 480 errors 0
MODEL_REPLAY 201 / 480 errors 0
MODEL_REPLAY 202 / 480 errors 0
MODEL_REPLAY 203 / 480 errors 0
MODEL_REPLAY 204 / 480 errors 0
MODEL_REPLAY 205 / 480 errors 0
MODEL_REPLAY 206 / 480 errors 0
MODEL_REPLAY 207 / 480 errors 0
MODEL_REPLAY 208 / 480 errors 0
MODEL_REPLAY 209 / 480 errors 0
MODEL_REPLAY 210 / 480 errors 0
MODEL_REPLAY 211 / 480 errors 0
MODEL_REPLAY 212 / 480 errors 0
MODEL_REPLAY 213 / 480 errors 0
MODEL_REPLAY 214 / 480 errors 0
MODEL_REPLAY 215 / 480 errors 0
MODEL_REPLAY 216 / 480 errors 0
MODEL_REPLAY 217 / 480 errors 0
MODEL_REPLAY 218 / 480 errors 0
MODEL_REPLAY 219 / 480 errors 0
MODEL_REPLAY 220 / 480 errors 0
MODEL_REPLAY 221 / 480 errors 0
MODEL_REPLAY 222 / 480 errors 0
MODEL_REPLAY 223 / 480 errors 0
MODEL_REPLAY 224 / 480 errors 0
MODEL_REPLAY 225 / 480 errors 0
MODEL_REPLAY 226 / 480 errors 0
MODEL_REPLAY 227 / 480 errors 0
MODEL_REPLAY 228 / 480 errors 0
MODEL_REPLAY 229 / 480 errors 0
MODEL_REPLAY 230 / 480 errors 0
MODEL_REPLAY 231 / 480 errors 0
MODEL_REPLAY 232 / 480 errors 0
MODEL_REPLAY 233 / 480 errors 0
MODEL_REPLAY 234 / 480 errors 0
MODEL_REPLAY 235 / 480 errors 0
MODEL_REPLAY 236 / 480 errors 0
MODEL_REPLAY 237 / 480 errors 0
MODEL_REPLAY 238 / 480 errors 0
MODEL_REPLAY 239 / 480 errors 0
MODEL_REPLAY 240 / 480 errors 0
MODEL_REPLAY 241 / 480 errors 0
MODEL_REPLAY 242 / 480 errors 0
MODEL_REPLAY 243 / 480 errors 0
MODEL_REPLAY 244 / 480 errors 0
MODEL_REPLAY 245 / 480 errors 0
MODEL_REPLAY 246 / 480 errors 0
MODEL_REPLAY 247 / 480 errors 0
MODEL_REPLAY 248 / 480 errors 0
MODEL_REPLAY 249 / 480 errors 0
MODEL_REPLAY 250 / 480 errors 0
MODEL_REPLAY 251 / 480 errors 0
MODEL_REPLAY 252 / 480 errors 0
MODEL_REPLAY 253 / 480 errors 0
MODEL_REPLAY 254 / 480 errors 0
MODEL_REPLAY 255 / 480 errors 0
MODEL_REPLAY 256 / 480 errors 0
MODEL_REPLAY 257 / 480 errors 0
MODEL_REPLAY 258 / 480 errors 0
MODEL_REPLAY 259 / 480 errors 0
MODEL_REPLAY 260 / 480 errors 0
MODEL_REPLAY 261 / 480 errors 0
MODEL_REPLAY 262 / 480 errors 0
MODEL_REPLAY 263 / 480 errors 0
MODEL_REPLAY 264 / 480 errors 0
MODEL_REPLAY 265 / 480 errors 0
MODEL_REPLAY 266 / 480 errors 0
MODEL_REPLAY 267 / 480 errors 0
MODEL_REPLAY 268 / 480 errors 0
MODEL_REPLAY 269 / 480 errors 0
MODEL_REPLAY 270 / 480 errors 0
MODEL_REPLAY 271 / 480 errors 0
MODEL_REPLAY 272 / 480 errors 0
MODEL_REPLAY 273 / 480 errors 0
MODEL_REPLAY 274 / 480 errors 0
MODEL_REPLAY 275 / 480 errors 0
MODEL_REPLAY 276 / 480 errors 0
MODEL_REPLAY 277 / 480 errors 0
MODEL_REPLAY 278 / 480 errors 0
MODEL_REPLAY 279 / 480 errors 0
MODEL_REPLAY 280 / 480 errors 0
MODEL_REPLAY 281 / 480 errors 0
MODEL_REPLAY 282 / 480 errors 0
MODEL_REPLAY 283 / 480 errors 0
MODEL_REPLAY 284 / 480 errors 0
MODEL_REPLAY 285 / 480 errors 0
MODEL_REPLAY 286 / 480 errors 0
MODEL_REPLAY 287 / 480 errors 0
MODEL_REPLAY 288 / 480 errors 0
MODEL_REPLAY 289 / 480 errors 0
MODEL_REPLAY 290 / 480 errors 0
MODEL_REPLAY 291 / 480 errors 0
MODEL_REPLAY 292 / 480 errors 0
MODEL_REPLAY 293 / 480 errors 0
MODEL_REPLAY 294 / 480 errors 0
MODEL_REPLAY 295 / 480 errors 0
MODEL_REPLAY 296 / 480 errors 0
MODEL_REPLAY 297 / 480 errors 0
MODEL_REPLAY 298 / 480 errors 0
MODEL_REPLAY 299 / 480 errors 0
MODEL_REPLAY 300 / 480 errors 0
MODEL_REPLAY 301 / 480 errors 0
MODEL_REPLAY 302 / 480 errors 0
MODEL_REPLAY 303 / 480 errors 0
MODEL_REPLAY 304 / 480 errors 0
MODEL_REPLAY 305 / 480 errors 0
MODEL_REPLAY 306 / 480 errors 0
MODEL_REPLAY 307 / 480 errors 0
MODEL_REPLAY 308 / 480 errors 0
MODEL_REPLAY 309 / 480 errors 0
MODEL_REPLAY 310 / 480 errors 0
MODEL_REPLAY 311 / 480 errors 0
MODEL_REPLAY 312 / 480 errors 0
MODEL_REPLAY 313 / 480 errors 0
MODEL_REPLAY 314 / 480 errors 0
MODEL_REPLAY 315 / 480 errors 0
MODEL_REPLAY 316 / 480 errors 0
MODEL_REPLAY 317 / 480 errors 0
MODEL_REPLAY 318 / 480 errors 0
MODEL_REPLAY 319 / 480 errors 0
MODEL_REPLAY 320 / 480 errors 0
MODEL_REPLAY 321 / 480 errors 0
MODEL_REPLAY 322 / 480 errors 0
MODEL_REPLAY 323 / 480 errors 0
MODEL_REPLAY 324 / 480 errors 0
MODEL_REPLAY 325 / 480 errors 0
MODEL_REPLAY 326 / 480 errors 0
MODEL_REPLAY 327 / 480 errors 0
MODEL_REPLAY 328 / 480 errors 0
MODEL_REPLAY 329 / 480 errors 0
MODEL_REPLAY 330 / 480 errors 0
MODEL_REPLAY 331 / 480 errors 0
MODEL_REPLAY 332 / 480 errors 0
MODEL_REPLAY 333 / 480 errors 0
MODEL_REPLAY 334 / 480 errors 0
MODEL_REPLAY 335 / 480 errors 0
MODEL_REPLAY 336 / 480 errors 0
MODEL_REPLAY 337 / 480 errors 0
MODEL_REPLAY 338 / 480 errors 0
MODEL_REPLAY 339 / 480 errors 0
MODEL_REPLAY 340 / 480 errors 0
MODEL_REPLAY 341 / 480 errors 0
MODEL_REPLAY 342 / 480 errors 0
MODEL_REPLAY 343 / 480 errors 0
MODEL_REPLAY 344 / 480 errors 0
MODEL_REPLAY 345 / 480 errors 0
MODEL_REPLAY 346 / 480 errors 0
MODEL_REPLAY 347 / 480 errors 0
MODEL_REPLAY 348 / 480 errors 0
MODEL_REPLAY 349 / 480 errors 0
MODEL_REPLAY 350 / 480 errors 0
MODEL_REPLAY 351 / 480 errors 0
MODEL_REPLAY 352 / 480 errors 0
MODEL_REPLAY 353 / 480 errors 0
MODEL_REPLAY 354 / 480 errors 0
MODEL_REPLAY 355 / 480 errors 0
MODEL_REPLAY 356 / 480 errors 0
MODEL_REPLAY 357 / 480 errors 0
MODEL_REPLAY 358 / 480 errors 0
MODEL_REPLAY 359 / 480 errors 0
MODEL_REPLAY 360 / 480 errors 0
MODEL_REPLAY 361 / 480 errors 0
MODEL_REPLAY 362 / 480 errors 0
MODEL_REPLAY 363 / 480 errors 0
MODEL_REPLAY 364 / 480 errors 0
MODEL_REPLAY 365 / 480 errors 0
MODEL_REPLAY 366 / 480 errors 0
MODEL_REPLAY 367 / 480 errors 0
MODEL_REPLAY 368 / 480 errors 0
MODEL_REPLAY 369 / 480 errors 0
MODEL_REPLAY 370 / 480 errors 0
MODEL_REPLAY 371 / 480 errors 0
MODEL_REPLAY 372 / 480 errors 0
MODEL_REPLAY 373 / 480 errors 0
MODEL_REPLAY 374 / 480 errors 0
MODEL_REPLAY 375 / 480 errors 0
MODEL_REPLAY 376 / 480 errors 0
MODEL_REPLAY 377 / 480 errors 0
MODEL_REPLAY 378 / 480 errors 0
MODEL_REPLAY 379 / 480 errors 0
MODEL_REPLAY 380 / 480 errors 0
MODEL_REPLAY 381 / 480 errors 0
MODEL_REPLAY 382 / 480 errors 0
MODEL_REPLAY 383 / 480 errors 0
MODEL_REPLAY 384 / 480 errors 0
MODEL_REPLAY 385 / 480 errors 0
MODEL_REPLAY 386 / 480 errors 0
MODEL_REPLAY 387 / 480 errors 0
MODEL_REPLAY 388 / 480 errors 0
MODEL_REPLAY 389 / 480 errors 0
MODEL_REPLAY 390 / 480 errors 0
MODEL_REPLAY 391 / 480 errors 0
MODEL_REPLAY 392 / 480 errors 0
MODEL_REPLAY 393 / 480 errors 0
MODEL_REPLAY 394 / 480 errors 0
MODEL_REPLAY 395 / 480 errors 0
MODEL_REPLAY 396 / 480 errors 0
MODEL_REPLAY 397 / 480 errors 0
MODEL_REPLAY 398 / 480 errors 0
MODEL_REPLAY 399 / 480 errors 0
MODEL_REPLAY 400 / 480 errors 0
MODEL_REPLAY 401 / 480 errors 0
MODEL_REPLAY 402 / 480 errors 0
MODEL_REPLAY 403 / 480 errors 0
MODEL_REPLAY 404 / 480 errors 0
MODEL_REPLAY 405 / 480 errors 0
MODEL_REPLAY 406 / 480 errors 0
MODEL_REPLAY 407 / 480 errors 0
MODEL_REPLAY 408 / 480 errors 0
MODEL_REPLAY 409 / 480 errors 0
MODEL_REPLAY 410 / 480 errors 0
MODEL_REPLAY 411 / 480 errors 0
MODEL_REPLAY 412 / 480 errors 0
MODEL_REPLAY 413 / 480 errors 0
MODEL_REPLAY 414 / 480 errors 0
MODEL_REPLAY 415 / 480 errors 0
MODEL_REPLAY 416 / 480 errors 0
MODEL_REPLAY 417 / 480 errors 0
MODEL_REPLAY 418 / 480 errors 0
MODEL_REPLAY 419 / 480 errors 0
MODEL_REPLAY 420 / 480 errors 0
MODEL_REPLAY 421 / 480 errors 0
MODEL_REPLAY 422 / 480 errors 0
MODEL_REPLAY 423 / 480 errors 0
MODEL_REPLAY 424 / 480 errors 0
MODEL_REPLAY 425 / 480 errors 0
MODEL_REPLAY 426 / 480 errors 0
MODEL_REPLAY 427 / 480 errors 0
MODEL_REPLAY 428 / 480 errors 0
MODEL_REPLAY 429 / 480 errors 0
MODEL_REPLAY 430 / 480 errors 0
MODEL_REPLAY 431 / 480 errors 0
MODEL_REPLAY 432 / 480 errors 0
MODEL_REPLAY 433 / 480 errors 0
MODEL_REPLAY 434 / 480 errors 0
MODEL_REPLAY 435 / 480 errors 0
MODEL_REPLAY 436 / 480 errors 0
MODEL_REPLAY 437 / 480 errors 0
MODEL_REPLAY 438 / 480 errors 0
MODEL_REPLAY 439 / 480 errors 0
MODEL_REPLAY 440 / 480 errors 0
MODEL_REPLAY 441 / 480 errors 0
MODEL_REPLAY 442 / 480 errors 0
MODEL_REPLAY 443 / 480 errors 0
MODEL_REPLAY 444 / 480 errors 0
MODEL_REPLAY 445 / 480 errors 0
MODEL_REPLAY 446 / 480 errors 0
MODEL_REPLAY 447 / 480 errors 0
MODEL_REPLAY 448 / 480 errors 0
MODEL_REPLAY 449 / 480 errors 0
MODEL_REPLAY 450 / 480 errors 0
MODEL_REPLAY 451 / 480 errors 0
MODEL_REPLAY 452 / 480 errors 0
MODEL_REPLAY 453 / 480 errors 0
MODEL_REPLAY 454 / 480 errors 0
MODEL_REPLAY 455 / 480 errors 0
MODEL_REPLAY 456 / 480 errors 0
MODEL_REPLAY 457 / 480 errors 0
MODEL_REPLAY 458 / 480 errors 0
MODEL_REPLAY 459 / 480 errors 0
MODEL_REPLAY 460 / 480 errors 0
MODEL_REPLAY 461 / 480 errors 0
MODEL_REPLAY 462 / 480 errors 0
MODEL_REPLAY 463 / 480 errors 0
MODEL_REPLAY 464 / 480 errors 0
MODEL_REPLAY 465 / 480 errors 0
MODEL_REPLAY 466 / 480 errors 0
MODEL_REPLAY 467 / 480 errors 0
MODEL_REPLAY 468 / 480 errors 0
MODEL_REPLAY 469 / 480 errors 0
MODEL_REPLAY 470 / 480 errors 0
MODEL_REPLAY 471 / 480 errors 0
MODEL_REPLAY 472 / 480 errors 0
MODEL_REPLAY 473 / 480 errors 0
MODEL_REPLAY 474 / 480 errors 0
MODEL_REPLAY 475 / 480 errors 0
MODEL_REPLAY 476 / 480 errors 0
MODEL_REPLAY 477 / 480 errors 0
MODEL_REPLAY 478 / 480 errors 0
MODEL_REPLAY 479 / 480 errors 0
MODEL_REPLAY 480 / 480 errors 0
