test_armature_gravity_coriolis_are_explicit_sensitivities (test_native_teacherforced_cpu_v1.AnalyticalTests.test_armature_gravity_coriolis_are_explicit_sensitivities) ... ok
test_coupled_mass_satisfies_implicit_balance (test_native_teacherforced_cpu_v1.AnalyticalTests.test_coupled_mass_satisfies_implicit_balance) ... ok
test_initial_dynamics_require_explicit_values (test_native_teacherforced_cpu_v1.AnalyticalTests.test_initial_dynamics_require_explicit_values) ... ok
test_input_arrays_are_not_mutated (test_native_teacherforced_cpu_v1.AnalyticalTests.test_input_arrays_are_not_mutated) ... ok
test_new_macro_resets_from_supplied_native_state (test_native_teacherforced_cpu_v1.AnalyticalTests.test_new_macro_resets_from_supplied_native_state) ... ok
test_positive_and_negative_torque_saturation_analytic (test_native_teacherforced_cpu_v1.AnalyticalTests.test_positive_and_negative_torque_saturation_analytic) ... ok
test_second_micro_does_not_teacher_force_to_native_first_micro (test_native_teacherforced_cpu_v1.AnalyticalTests.test_second_micro_does_not_teacher_force_to_native_first_micro) ... ok
test_two_micro_matches_closed_form_diagonal_recurrence (test_native_teacherforced_cpu_v1.AnalyticalTests.test_two_micro_matches_closed_form_diagonal_recurrence) ... ok
test_all36_exact_targets_enable_comparison (test_native_teacherforced_cpu_v1.FuturePairingTests.test_all36_exact_targets_enable_comparison) ... ok
test_float64_or26_future_rejected (test_native_teacherforced_cpu_v1.FuturePairingTests.test_float64_or26_future_rejected) ... ok
test_future_hand_mismatch_invalidates_all_later_states (test_native_teacherforced_cpu_v1.FuturePairingTests.test_future_hand_mismatch_invalidates_all_later_states) ... ok
test_incomplete16_native_future_never_becomes_full36 (test_native_teacherforced_cpu_v1.FuturePairingTests.test_incomplete16_native_future_never_becomes_full36) ... ok
test_asymmetric_indefinite_mass_and_negative_gains_rejected (test_native_teacherforced_cpu_v1.NegativeTests.test_asymmetric_indefinite_mass_and_negative_gains_rejected) ... ok
test_changed_hand_target_within_macro_rejected (test_native_teacherforced_cpu_v1.NegativeTests.test_changed_hand_target_within_macro_rejected) ... ok
test_misaligned_native_step_or_clock_rejected (test_native_teacherforced_cpu_v1.NegativeTests.test_misaligned_native_step_or_clock_rejected) ... ok
test_nonconverged_numerical_solve_fails_closed (test_native_teacherforced_cpu_v1.NegativeTests.test_nonconverged_numerical_solve_fails_closed) ... ok
test_nonfinite_inputs_rejected (test_native_teacherforced_cpu_v1.NegativeTests.test_nonfinite_inputs_rejected) ... ok
test_signed_zero_is_a_byte_mismatch (test_native_teacherforced_cpu_v1.NegativeTests.test_signed_zero_is_a_byte_mismatch) ... ok
test_target26_or_float64_is_not_native_full74 (test_native_teacherforced_cpu_v1.NegativeTests.test_target26_or_float64_is_not_native_full74) ... ok
test_unknowns_are_preserved_even_for_exact_synthetic_model (test_native_teacherforced_cpu_v1.NegativeTests.test_unknowns_are_preserved_even_for_exact_synthetic_model) ... ok
test_wrong_input_sha_rejected_without_writing_source (test_native_teacherforced_cpu_v1.NegativeTests.test_wrong_input_sha_rejected_without_writing_source) ... ok
test_actual_wait_is_finished_zero_within_memory_limit (test_native_teacherforced_cpu_v1.RealWitnessTests.test_actual_wait_is_finished_zero_within_memory_limit) ... ok
test_all74_fields_all_macros_retained_for_every_variant (test_native_teacherforced_cpu_v1.RealWitnessTests.test_all74_fields_all_macros_retained_for_every_variant) ... ok
test_all_frozen493_and_all_recorded_inputs_unchanged (test_native_teacherforced_cpu_v1.RealWitnessTests.test_all_frozen493_and_all_recorded_inputs_unchanged) ... ok
test_no_gpu_or_simulator_module_loaded (test_native_teacherforced_cpu_v1.RealWitnessTests.test_no_gpu_or_simulator_module_loaded) ... ok
test_real_future_repeat_mismatches_disable36 (test_native_teacherforced_cpu_v1.RealWitnessTests.test_real_future_repeat_mismatches_disable36) ... ok
test_real_native_known_failures_remain_observed (test_native_teacherforced_cpu_v1.RealWitnessTests.test_real_native_known_failures_remain_observed) ... ok
test_solver_residual_not_promoted_to_native_bound (test_native_teacherforced_cpu_v1.RealWitnessTests.test_solver_residual_not_promoted_to_native_bound) ... ok
test_bad_contact_observations_rejected (__main__.StrataTests.test_bad_contact_observations_rejected) ... ok
test_nonzero_subthreshold_is_not_contact_free (__main__.StrataTests.test_nonzero_subthreshold_is_not_contact_free) ... ok
test_original_requests_delayed6_not_actual_target (__main__.StrataTests.test_original_requests_delayed6_not_actual_target) ... ok
test_wrong_request_width_and_dtype_rejected (__main__.StrataTests.test_wrong_request_width_and_dtype_rejected) ... ok
test_zero_force_and_contact_linked_partition (__main__.StrataTests.test_zero_force_and_contact_linked_partition) ... ok
test_all_inputs_outputs_and_frozen_protocol_sha_unchanged (__main__.Full480Tests.test_all_inputs_outputs_and_frozen_protocol_sha_unchanged) ... ok
test_complete_sample_denominator_and_unknowns (__main__.Full480Tests.test_complete_sample_denominator_and_unknowns) ... ok
test_each_variant_every_stratum_has74_fields_and_all_substeps (__main__.Full480Tests.test_each_variant_every_stratum_has74_fields_and_all_substeps) ... ok
test_known_witness_strata_and_all_implicit_false_positives_preserved (__main__.Full480Tests.test_known_witness_strata_and_all_implicit_false_positives_preserved) ... ok
test_native_targets_and_original_reference_stay_distinct (__main__.Full480Tests.test_native_targets_and_original_reference_stay_distinct) ... ok
test_real_wait0_and_measured_memory_budget (__main__.Full480Tests.test_real_wait0_and_measured_memory_budget) ... ok
test_strata_counts_and_empirical_errors_recomputed (__main__.Full480Tests.test_strata_counts_and_empirical_errors_recomputed) ... ok

----------------------------------------------------------------------
Ran 40 tests in 2.257s

OK
