POINT_REPLAY 32 / 960
POINT_REPLAY 64 / 960
POINT_REPLAY 96 / 960
POINT_REPLAY 128 / 960
POINT_REPLAY 160 / 960
POINT_REPLAY 192 / 960
POINT_REPLAY 224 / 960
POINT_REPLAY 256 / 960
POINT_REPLAY 288 / 960
POINT_REPLAY 320 / 960
POINT_REPLAY 352 / 960
POINT_REPLAY 384 / 960
POINT_REPLAY 416 / 960
POINT_REPLAY 448 / 960
POINT_REPLAY 480 / 960
POINT_REPLAY 512 / 960
POINT_REPLAY 544 / 960
POINT_REPLAY 576 / 960
POINT_REPLAY 608 / 960
POINT_REPLAY 640 / 960
POINT_REPLAY 672 / 960
POINT_REPLAY 704 / 960
POINT_REPLAY 736 / 960
POINT_REPLAY 768 / 960
POINT_REPLAY 800 / 960
POINT_REPLAY 832 / 960
POINT_REPLAY 864 / 960
POINT_REPLAY 896 / 960
POINT_REPLAY 928 / 960
POINT_REPLAY 960 / 960
CAMERA_MICRO qualified_views/final/step_0479_sub_none_capture_000016/env_000/state.json True
CAMERA_MICRO qualified_views/final/step_0479_sub_none_capture_000016/env_008/state.json True
CAMERA_MICRO qualified_views/final/step_0479_sub_none_capture_000016/env_016/state.json True
CAMERA_MICRO qualified_views/final/step_0479_sub_none_capture_000016/env_024/state.json True
CAMERA_MICRO qualified_views/first_raw_geometry_alarm/step_0004_sub_0_capture_000002/env_031/state.json True
CAMERA_MICRO qualified_views/first_raw_geometry_alarm/step_0007_sub_0_capture_000003/env_012/state.json True
CAMERA_MICRO qualified_views/first_raw_geometry_alarm/step_0017_sub_0_capture_000005/env_011/state.json True
CAMERA_MICRO qualified_views/first_raw_geometry_alarm/step_0043_sub_0_capture_000006/env_023/state.json True
CAMERA_MICRO qualified_views/first_raw_geometry_alarm/step_0049_sub_0_capture_000007/env_017/state.json True
CAMERA_MICRO qualified_views/first_raw_geometry_alarm/step_0057_sub_1_capture_000008/env_003/state.json True
CAMERA_MICRO qualified_views/first_raw_geometry_alarm/step_0064_sub_1_capture_000010/env_016/state.json True
CAMERA_MICRO qualified_views/first_raw_geometry_alarm/step_0070_sub_1_capture_000012/env_005/state.json True
CAMERA_MICRO qualified_views/first_raw_geometry_alarm/step_0084_sub_1_capture_000013/env_020/state.json True
CAMERA_MICRO qualified_views/first_raw_geometry_alarm/step_0117_sub_1_capture_000014/env_027/state.json True
CAMERA_MICRO qualified_views/first_raw_geometry_alarm/step_0331_sub_0_capture_000015/env_018/state.json True
CAMERA_MICRO qualified_views/first_scalar_alarm/step_0000_sub_0_capture_000001/env_001/state.json True
CAMERA_MICRO qualified_views/first_scalar_alarm/step_0000_sub_0_capture_000001/env_002/state.json True
CAMERA_MICRO qualified_views/first_scalar_alarm/step_0000_sub_0_capture_000001/env_005/state.json True
CAMERA_MICRO qualified_views/first_scalar_alarm/step_0000_sub_0_capture_000001/env_007/state.json True
CAMERA_MICRO qualified_views/first_scalar_alarm/step_0000_sub_0_capture_000001/env_009/state.json True
CAMERA_MICRO qualified_views/first_scalar_alarm/step_0000_sub_0_capture_000001/env_012/state.json True
CAMERA_MICRO qualified_views/first_scalar_alarm/step_0000_sub_0_capture_000001/env_015/state.json True
CAMERA_MICRO qualified_views/first_scalar_alarm/step_0000_sub_0_capture_000001/env_017/state.json True
CAMERA_MICRO qualified_views/first_scalar_alarm/step_0000_sub_0_capture_000001/env_019/state.json True
CAMERA_MICRO qualified_views/first_scalar_alarm/step_0000_sub_0_capture_000001/env_022/state.json True
CAMERA_MICRO qualified_views/first_scalar_alarm/step_0000_sub_0_capture_000001/env_023/state.json True
CAMERA_MICRO qualified_views/first_scalar_alarm/step_0000_sub_0_capture_000001/env_025/state.json True
CAMERA_MICRO qualified_views/first_scalar_alarm/step_0000_sub_0_capture_000001/env_026/state.json True
CAMERA_MICRO qualified_views/first_scalar_alarm/step_0000_sub_0_capture_000001/env_027/state.json True
CAMERA_MICRO qualified_views/first_scalar_alarm/step_0000_sub_0_capture_000001/env_031/state.json True
CAMERA_MICRO qualified_views/first_scalar_alarm/step_0008_sub_1_capture_000004/env_029/state.json True
CAMERA_MICRO qualified_views/first_scalar_alarm/step_0061_sub_1_capture_000009/env_003/state.json True
CAMERA_MICRO qualified_views/first_scalar_alarm/step_0068_sub_0_capture_000011/env_016/state.json True
CAMERA_MICRO qualified_views/initial/step_-001_sub_none_capture_000000/env_000/state.json True
CAMERA_MICRO qualified_views/initial/step_-001_sub_none_capture_000000/env_008/state.json True
CAMERA_MICRO qualified_views/initial/step_-001_sub_none_capture_000000/env_016/state.json True
CAMERA_MICRO qualified_views/initial/step_-001_sub_none_capture_000000/env_024/state.json True
