INPUT_CLOSED: first candidate480x32,30720 micro-lane observations; same-target/clock/state chain validated
implicit_add_armature: 120/480 controls all32 lanes
implicit_add_armature: 240/480 controls all32 lanes
implicit_add_armature: 360/480 controls all32 lanes
implicit_add_armature: 480/480 controls all32 lanes
VARIANT_COMPLETE implicit_add_armature: qmax=-0.19354775, qdmax=-24.892687
implicit_mass_as_recorded: 120/480 controls all32 lanes
implicit_mass_as_recorded: 240/480 controls all32 lanes
implicit_mass_as_recorded: 360/480 controls all32 lanes
implicit_mass_as_recorded: 480/480 controls all32 lanes
VARIANT_COMPLETE implicit_mass_as_recorded: qmax=-0.19354777, qdmax=-24.892693
implicit_no_coriolis: 120/480 controls all32 lanes
implicit_no_coriolis: 240/480 controls all32 lanes
implicit_no_coriolis: 360/480 controls all32 lanes
implicit_no_coriolis: 480/480 controls all32 lanes
VARIANT_COMPLETE implicit_no_coriolis: qmax=-0.19354774, qdmax=-24.892706
implicit_gravity_off: 120/480 controls all32 lanes
implicit_gravity_off: 240/480 controls all32 lanes
implicit_gravity_off: 360/480 controls all32 lanes
implicit_gravity_off: 480/480 controls all32 lanes
VARIANT_COMPLETE implicit_gravity_off: qmax=-0.19354834, qdmax=-24.892834
implicit_native_tick: 120/480 controls all32 lanes
implicit_native_tick: 240/480 controls all32 lanes
implicit_native_tick: 360/480 controls all32 lanes
implicit_native_tick: 480/480 controls all32 lanes
VARIANT_COMPLETE implicit_native_tick: qmax=-0.19355011, qdmax=-24.892687
implicit_initial_mass: 120/480 controls all32 lanes
implicit_initial_mass: 240/480 controls all32 lanes
implicit_initial_mass: 360/480 controls all32 lanes
implicit_initial_mass: 480/480 controls all32 lanes
VARIANT_COMPLETE implicit_initial_mass: qmax=-0.19354643, qdmax=-24.892695
implicit_initial_bias: 120/480 controls all32 lanes
implicit_initial_bias: 240/480 controls all32 lanes
implicit_initial_bias: 360/480 controls all32 lanes
implicit_initial_bias: 480/480 controls all32 lanes
VARIANT_COMPLETE implicit_initial_bias: qmax=-0.19354434, qdmax=-24.892754
explicit_saturated_diagnostic: 120/480 controls all32 lanes
explicit_saturated_diagnostic: 240/480 controls all32 lanes
explicit_saturated_diagnostic: 360/480 controls all32 lanes
explicit_saturated_diagnostic: 480/480 controls all32 lanes
VARIANT_COMPLETE explicit_saturated_diagnostic: qmax=-1076.4573, qdmax=-129279.45
{"status": "COMPLETE_DEVELOPMENT_ONLY", "macro_lane_samples": 15360, "micro_lane_samples": 30720, "variants": 8, "original_request_pause_present": false, "all493_unchanged": true, "max_rss_KiB": 419228}
