{"event": "INDEPENDENT_CHUNKS_READ", "condition": "joint_reference_1638973897", "frames": 256}
{"event": "INDEPENDENT_CHUNKS_READ", "condition": "tight_reference_1638973897", "frames": 256}
{"event": "INDEPENDENT_CHUNKS_READ", "condition": "joint_reference_1638973897", "frames": 512}
{"event": "INDEPENDENT_CHUNKS_READ", "condition": "tight_reference_1638973897", "frames": 512}
{"event": "INDEPENDENT_CHUNKS_READ", "condition": "joint_reference_1638973897", "frames": 768}
{"event": "INDEPENDENT_CHUNKS_READ", "condition": "tight_reference_1638973897", "frames": 768}
{"event": "INDEPENDENT_CHUNKS_READ", "condition": "joint_reference_1638973897", "frames": 960}
{"event": "INDEPENDENT_CHUNKS_READ", "condition": "tight_reference_1638973897", "frames": 960}
{"event": "INDEPENDENT_CELL_CLOSED", "index": 0, "id": "joint_reference_1638973897", "status": "VERIFIED", "error": null}
{"event": "INDEPENDENT_CELL_CLOSED", "index": 1, "id": "tight_reference_1638973897", "status": "VERIFIED", "error": null}
{"event": "INDEPENDENT_CHUNKS_READ", "condition": "zero_inclusive_1638973897", "frames": 256}
{"event": "INDEPENDENT_CHUNKS_READ", "condition": "joint_reference_658533148", "frames": 256}
{"event": "INDEPENDENT_CHUNKS_READ", "condition": "zero_inclusive_1638973897", "frames": 512}
{"event": "INDEPENDENT_CHUNKS_READ", "condition": "joint_reference_658533148", "frames": 512}
{"event": "INDEPENDENT_CHUNKS_READ", "condition": "zero_inclusive_1638973897", "frames": 768}
{"event": "INDEPENDENT_CHUNKS_READ", "condition": "joint_reference_658533148", "frames": 768}
{"event": "INDEPENDENT_CHUNKS_READ", "condition": "joint_reference_658533148", "frames": 960}
{"event": "INDEPENDENT_CHUNKS_READ", "condition": "zero_inclusive_1638973897", "frames": 960}
{"event": "INDEPENDENT_CELL_CLOSED", "index": 3, "id": "joint_reference_658533148", "status": "VERIFIED", "error": null}
{"event": "INDEPENDENT_CELL_CLOSED", "index": 2, "id": "zero_inclusive_1638973897", "status": "VERIFIED", "error": null}
{"event": "INDEPENDENT_CHUNKS_READ", "condition": "tight_reference_658533148", "frames": 256}
{"event": "INDEPENDENT_CHUNKS_READ", "condition": "zero_inclusive_658533148", "frames": 256}
{"event": "INDEPENDENT_CHUNKS_READ", "condition": "tight_reference_658533148", "frames": 512}
{"event": "INDEPENDENT_CHUNKS_READ", "condition": "zero_inclusive_658533148", "frames": 512}
{"event": "INDEPENDENT_CHUNKS_READ", "condition": "tight_reference_658533148", "frames": 768}
{"event": "INDEPENDENT_CHUNKS_READ", "condition": "zero_inclusive_658533148", "frames": 768}
{"event": "INDEPENDENT_CHUNKS_READ", "condition": "tight_reference_658533148", "frames": 960}
{"event": "INDEPENDENT_CHUNKS_READ", "condition": "zero_inclusive_658533148", "frames": 960}
{"event": "INDEPENDENT_CELL_CLOSED", "index": 4, "id": "tight_reference_658533148", "status": "VERIFIED", "error": null}
{"event": "INDEPENDENT_CELL_CLOSED", "index": 5, "id": "zero_inclusive_658533148", "status": "VERIFIED", "error": null}
{"event": "INDEPENDENT_CHUNKS_READ", "condition": "joint_reference_69425290", "frames": 256}
{"event": "INDEPENDENT_CHUNKS_READ", "condition": "tight_reference_69425290", "frames": 256}
{"event": "INDEPENDENT_CHUNKS_READ", "condition": "joint_reference_69425290", "frames": 512}
{"event": "INDEPENDENT_CHUNKS_READ", "condition": "tight_reference_69425290", "frames": 512}
{"event": "INDEPENDENT_CHUNKS_READ", "condition": "joint_reference_69425290", "frames": 768}
{"event": "INDEPENDENT_CHUNKS_READ", "condition": "tight_reference_69425290", "frames": 768}
{"event": "INDEPENDENT_CHUNKS_READ", "condition": "joint_reference_69425290", "frames": 960}
{"event": "INDEPENDENT_CELL_CLOSED", "index": 6, "id": "joint_reference_69425290", "status": "VERIFIED", "error": null}
{"event": "INDEPENDENT_CHUNKS_READ", "condition": "tight_reference_69425290", "frames": 960}
{"event": "INDEPENDENT_CELL_CLOSED", "index": 7, "id": "tight_reference_69425290", "status": "VERIFIED", "error": null}
{"event": "INDEPENDENT_CHUNKS_READ", "condition": "zero_inclusive_69425290", "frames": 256}
{"event": "INDEPENDENT_CHUNKS_READ", "condition": "zero_inclusive_69425290", "frames": 512}
{"event": "INDEPENDENT_CHUNKS_READ", "condition": "zero_inclusive_69425290", "frames": 768}
{"event": "INDEPENDENT_CHUNKS_READ", "condition": "zero_inclusive_69425290", "frames": 960}
{"event": "INDEPENDENT_CELL_CLOSED", "index": 8, "id": "zero_inclusive_69425290", "status": "VERIFIED", "error": null}
PASS_COMPLETE_INDEPENDENT_ZERO_NUMERIC
