TESTED_SOURCE_SHA256 {"/home/liyufeng/safeduo/artifacts/safety_zero_intent_20261006_2225/guard_runner.py": "5b73a66a8f724a4592e731972f8fd225a7de6273b80e344b9a9240c20d6d38f0", "/home/liyufeng/safeduo/artifacts/safety_zero_intent_20261006_2225/projection_diagnostics.py": "1e2c371d7a8d4a1e7c5c943e585225141412e63b0a70ea98989534bc600a1869", "/home/liyufeng/safeduo/artifacts/safety_zero_intent_20261006_2225/reference_envelope.py": "f6c2f0743b3a07ecfb431366d0c762143b8c6667656d039059196f028bbd0974", "/home/liyufeng/safeduo/artifacts/safety_zero_intent_20261006_2225/target_forecast.py": "e4644512a380e22d06984401d7ad5081219c3b60b4172f1ea01eb5d3902373d6", "/home/liyufeng/safeduo/artifacts/safety_zero_intent_20261006_2225/tracking_reserve.py": "c7c0190c4c3455ce85a9429863826983c4a6acc6cf144e5bf79464f9ce191b7c", "/home/liyufeng/safeduo/artifacts/safety_zero_intent_20261006_2225/zero_intent.py": "1b886492d7ada33e03e0c8fcc795ab13f08f7b217dd12c756eeee84083056597"}
test_boundary_targets_and_gap_none_preserve_original_bounds (__main__.ZeroBoundsTests) ... ok
test_exact_breakpoint_oracle_on_binary_inputs_float32_and_float64 (__main__.ZeroBoundsTests) ... ok
test_false_flag_controls_match_prior_bitwise_including_unreachable_envelopes (__main__.ZeroBoundsTests) ... ok
test_finite_positive_parameters_shapes_and_limit_order (__main__.ZeroBoundsTests) ... ok
test_gap_expansion_joint_axis_and_mixed_dtype_device_are_rejected (__main__.ZeroBoundsTests) ... ok
test_invalid_zero_outside_original_bounds_rejects_both_sides (__main__.ZeroBoundsTests) ... ok
test_original_empty_interval_rejects_without_holding_invalid_target (__main__.ZeroBoundsTests) ... ok
test_registered_batch_shape_dtype_device_and_input_immutability (__main__.ZeroBoundsTests) ... ok
test_zero_is_admitted_both_drift_signs_with_correction_freedom (__main__.ZeroBoundsTests) ... ok
test_common_finite_gate_rejects_nonfinite_correction (__main__.ProjectionIntegrationTests) ... ok
test_nonzero_projector_correction_is_not_overwritten_on_zero_intent (__main__.ProjectionIntegrationTests) ... ok
test_r19_input_is_limited_before_verbatim_return_and_no_state_changes (__main__.ProjectionIntegrationTests) ... ok
test_real_finite_projection_can_open_on_raw_zero_and_retains_r19 (__main__.ProjectionIntegrationTests) ... ok
test_all_modes_fixed_even_when_diagnostic_risk_changes (__main__.FixedGapWiringTests) ... ok
test_exact_install_call_selects_zero_flag_only_for_candidate (__main__.FixedGapWiringTests) ... ok
test_all9021_rows_retained_and_insufficient_budget_aborts (astra_zero_guard_fixture.GuardWiringTests) ... ok
test_current_proposal_changes_admission_but_not_prequeue_reserve (astra_zero_guard_fixture.GuardWiringTests) ... ok
test_exact_guard_modes_have_identical_old_target_admission (astra_zero_guard_fixture.GuardWiringTests) ... ok
test_hidden_nonfinite_last_row_aborts_before_projection (astra_zero_guard_fixture.GuardWiringTests) ... ok
test_producer_physics_order_and_no_queue_writes_in_guard (astra_zero_guard_fixture.GuardWiringTests) ... ok

----------------------------------------------------------------------
Ran 20 tests in 4.359s

OK
MUTATION_RESULTS [{"name": "drop_zero_hull", "killed": true, "tests": 1, "failures": 1, "errors": 0, "evidence": "F\n======================================================================\nFAIL: test_zero_is_admitted_both_drift_signs_with_correction_freedom (__main__.ZeroBoundsTests)\n----------------------------------------------------------------------\nTraceback (most recent call last):\n  File \"/home/liyufeng/safeduo/artifacts/safety_zero_intent_20261006_2225/astra_zero_contract_tests.py\", line 49, in test_zero_is_admitted_both_drift_signs_with_correction_freedom\n    self.assertTrue(((lo<=0)&(hi>=0)).all())\nAssertionError: tensor(False) is not true\n\n----------------------------------------------------------------------\nRan 1 test in 0.002s\n\nFAILED (failures=1)\n"}, {"name": "admit_invalid_zero", "killed": true, "tests": 1, "failures": 1, "errors": 0, "evidence": "F\n======================================================================\nFAIL: test_invalid_zero_outside_original_bounds_rejects_both_sides (__main__.ZeroBoundsTests)\n----------------------------------------------------------------------\nTraceback (most recent call last):\n  File \"/home/liyufeng/safeduo/artifacts/safety_zero_intent_20261006_2225/astra_zero_contract_tests.py\", line 61, in test_invalid_zero_outside_original_bounds_rejects_both_sides\n    with self.assertRaisesRegex(ValueError,'outside original reachable'):\nAssertionError: ValueError not raised\n\n----------------------------------------------------------------------\nRan 1 test in 0.009s\n\nFAILED (failures=1)\n"}, {"name": "collapse_correction_interval", "killed": true, "tests": 1, "failures": 1, "errors": 0, "evidence": "F\n======================================================================\nFAIL: test_zero_is_admitted_both_drift_signs_with_correction_freedom (__main__.ZeroBoundsTests)\n----------------------------------------------------------------------\nTraceback (most recent call last):\n  File \"/home/liyufeng/safeduo/artifacts/safety_zero_intent_20261006_2225/astra_zero_contract_tests.py\", line 50, in test_zero_is_admitted_both_drift_signs_with_correction_freedom\n    self.assertTrue((hi-lo>0).all(), 'must preserve nonzero safety correction freedom')\nAssertionError: tensor(False) is not true : must preserve nonzero safety correction freedom\n\n----------------------------------------------------------------------\nRan 1 test in 0.001s\n\nFAILED (failures=1)\n"}, {"name": "remove_prelimit", "killed": true, "tests": 1, "failures": 0, "errors": 1, "evidence": "E\n======================================================================\nERROR: test_r19_input_is_limited_before_verbatim_return_and_no_state_changes (__main__.ProjectionIntegrationTests)\n----------------------------------------------------------------------\nTraceback (most recent call last):\n  File \"/home/liyufeng/safeduo/artifacts/safety_zero_intent_20261006_2225/astra_zero_contract_tests.py\", line 186, in test_r19_input_is_limited_before_verbatim_return_and_no_state_changes\n    result,active,info=env._backstop.project(cmd,None,None,None,.016666,bypass_arm=bypass)\n  File \"/home/liyufeng/safeduo/artifacts/safety_zero_intent_20261006_2225/reference_envelope.py\", line 80, in project\n    raise ValueError('governor output exceeds declared reachable reference bounds')\nValueError: governor output exceeds declared reachable reference bounds\n\n----------------------------------------------------------------------\nRan 1 test in 0.001s\n\nFAILED (errors=1)\n"}, {"name": "force_zero_after_projection", "killed": true, "tests": 1, "failures": 1, "errors": 0, "evidence": "F\n======================================================================\nFAIL: test_nonzero_projector_correction_is_not_overwritten_on_zero_intent (__main__.ProjectionIntegrationTests)\n----------------------------------------------------------------------\nTraceback (most recent call last):\n  File \"/home/liyufeng/safeduo/artifacts/safety_zero_intent_20261006_2225/astra_zero_contract_tests.py\", line 208, in test_nonzero_projector_correction_is_not_overwritten_on_zero_intent\n    self.assertTrue(all((v==.0125).all() for v in result.delta_q.values()))\nAssertionError: False is not true\n\n----------------------------------------------------------------------\nRan 1 test in 0.001s\n\nFAILED (failures=1)\n"}]
API_OBSERVATIONS {"scope": "Current notified validation is exercised for scalar, batch-by-one and exact-state gaps; rejected joint-axis/expansion gaps and mixed dtype/meta-device inputs. No CUDA device execution."}
CPU_SCOPE {"tests": 20, "failures": 0, "errors": 0, "no_gpu": true, "no_simulation": true, "no_outcomes": true, "source_stable": true}
