[INFO][AppLauncher]: Using device: cuda:0
[INFO][AppLauncher]: Loading experience file: /home/liyufeng/safeduo_isaaclab/apps/isaaclab.python.headless.rendering.kit
Loading user config located at: '/home/liyufeng/miniforge3/envs/safeduo/lib/python3.11/site-packages/isaacsim/kit/data/Kit/Isaac-Sim/5.1/user.config.json'
[Info] [carb] Logging to file: /home/liyufeng/miniforge3/envs/safeduo/lib/python3.11/site-packages/isaacsim/kit/logs/Kit/Isaac-Sim/5.1/kit_20261008_021529.log
2026-10-07T18:15:29Z [145ms] [Warning] [carb.windowing-glfw.plugin] GLFW initialization failed.
2026-10-07T18:15:29Z [145ms] [Warning] [carb] Failed to startup plugin carb.windowing-glfw.plugin (interfaces: [carb::windowing::IGLContext v1.0],[carb::windowing::IWindowing v1.5]) (impl: carb.windowing-glfw.plugin)
2026-10-07T18:15:29Z [172ms] [Warning] [omni.platforminfo.plugin] failed to open the default display.  Can't verify X Server version.
2026-10-07T18:15:29Z [176ms] [Warning] [carb.cudainterop.plugin] CUDA_VISIBLE_DEVICES environment variable is set.
2026-10-07T18:15:29Z [176ms] [Warning] [carb.cudainterop.plugin] Note CUDA device enumeration and Omniverse device enumeration are different.
2026-10-07T18:15:29Z [176ms] [Warning] [carb.cudainterop.plugin] Setting CUDA_VISIBLE_DEVICES can lead to undesired behavior or crashes.
2026-10-07T18:15:29Z [433ms] [Warning] [carb.windowing-glfw.plugin] GLFW initialization failed.
2026-10-07T18:15:29Z [433ms] [Warning] [carb] Failed to startup plugin carb.windowing-glfw.plugin (interfaces: [carb::windowing::IGLContext v1.0],[carb::windowing::IWindowing v1.5]) (impl: carb.windowing-glfw.plugin)

|---------------------------------------------------------------------------------------------|
| Driver Version: 570.124.06    | Graphics API: Vulkan
|=============================================================================================|
| GPU | Name                             | Active | LDA | GPU Memory | Vendor-ID | LUID       |
|     |                                  |        |     |            | Device-ID | UUID       |
|     |                                  |        |     |            | Bus-ID    |            |
|---------------------------------------------------------------------------------------------|
| 0   | NVIDIA GeForce RTX 5090          | Yes: 0 |     | 32607   MB | 10de      | 0          |
|     |                                  |        |     |            | 2b85      | b129224c.. |
|     |                                  |        |     |            | 41        |            |
|---------------------------------------------------------------------------------------------|
| 1   | NVIDIA GeForce RTX 5090          |        |     | 32607   MB | 10de      | 0          |
|     |                                  |        |     |            | 2b85      | 828bb172.. |
|     |                                  |        |     |            | 81        |            |
|=============================================================================================|
| OS: 22.04.5 LTS (Jammy Jellyfish) ubuntu, Version: 22.04.5, Kernel: 6.8.0-138-generic
| Processor: AMD Ryzen Threadripper 7960X 24-Cores
| Cores: 24 | Logical Cores: 48
|---------------------------------------------------------------------------------------------|
| Total Memory (MB): 257228 | Free Memory: 54910
| Total Page/Swap (MB): 131071 | Free Page/Swap: 0
|---------------------------------------------------------------------------------------------|
2026-10-07T18:15:30Z [1,012ms] [Warning] [gpu.foundation.plugin] PCIe link width current (2) and maximum (16) for device 0 don't match.
2026-10-07T18:15:30Z [1,012ms] [Warning] [gpu.foundation.plugin] IOMMU is enabled.
2026-10-07T18:15:30Z [1,012ms] [Warning] [gpu.foundation.plugin] Detected IOMMU is enabled. Running CUDA peer-to-peer bandwidth and latency validation.
Unidirectional P2P=Enabled Bandwidth (P2P Writes) Matrix (GB/s)
   D\D     0      1 
     0 1531.86   6.96 
     1   6.86 1547.03 
P2P=Enabled Latency (P2P Writes) Matrix (us)
   GPU     0      1 
     0   2.06  16.28 
     1  12.92   2.08 

   CPU     0      1 
     0   1.86   5.14 
     1   5.00   2.63 
2026-10-07T18:15:30Z [1,269ms] [Warning] [gpu.foundation.plugin] CUDA peer-to-peer observed bandwidth: 6.9 GB/s.
2026-10-07T18:15:30Z [1,269ms] [Warning] [gpu.foundation.plugin] CUDA peer-to-peer observed latency: 16.3 us.
2026-10-07T18:15:30Z [1,269ms] [Warning] [gpu.foundation.plugin] Please verify if observed bandwidth and latency are expected.
2026-10-07T18:15:30Z [1,826ms] [Warning] [carb.windowing-glfw.plugin] GLFW initialization failed.
2026-10-07T18:15:30Z [1,826ms] [Warning] [carb] Failed to startup plugin carb.windowing-glfw.plugin (interfaces: [carb::windowing::IGLContext v1.0],[carb::windowing::IWindowing v1.5]) (impl: carb.windowing-glfw.plugin)
2026-10-07T18:15:30Z [1,849ms] [Warning] [carb.windowing-glfw.plugin] GLFW initialization failed.
2026-10-07T18:15:30Z [1,849ms] [Warning] [carb] Failed to startup plugin carb.windowing-glfw.plugin (interfaces: [carb::windowing::IGLContext v1.0],[carb::windowing::IWindowing v1.5]) (impl: carb.windowing-glfw.plugin)
2026-10-07T18:15:30Z [1,856ms] [Warning] [carb.windowing-glfw.plugin] GLFW initialization failed.
2026-10-07T18:15:30Z [1,856ms] [Warning] [carb] Failed to startup plugin carb.windowing-glfw.plugin (interfaces: [carb::windowing::IGLContext v1.0],[carb::windowing::IWindowing v1.5]) (impl: carb.windowing-glfw.plugin)
2026-10-07T18:15:30Z [1,866ms] [Warning] [carb.windowing-glfw.plugin] GLFW initialization failed.
2026-10-07T18:15:30Z [1,866ms] [Warning] [carb] Failed to startup plugin carb.windowing-glfw.plugin (interfaces: [carb::windowing::IGLContext v1.0],[carb::windowing::IWindowing v1.5]) (impl: carb.windowing-glfw.plugin)
2026-10-07T18:15:30Z [1,868ms] [Warning] [carb.windowing-glfw.plugin] GLFW initialization failed.
2026-10-07T18:15:30Z [1,868ms] [Warning] [carb] Failed to startup plugin carb.windowing-glfw.plugin (interfaces: [carb::windowing::IGLContext v1.0],[carb::windowing::IWindowing v1.5]) (impl: carb.windowing-glfw.plugin)
2026-10-07T18:15:30Z [1,869ms] [Warning] [carb.windowing-glfw.plugin] GLFW initialization failed.
2026-10-07T18:15:30Z [1,869ms] [Warning] [carb] Failed to startup plugin carb.windowing-glfw.plugin (interfaces: [carb::windowing::IGLContext v1.0],[carb::windowing::IWindowing v1.5]) (impl: carb.windowing-glfw.plugin)
2026-10-07T18:15:31Z [2,048ms] [Warning] [omni.log] Source: omni.hydra was already registered.
2026-10-07T18:15:31Z [2,359ms] [Warning] [carb] Acquiring non optional plugin interface which is not listed as dependency: [omni::physx::IPhysxBenchmarks v1.0] (plugin: <default plugin>), by client: omni.physics.physx.plugin. Add it to CARB_PLUGIN_IMPL_DEPS() macro of a client.
2026-10-07T18:15:31Z [2,368ms] [Warning] [omni.isaac.dynamic_control] omni.isaac.dynamic_control is deprecated as of Isaac Sim 4.5. No action is needed from end-users.
2026-10-07T18:15:34Z [5,427ms] [Warning] [pxr.Semantics] pxr.Semantics is deprecated - please use Semantics instead
2026-10-07T18:15:34Z [5,527ms] [Warning] [omni.graph.core.plugin] Found duplicate of category 'Replicator' - was 'Annotators', adding 'Fabric Reader'
2026-10-07T18:15:34Z [5,527ms] [Warning] [omni.graph.core.plugin] Category 'Replicator' not accepted on node type 'omni.replicator.core.FabricReader' in extension 'omni.replicator.core'
2026-10-07T18:15:34Z [5,528ms] [Warning] [omni.replicator.core.scripts.extension] No material configuration file, adding configuration to material settings directly.
2026-10-07T18:15:35Z [6,814ms] [Warning] [omni.kvdb.plugin] Disabling key-value database because another kit process is locking it
2026-10-07T18:15:38Z [9,214ms] [Warning] [omni.fabric.plugin] Warning: attribute viewportHandle not found for bucket id 7


[36m======================================================================================[0m
[36m[1m[INFO][IsaacLab]: Logging to file: /tmp/isaaclab/logs/isaaclab_2026-10-08_02-15-39.log[0m
[36m======================================================================================[0m

[33m02:15:39 [simulation_context.py] WARNING: The `enable_external_forces_every_iteration` parameter in the PhysxCfg is set to False. If you are experiencing noisy velocities, consider enabling this flag. You may need to slightly increase the number of velocity iterations (setting it to 1 or 2 rather than 0), together with this flag, to improve the accuracy of velocity updates.[0m
[INFO]: Base environment:
	Environment device    : cuda:0
	Environment seed      : 90610761
	Physics step-size     : 0.008333
	Rendering step-size   : 0.016666
	Environment step-size : 0.016666
[33m02:15:41 [prims.py] WARNING: Could not perform 'modify_collision_properties' on any prims under: '/World/envs/env_0/Prop_nist_board'. This might be because of the following reasons:
	(1) The desired attribute does not exist on any of the prims.
	(2) The desired attribute exists on an instanced prim.
		Discovered list of instanced prim paths: ['/World/envs/env_0/Prop_nist_board/visuals', '/World/envs/env_0/Prop_nist_board/collisions'][0m
R35_HAND_TORSION de-instanced hand collision scopes: 50
R35_HAND_TORSION radius=0.02 min=0.01 collision_prims=128
R34_MESH_OBJECT /World/envs/env_0/Obj_beam700: friction 1.5/1.2 on 1 materials, 0 glass meshes rebound, 0 opacity inputs disabled
R34_MESH_OBJECT /World/envs/env_0/Obj_beam300: friction 1.5/1.2 on 1 materials, 0 glass meshes rebound, 0 opacity inputs disabled
[INFO]: Time taken for scene creation : 138.367191 seconds
[INFO]: Scene manager:  <class InteractiveScene>
	Number of environments: 2
	Environment spacing   : 5.0
	Source prim name      : /World/envs/env_0
	Global prim paths     : ['/World/ground']
	Replicate physics     : True
[INFO]: Starting the simulation. This may take a few seconds. Please wait...
2026-10-07T18:17:58Z [149,566ms] [Warning] [omni.fabric.plugin] getAttributeCount called on non-existent path /World/envs/env_1/U_R/wrist_3_link/visuals/wrist3/Scene
2026-10-07T18:17:58Z [149,566ms] [Warning] [omni.fabric.plugin] getTypes called on non-existent path /World/envs/env_1/U_R/wrist_3_link/visuals/wrist3/Scene
2026-10-07T18:17:59Z [150,426ms] [Error] [omni.hydra] [UsdToMdl] Prim '/__Fabric_StageInfo/MaterialPool/mat_5b9f5132/Shader' parameter 'normalmap_texture': References an asset that can not be found: 'omniverse://simready.ov.nvidia.com/Projects/Groot_Content/Material%20Library/Plastic/Textures/T_Plastic_Glossy_White_A_Normal.png'
2026-10-07T18:17:59Z [150,426ms] [Error] [omni.hydra] [UsdToMdl] Prim '/__Fabric_StageInfo/MaterialPool/mat_5b9f5132/Shader' parameter 'diffuse_texture': References an asset that can not be found: 'omniverse://simready.ov.nvidia.com/Projects/Groot_Content/Material%20Library/Plastic/Textures/T_Plastic_Glossy_White_A_Albedo.png'
2026-10-07T18:17:59Z [150,426ms] [Error] [omni.hydra] [UsdToMdl] Prim '/__Fabric_StageInfo/MaterialPool/mat_5b9f5132/Shader' parameter 'ORM_texture': References an asset that can not be found: 'omniverse://simready.ov.nvidia.com/Projects/Groot_Content/Material%20Library/Plastic/Textures/T_Plastic_Glossy_White_A_ORM.png'
2026-10-07T18:17:59Z [150,426ms] [Error] [omni.hydra] [UsdToMdl] Prim '/__Fabric_StageInfo/MaterialPool/mat_5b9f5132/Shader' parameter 'ORM_texture': References an asset that can not be found: 'omniverse://simready.ov.nvidia.com/Projects/Groot_Content/Material%20Library/Plastic/Textures/T_Plastic_Glossy_White_A_ORM.png'
2026-10-07T18:17:59Z [150,426ms] [Error] [omni.hydra] [UsdToMdl] Prim '/__Fabric_StageInfo/MaterialPool/mat_5b9f5132/Shader' parameter 'diffuse_texture': References an asset that can not be found: 'omniverse://simready.ov.nvidia.com/Projects/Groot_Content/Material%20Library/Plastic/Textures/T_Plastic_Glossy_White_A_Albedo.png'
2026-10-07T18:17:59Z [150,426ms] [Error] [omni.hydra] [UsdToMdl] Prim '/__Fabric_StageInfo/MaterialPool/mat_5b9f5132/Shader' parameter 'normalmap_texture': References an asset that can not be found: 'omniverse://simready.ov.nvidia.com/Projects/Groot_Content/Material%20Library/Plastic/Textures/T_Plastic_Glossy_White_A_Normal.png'
2026-10-07T18:17:59Z [150,465ms] [Error] [omni.hydra] [UsdToMdl] Prim '/__Fabric_StageInfo/MaterialPool/mat_540c60c2/Shader' parameter 'normalmap_texture': References an asset that can not be found: 'omniverse://simready.ov.nvidia.com/Projects/Groot_Content/Material%20Library/Plastic/Textures/T_Plastic_Glossy_White_A_Normal.png'
2026-10-07T18:17:59Z [150,465ms] [Error] [omni.hydra] [UsdToMdl] Prim '/__Fabric_StageInfo/MaterialPool/mat_540c60c2/Shader' parameter 'diffuse_texture': References an asset that can not be found: 'omniverse://simready.ov.nvidia.com/Projects/Groot_Content/Material%20Library/Plastic/Textures/T_Plastic_Glossy_White_A_Albedo.png'
2026-10-07T18:17:59Z [150,465ms] [Error] [omni.hydra] [UsdToMdl] Prim '/__Fabric_StageInfo/MaterialPool/mat_540c60c2/Shader' parameter 'ORM_texture': References an asset that can not be found: 'omniverse://simready.ov.nvidia.com/Projects/Groot_Content/Material%20Library/Plastic/Textures/T_Plastic_Glossy_White_A_ORM.png'
2026-10-07T18:17:59Z [150,465ms] [Error] [omni.hydra] [UsdToMdl] Prim '/__Fabric_StageInfo/MaterialPool/mat_540c60c2/Shader' parameter 'ORM_texture': References an asset that can not be found: 'omniverse://simready.ov.nvidia.com/Projects/Groot_Content/Material%20Library/Plastic/Textures/T_Plastic_Glossy_White_A_ORM.png'
2026-10-07T18:17:59Z [150,465ms] [Error] [omni.hydra] [UsdToMdl] Prim '/__Fabric_StageInfo/MaterialPool/mat_540c60c2/Shader' parameter 'diffuse_texture': References an asset that can not be found: 'omniverse://simready.ov.nvidia.com/Projects/Groot_Content/Material%20Library/Plastic/Textures/T_Plastic_Glossy_White_A_Albedo.png'
2026-10-07T18:17:59Z [150,465ms] [Error] [omni.hydra] [UsdToMdl] Prim '/__Fabric_StageInfo/MaterialPool/mat_540c60c2/Shader' parameter 'normalmap_texture': References an asset that can not be found: 'omniverse://simready.ov.nvidia.com/Projects/Groot_Content/Material%20Library/Plastic/Textures/T_Plastic_Glossy_White_A_Normal.png'
2026-10-07T18:17:59Z [150,481ms] [Error] [omni.hydra] [UsdToMdl] Prim '/__Fabric_StageInfo/MaterialPool/mat_3ee0483c/Shader' parameter 'normalmap_texture': References an asset that can not be found: 'omniverse://simready.ov.nvidia.com/Projects/Groot_Content/Material%20Library/Plastic/Textures/T_Plastic_Blue_A_Normal.png'
2026-10-07T18:17:59Z [150,481ms] [Error] [omni.hydra] [UsdToMdl] Prim '/__Fabric_StageInfo/MaterialPool/mat_3ee0483c/Shader' parameter 'diffuse_texture': References an asset that can not be found: 'omniverse://simready.ov.nvidia.com/Projects/Groot_Content/Material%20Library/Plastic/Textures/T_Plastic_Blue_A_Albedo.png'
2026-10-07T18:17:59Z [150,481ms] [Error] [omni.hydra] [UsdToMdl] Prim '/__Fabric_StageInfo/MaterialPool/mat_3ee0483c/Shader' parameter 'ORM_texture': References an asset that can not be found: 'omniverse://simready.ov.nvidia.com/Projects/Groot_Content/Material%20Library/Plastic/Textures/T_Plastic_Blue_A_ORM.png'
2026-10-07T18:17:59Z [150,481ms] [Error] [omni.hydra] [UsdToMdl] Prim '/__Fabric_StageInfo/MaterialPool/mat_3ee0483c/Shader' parameter 'ORM_texture': References an asset that can not be found: 'omniverse://simready.ov.nvidia.com/Projects/Groot_Content/Material%20Library/Plastic/Textures/T_Plastic_Blue_A_ORM.png'
2026-10-07T18:17:59Z [150,481ms] [Error] [omni.hydra] [UsdToMdl] Prim '/__Fabric_StageInfo/MaterialPool/mat_3ee0483c/Shader' parameter 'diffuse_texture': References an asset that can not be found: 'omniverse://simready.ov.nvidia.com/Projects/Groot_Content/Material%20Library/Plastic/Textures/T_Plastic_Blue_A_Albedo.png'
2026-10-07T18:17:59Z [150,481ms] [Error] [omni.hydra] [UsdToMdl] Prim '/__Fabric_StageInfo/MaterialPool/mat_3ee0483c/Shader' parameter 'normalmap_texture': References an asset that can not be found: 'omniverse://simready.ov.nvidia.com/Projects/Groot_Content/Material%20Library/Plastic/Textures/T_Plastic_Blue_A_Normal.png'
2026-10-07T18:17:59Z [150,488ms] [Error] [omni.hydra] [UsdToMdl] Prim '/__Fabric_StageInfo/MaterialPool/mat_ad3fc82a/Shader' parameter 'normalmap_texture': References an asset that can not be found: 'omniverse://simready.ov.nvidia.com/Projects/Groot_Content/Material%20Library/Metal/Textures/T_Steel_StainlessScratched_A1_Normal.png'
2026-10-07T18:17:59Z [150,488ms] [Error] [omni.hydra] [UsdToMdl] Prim '/__Fabric_StageInfo/MaterialPool/mat_ad3fc82a/Shader' parameter 'diffuse_texture': References an asset that can not be found: 'omniverse://simready.ov.nvidia.com/Projects/Groot_Content/Material%20Library/Metal/Textures/T_Steel_StainlessScratched_A1_Albedo.png'
2026-10-07T18:17:59Z [150,488ms] [Error] [omni.hydra] [UsdToMdl] Prim '/__Fabric_StageInfo/MaterialPool/mat_ad3fc82a/Shader' parameter 'ORM_texture': References an asset that can not be found: 'omniverse://simready.ov.nvidia.com/Projects/Groot_Content/Material%20Library/Metal/Textures/T_Steel_StainlessScratched_A1_ORM.png'
2026-10-07T18:17:59Z [150,488ms] [Error] [omni.hydra] [UsdToMdl] Prim '/__Fabric_StageInfo/MaterialPool/mat_ad3fc82a/Shader' parameter 'ORM_texture': References an asset that can not be found: 'omniverse://simready.ov.nvidia.com/Projects/Groot_Content/Material%20Library/Metal/Textures/T_Steel_StainlessScratched_A1_ORM.png'
2026-10-07T18:17:59Z [150,488ms] [Error] [omni.hydra] [UsdToMdl] Prim '/__Fabric_StageInfo/MaterialPool/mat_ad3fc82a/Shader' parameter 'diffuse_texture': References an asset that can not be found: 'omniverse://simready.ov.nvidia.com/Projects/Groot_Content/Material%20Library/Metal/Textures/T_Steel_StainlessScratched_A1_Albedo.png'
2026-10-07T18:17:59Z [150,489ms] [Error] [omni.hydra] [UsdToMdl] Prim '/__Fabric_StageInfo/MaterialPool/mat_ad3fc82a/Shader' parameter 'normalmap_texture': References an asset that can not be found: 'omniverse://simready.ov.nvidia.com/Projects/Groot_Content/Material%20Library/Metal/Textures/T_Steel_StainlessScratched_A1_Normal.png'
2026-10-07T18:17:59Z [150,493ms] [Error] [omni.hydra] [UsdToMdl] Prim '/__Fabric_StageInfo/MaterialPool/mat_48ec6003/Shader' parameter 'normalmap_texture': References an asset that can not be found: 'omniverse://simready.ov.nvidia.com/Projects/Groot_Content/Material%20Library/Rubber/Textures/T_Rubber_Black_Glossy_A_Normal.png'
2026-10-07T18:17:59Z [150,493ms] [Error] [omni.hydra] [UsdToMdl] Prim '/__Fabric_StageInfo/MaterialPool/mat_48ec6003/Shader' parameter 'diffuse_texture': References an asset that can not be found: 'omniverse://simready.ov.nvidia.com/Projects/Groot_Content/Material%20Library/Rubber/Textures/T_Rubber_Black_Glossy_A_Albedo.png'
2026-10-07T18:17:59Z [150,493ms] [Error] [omni.hydra] [UsdToMdl] Prim '/__Fabric_StageInfo/MaterialPool/mat_48ec6003/Shader' parameter 'ORM_texture': References an asset that can not be found: 'omniverse://simready.ov.nvidia.com/Projects/Groot_Content/Material%20Library/Rubber/Textures/T_Rubber_Black_Glossy_A_ORM.png'
2026-10-07T18:17:59Z [150,493ms] [Error] [omni.hydra] [UsdToMdl] Prim '/__Fabric_StageInfo/MaterialPool/mat_48ec6003/Shader' parameter 'ORM_texture': References an asset that can not be found: 'omniverse://simready.ov.nvidia.com/Projects/Groot_Content/Material%20Library/Rubber/Textures/T_Rubber_Black_Glossy_A_ORM.png'
2026-10-07T18:17:59Z [150,493ms] [Error] [omni.hydra] [UsdToMdl] Prim '/__Fabric_StageInfo/MaterialPool/mat_48ec6003/Shader' parameter 'diffuse_texture': References an asset that can not be found: 'omniverse://simready.ov.nvidia.com/Projects/Groot_Content/Material%20Library/Rubber/Textures/T_Rubber_Black_Glossy_A_Albedo.png'
2026-10-07T18:17:59Z [150,493ms] [Error] [omni.hydra] [UsdToMdl] Prim '/__Fabric_StageInfo/MaterialPool/mat_48ec6003/Shader' parameter 'normalmap_texture': References an asset that can not be found: 'omniverse://simready.ov.nvidia.com/Projects/Groot_Content/Material%20Library/Rubber/Textures/T_Rubber_Black_Glossy_A_Normal.png'
2026-10-07T18:17:59Z [150,497ms] [Error] [omni.hydra] [UsdToMdl] Prim '/__Fabric_StageInfo/MaterialPool/mat_fcc81cba/Shader' parameter 'normalmap_texture': References an asset that can not be found: 'omniverse://simready.ov.nvidia.com/Projects/Groot_Content/Material%20Library/Plastic/Textures/T_Plastic_Black_A_Normal.png'
2026-10-07T18:17:59Z [150,497ms] [Error] [omni.hydra] [UsdToMdl] Prim '/__Fabric_StageInfo/MaterialPool/mat_fcc81cba/Shader' parameter 'diffuse_texture': References an asset that can not be found: 'omniverse://simready.ov.nvidia.com/Projects/Groot_Content/Material%20Library/Plastic/Textures/T_Plastic_Black_A_Albedo.png'
2026-10-07T18:17:59Z [150,497ms] [Error] [omni.hydra] [UsdToMdl] Prim '/__Fabric_StageInfo/MaterialPool/mat_fcc81cba/Shader' parameter 'ORM_texture': References an asset that can not be found: 'omniverse://simready.ov.nvidia.com/Projects/Groot_Content/Material%20Library/Plastic/Textures/T_Plastic_Black_A_ORM.png'
2026-10-07T18:17:59Z [150,497ms] [Error] [omni.hydra] [UsdToMdl] Prim '/__Fabric_StageInfo/MaterialPool/mat_fcc81cba/Shader' parameter 'ORM_texture': References an asset that can not be found: 'omniverse://simready.ov.nvidia.com/Projects/Groot_Content/Material%20Library/Plastic/Textures/T_Plastic_Black_A_ORM.png'
2026-10-07T18:17:59Z [150,497ms] [Error] [omni.hydra] [UsdToMdl] Prim '/__Fabric_StageInfo/MaterialPool/mat_fcc81cba/Shader' parameter 'diffuse_texture': References an asset that can not be found: 'omniverse://simready.ov.nvidia.com/Projects/Groot_Content/Material%20Library/Plastic/Textures/T_Plastic_Black_A_Albedo.png'
2026-10-07T18:17:59Z [150,497ms] [Error] [omni.hydra] [UsdToMdl] Prim '/__Fabric_StageInfo/MaterialPool/mat_fcc81cba/Shader' parameter 'normalmap_texture': References an asset that can not be found: 'omniverse://simready.ov.nvidia.com/Projects/Groot_Content/Material%20Library/Plastic/Textures/T_Plastic_Black_A_Normal.png'
2026-10-07T18:17:59Z [150,511ms] [Error] [omni.hydra] [UsdToMdl] Prim '/__Fabric_StageInfo/MaterialPool/mat_c740d1a8/Shader' parameter 'normalmap_texture': References an asset that can not be found: 'omniverse://simready.ov.nvidia.com/Projects/Groot_Content/Material%20Library/Rubber/Textures/T_Rubber_Black_Glossy_A_Normal.png'
2026-10-07T18:17:59Z [150,511ms] [Error] [omni.hydra] [UsdToMdl] Prim '/__Fabric_StageInfo/MaterialPool/mat_c740d1a8/Shader' parameter 'diffuse_texture': References an asset that can not be found: 'omniverse://simready.ov.nvidia.com/Projects/Groot_Content/Material%20Library/Rubber/Textures/T_Rubber_Black_Glossy_A_Albedo.png'
2026-10-07T18:17:59Z [150,511ms] [Error] [omni.hydra] [UsdToMdl] Prim '/__Fabric_StageInfo/MaterialPool/mat_c740d1a8/Shader' parameter 'ORM_texture': References an asset that can not be found: 'omniverse://simready.ov.nvidia.com/Projects/Groot_Content/Material%20Library/Rubber/Textures/T_Rubber_Black_Glossy_A_ORM.png'
2026-10-07T18:17:59Z [150,511ms] [Error] [omni.hydra] [UsdToMdl] Prim '/__Fabric_StageInfo/MaterialPool/mat_c740d1a8/Shader' parameter 'ORM_texture': References an asset that can not be found: 'omniverse://simready.ov.nvidia.com/Projects/Groot_Content/Material%20Library/Rubber/Textures/T_Rubber_Black_Glossy_A_ORM.png'
2026-10-07T18:17:59Z [150,512ms] [Error] [omni.hydra] [UsdToMdl] Prim '/__Fabric_StageInfo/MaterialPool/mat_c740d1a8/Shader' parameter 'diffuse_texture': References an asset that can not be found: 'omniverse://simready.ov.nvidia.com/Projects/Groot_Content/Material%20Library/Rubber/Textures/T_Rubber_Black_Glossy_A_Albedo.png'
2026-10-07T18:17:59Z [150,512ms] [Error] [omni.hydra] [UsdToMdl] Prim '/__Fabric_StageInfo/MaterialPool/mat_c740d1a8/Shader' parameter 'normalmap_texture': References an asset that can not be found: 'omniverse://simready.ov.nvidia.com/Projects/Groot_Content/Material%20Library/Rubber/Textures/T_Rubber_Black_Glossy_A_Normal.png'
2026-10-07T18:18:00Z [151,464ms] [Error] [omni.hydra] [UsdToMdl] Prim '/__Fabric_StageInfo/MaterialPool/mat_5b9f5132/Shader' parameter 'normalmap_texture': References an asset that can not be found: 'omniverse://simready.ov.nvidia.com/Projects/Groot_Content/Material%20Library/Plastic/Textures/T_Plastic_Glossy_White_A_Normal.png'
2026-10-07T18:18:00Z [151,464ms] [Error] [omni.hydra] [UsdToMdl] Prim '/__Fabric_StageInfo/MaterialPool/mat_5b9f5132/Shader' parameter 'ORM_texture': References an asset that can not be found: 'omniverse://simready.ov.nvidia.com/Projects/Groot_Content/Material%20Library/Plastic/Textures/T_Plastic_Glossy_White_A_ORM.png'
2026-10-07T18:18:00Z [151,464ms] [Error] [omni.hydra] [UsdToMdl] Prim '/__Fabric_StageInfo/MaterialPool/mat_5b9f5132/Shader' parameter 'diffuse_texture': References an asset that can not be found: 'omniverse://simready.ov.nvidia.com/Projects/Groot_Content/Material%20Library/Plastic/Textures/T_Plastic_Glossy_White_A_Albedo.png'
2026-10-07T18:18:00Z [151,465ms] [Error] [omni.hydra] [UsdToMdl] Prim '/__Fabric_StageInfo/MaterialPool/mat_540c60c2/Shader' parameter 'normalmap_texture': References an asset that can not be found: 'omniverse://simready.ov.nvidia.com/Projects/Groot_Content/Material%20Library/Plastic/Textures/T_Plastic_Glossy_White_A_Normal.png'
2026-10-07T18:18:00Z [151,465ms] [Error] [omni.hydra] [UsdToMdl] Prim '/__Fabric_StageInfo/MaterialPool/mat_540c60c2/Shader' parameter 'ORM_texture': References an asset that can not be found: 'omniverse://simready.ov.nvidia.com/Projects/Groot_Content/Material%20Library/Plastic/Textures/T_Plastic_Glossy_White_A_ORM.png'
2026-10-07T18:18:00Z [151,466ms] [Error] [omni.hydra] [UsdToMdl] Prim '/__Fabric_StageInfo/MaterialPool/mat_540c60c2/Shader' parameter 'diffuse_texture': References an asset that can not be found: 'omniverse://simready.ov.nvidia.com/Projects/Groot_Content/Material%20Library/Plastic/Textures/T_Plastic_Glossy_White_A_Albedo.png'
2026-10-07T18:18:00Z [151,466ms] [Error] [omni.hydra] [UsdToMdl] Prim '/__Fabric_StageInfo/MaterialPool/mat_3ee0483c/Shader' parameter 'normalmap_texture': References an asset that can not be found: 'omniverse://simready.ov.nvidia.com/Projects/Groot_Content/Material%20Library/Plastic/Textures/T_Plastic_Blue_A_Normal.png'
2026-10-07T18:18:00Z [151,466ms] [Error] [omni.hydra] [UsdToMdl] Prim '/__Fabric_StageInfo/MaterialPool/mat_3ee0483c/Shader' parameter 'ORM_texture': References an asset that can not be found: 'omniverse://simready.ov.nvidia.com/Projects/Groot_Content/Material%20Library/Plastic/Textures/T_Plastic_Blue_A_ORM.png'
2026-10-07T18:18:00Z [151,466ms] [Error] [omni.hydra] [UsdToMdl] Prim '/__Fabric_StageInfo/MaterialPool/mat_3ee0483c/Shader' parameter 'diffuse_texture': References an asset that can not be found: 'omniverse://simready.ov.nvidia.com/Projects/Groot_Content/Material%20Library/Plastic/Textures/T_Plastic_Blue_A_Albedo.png'
2026-10-07T18:18:00Z [151,466ms] [Error] [omni.hydra] [UsdToMdl] Prim '/__Fabric_StageInfo/MaterialPool/mat_ad3fc82a/Shader' parameter 'normalmap_texture': References an asset that can not be found: 'omniverse://simready.ov.nvidia.com/Projects/Groot_Content/Material%20Library/Metal/Textures/T_Steel_StainlessScratched_A1_Normal.png'
2026-10-07T18:18:00Z [151,466ms] [Error] [omni.hydra] [UsdToMdl] Prim '/__Fabric_StageInfo/MaterialPool/mat_ad3fc82a/Shader' parameter 'ORM_texture': References an asset that can not be found: 'omniverse://simready.ov.nvidia.com/Projects/Groot_Content/Material%20Library/Metal/Textures/T_Steel_StainlessScratched_A1_ORM.png'
2026-10-07T18:18:00Z [151,466ms] [Error] [omni.hydra] [UsdToMdl] Prim '/__Fabric_StageInfo/MaterialPool/mat_ad3fc82a/Shader' parameter 'diffuse_texture': References an asset that can not be found: 'omniverse://simready.ov.nvidia.com/Projects/Groot_Content/Material%20Library/Metal/Textures/T_Steel_StainlessScratched_A1_Albedo.png'
2026-10-07T18:18:00Z [151,467ms] [Error] [omni.hydra] [UsdToMdl] Prim '/__Fabric_StageInfo/MaterialPool/mat_48ec6003/Shader' parameter 'normalmap_texture': References an asset that can not be found: 'omniverse://simready.ov.nvidia.com/Projects/Groot_Content/Material%20Library/Rubber/Textures/T_Rubber_Black_Glossy_A_Normal.png'
2026-10-07T18:18:00Z [151,467ms] [Error] [omni.hydra] [UsdToMdl] Prim '/__Fabric_StageInfo/MaterialPool/mat_48ec6003/Shader' parameter 'ORM_texture': References an asset that can not be found: 'omniverse://simready.ov.nvidia.com/Projects/Groot_Content/Material%20Library/Rubber/Textures/T_Rubber_Black_Glossy_A_ORM.png'
2026-10-07T18:18:00Z [151,467ms] [Error] [omni.hydra] [UsdToMdl] Prim '/__Fabric_StageInfo/MaterialPool/mat_48ec6003/Shader' parameter 'diffuse_texture': References an asset that can not be found: 'omniverse://simready.ov.nvidia.com/Projects/Groot_Content/Material%20Library/Rubber/Textures/T_Rubber_Black_Glossy_A_Albedo.png'
2026-10-07T18:18:00Z [151,467ms] [Error] [omni.hydra] [UsdToMdl] Prim '/__Fabric_StageInfo/MaterialPool/mat_fcc81cba/Shader' parameter 'normalmap_texture': References an asset that can not be found: 'omniverse://simready.ov.nvidia.com/Projects/Groot_Content/Material%20Library/Plastic/Textures/T_Plastic_Black_A_Normal.png'
2026-10-07T18:18:00Z [151,467ms] [Error] [omni.hydra] [UsdToMdl] Prim '/__Fabric_StageInfo/MaterialPool/mat_fcc81cba/Shader' parameter 'ORM_texture': References an asset that can not be found: 'omniverse://simready.ov.nvidia.com/Projects/Groot_Content/Material%20Library/Plastic/Textures/T_Plastic_Black_A_ORM.png'
2026-10-07T18:18:00Z [151,467ms] [Error] [omni.hydra] [UsdToMdl] Prim '/__Fabric_StageInfo/MaterialPool/mat_fcc81cba/Shader' parameter 'diffuse_texture': References an asset that can not be found: 'omniverse://simready.ov.nvidia.com/Projects/Groot_Content/Material%20Library/Plastic/Textures/T_Plastic_Black_A_Albedo.png'
2026-10-07T18:18:00Z [151,468ms] [Error] [omni.hydra] [UsdToMdl] Prim '/__Fabric_StageInfo/MaterialPool/mat_c740d1a8/Shader' parameter 'normalmap_texture': References an asset that can not be found: 'omniverse://simready.ov.nvidia.com/Projects/Groot_Content/Material%20Library/Rubber/Textures/T_Rubber_Black_Glossy_A_Normal.png'
2026-10-07T18:18:00Z [151,468ms] [Error] [omni.hydra] [UsdToMdl] Prim '/__Fabric_StageInfo/MaterialPool/mat_c740d1a8/Shader' parameter 'ORM_texture': References an asset that can not be found: 'omniverse://simready.ov.nvidia.com/Projects/Groot_Content/Material%20Library/Rubber/Textures/T_Rubber_Black_Glossy_A_ORM.png'
2026-10-07T18:18:00Z [151,468ms] [Error] [omni.hydra] [UsdToMdl] Prim '/__Fabric_StageInfo/MaterialPool/mat_c740d1a8/Shader' parameter 'diffuse_texture': References an asset that can not be found: 'omniverse://simready.ov.nvidia.com/Projects/Groot_Content/Material%20Library/Rubber/Textures/T_Rubber_Black_Glossy_A_Albedo.png'
[INFO]: Time taken for simulation start : 3.078275 seconds
[INFO]: Completed setting up the environment...
CAMERA_REPLAY 0 6
CAMERA_REPLAY 12 12
CAMERA_REPLAY 24 18
CAMERA_REPLAY 36 24
CAMERA_REPLAY 48 30
CAMERA_REPLAY 60 36
CAMERA_REPLAY 72 42
CAMERA_REPLAY 84 48
CAMERA_REPLAY 96 54
CAMERA_REPLAY 108 60
CAMERA_REPLAY 120 66
CAMERA_REPLAY 132 72
CAMERA_REPLAY 144 78
CAMERA_REPLAY 156 84
CAMERA_REPLAY 168 90
2026-10-07T18:18:14Z [165,764ms] [Warning] [carb] Client gpu.foundation.plugin has acquired [gpu::unstable::IMemoryBudgetManagerFactory v0.1] 100 times. Consider accessing this interface with carb::getCachedInterface() (Performance warning)
CAMERA_REPLAY 180 96
CAMERA_REPLAY 192 102
CAMERA_REPLAY 204 108
CAMERA_REPLAY 216 114
CAMERA_REPLAY 228 120
CAMERA_REPLAY 240 126
CAMERA_REPLAY 252 132
CAMERA_REPLAY 264 138
CAMERA_REPLAY 276 144
CAMERA_REPLAY 288 150
CAMERA_REPLAY 300 156
CAMERA_REPLAY 312 162
CAMERA_REPLAY 324 168
CAMERA_REPLAY 336 174
CAMERA_REPLAY 348 180
CAMERA_REPLAY 360 186
CAMERA_REPLAY 372 192
CAMERA_REPLAY 384 198
CAMERA_REPLAY 396 204
CAMERA_REPLAY 408 210
CAMERA_REPLAY 420 216
CAMERA_REPLAY 432 222
CAMERA_REPLAY 444 228
CAMERA_REPLAY 456 234
CAMERA_REPLAY 468 240
CAMERA_REPLAY 480 246
CAMERA_REPLAY 492 252
CAMERA_REPLAY 504 258
CAMERA_REPLAY 516 264
CAMERA_REPLAY 528 270
CAMERA_REPLAY 540 276
CAMERA_REPLAY 552 282
CAMERA_REPLAY 564 288
CAMERA_REPLAY 576 294
CAMERA_REPLAY 588 300
CAMERA_REPLAY 600 306
CAMERA_REPLAY 612 312
CAMERA_REPLAY 624 318
CAMERA_REPLAY 636 324
CAMERA_REPLAY 648 330
CAMERA_REPLAY 660 336
CAMERA_REPLAY 672 342
CAMERA_REPLAY 684 348
CAMERA_REPLAY 696 354
CAMERA_REPLAY 708 360
