{
  "status": "PASS_COMPLETENESS_NOT_ALL_PHYSICAL_PATHS",
  "registration_sha256": "59f93f432da72cfeb9f749d01b790330b20d29732e5c50eb9941f5f5c839f13a",
  "recording_receipt_sha256": "608bf754c9fac07b5f6dce0dd984a25f4695a1587899babcb0e487a994b77f27",
  "native_cycles": 360,
  "unique_profiles": 120,
  "u_hand_paths": 720,
  "u_paths_qualified": 268,
  "profiles_qualified_at_all_three_references": [
    0,
    1,
    8,
    9,
    13,
    14,
    15,
    18,
    19,
    20,
    23,
    24,
    25,
    33,
    34,
    38,
    39,
    40,
    43,
    44,
    45,
    48,
    49,
    58,
    59,
    63,
    64,
    68,
    69,
    73,
    88,
    92,
    99,
    100,
    101,
    104,
    106,
    112,
    113,
    118,
    119
  ],
  "profile_count_qualified": 41,
  "env_states": 259200,
  "original_images": 144,
  "max_target_error_rad": 1.8473863616641495e-07,
  "max_accounting_error_n": 0.0009765625,
  "max_cache_error_rad": 0.0,
  "max_bounds_violation_rad": 0.0,
  "worst_self_contact": {
    "n": 12953.369140625,
    "step": 12745,
    "cycle": 17,
    "env": 10,
    "arm": "U_R",
    "profile_index": 70
  },
  "constructor_contacts_qualified": false,
  "new_task_trials": 0,
  "system0_trials": 0
}
