[INFO][AppLauncher]: Using device: cuda:0
[INFO][AppLauncher]: Loading experience file: /home/liyufeng/safeduo_isaaclab/apps/isaaclab.python.headless.rendering.kit
Loading user config located at: '/home/liyufeng/miniforge3/envs/safeduo/lib/python3.11/site-packages/isaacsim/kit/data/Kit/Isaac-Sim/5.1/user.config.json'
[Info] [carb] Logging to file: /home/liyufeng/miniforge3/envs/safeduo/lib/python3.11/site-packages/isaacsim/kit/logs/Kit/Isaac-Sim/5.1/kit_20261007_230942.log
2026-10-07T15:09:42Z [170ms] [Warning] [carb.windowing-glfw.plugin] GLFW initialization failed.
2026-10-07T15:09:42Z [170ms] [Warning] [carb] Failed to startup plugin carb.windowing-glfw.plugin (interfaces: [carb::windowing::IGLContext v1.0],[carb::windowing::IWindowing v1.5]) (impl: carb.windowing-glfw.plugin)
2026-10-07T15:09:42Z [217ms] [Warning] [omni.platforminfo.plugin] failed to open the default display.  Can't verify X Server version.
2026-10-07T15:09:42Z [222ms] [Warning] [carb.cudainterop.plugin] CUDA_VISIBLE_DEVICES environment variable is set.
2026-10-07T15:09:42Z [222ms] [Warning] [carb.cudainterop.plugin] Note CUDA device enumeration and Omniverse device enumeration are different.
2026-10-07T15:09:42Z [222ms] [Warning] [carb.cudainterop.plugin] Setting CUDA_VISIBLE_DEVICES can lead to undesired behavior or crashes.
2026-10-07T15:09:42Z [474ms] [Warning] [carb.windowing-glfw.plugin] GLFW initialization failed.
2026-10-07T15:09:42Z [474ms] [Warning] [carb] Failed to startup plugin carb.windowing-glfw.plugin (interfaces: [carb::windowing::IGLContext v1.0],[carb::windowing::IWindowing v1.5]) (impl: carb.windowing-glfw.plugin)

|---------------------------------------------------------------------------------------------|
| Driver Version: 570.124.06    | Graphics API: Vulkan
|=============================================================================================|
| GPU | Name                             | Active | LDA | GPU Memory | Vendor-ID | LUID       |
|     |                                  |        |     |            | Device-ID | UUID       |
|     |                                  |        |     |            | Bus-ID    |            |
|---------------------------------------------------------------------------------------------|
| 0   | NVIDIA GeForce RTX 5090          | Yes: 0 |     | 32607   MB | 10de      | 0          |
|     |                                  |        |     |            | 2b85      | b129224c.. |
|     |                                  |        |     |            | 41        |            |
|---------------------------------------------------------------------------------------------|
| 1   | NVIDIA GeForce RTX 5090          |        |     | 32607   MB | 10de      | 0          |
|     |                                  |        |     |            | 2b85      | 828bb172.. |
|     |                                  |        |     |            | 81        |            |
|=============================================================================================|
| OS: 22.04.5 LTS (Jammy Jellyfish) ubuntu, Version: 22.04.5, Kernel: 6.8.0-138-generic
| Processor: AMD Ryzen Threadripper 7960X 24-Cores
| Cores: 24 | Logical Cores: 48
|---------------------------------------------------------------------------------------------|
| Total Memory (MB): 257228 | Free Memory: 53822
| Total Page/Swap (MB): 131071 | Free Page/Swap: 1
|---------------------------------------------------------------------------------------------|
2026-10-07T15:09:43Z [1,063ms] [Warning] [gpu.foundation.plugin] PCIe link width current (2) and maximum (16) for device 0 don't match.
2026-10-07T15:09:43Z [1,063ms] [Warning] [gpu.foundation.plugin] IOMMU is enabled.
2026-10-07T15:09:43Z [1,063ms] [Warning] [gpu.foundation.plugin] Detected IOMMU is enabled. Running CUDA peer-to-peer bandwidth and latency validation.
Unidirectional P2P=Enabled Bandwidth (P2P Writes) Matrix (GB/s)
   D\D     0      1 
     0 1508.20   7.11 
     1   7.01 1530.08 
P2P=Enabled Latency (P2P Writes) Matrix (us)
   GPU     0      1 
     0   2.12  13.79 
     1  13.81   2.06 

   CPU     0      1 
     0   1.81   5.08 
     1   5.02   1.74 
2026-10-07T15:09:43Z [1,313ms] [Warning] [gpu.foundation.plugin] CUDA peer-to-peer observed bandwidth: 7.0 GB/s.
2026-10-07T15:09:43Z [1,313ms] [Warning] [gpu.foundation.plugin] CUDA peer-to-peer observed latency: 13.8 us.
2026-10-07T15:09:43Z [1,313ms] [Warning] [gpu.foundation.plugin] Please verify if observed bandwidth and latency are expected.
2026-10-07T15:09:44Z [1,910ms] [Warning] [carb.windowing-glfw.plugin] GLFW initialization failed.
2026-10-07T15:09:44Z [1,910ms] [Warning] [carb] Failed to startup plugin carb.windowing-glfw.plugin (interfaces: [carb::windowing::IGLContext v1.0],[carb::windowing::IWindowing v1.5]) (impl: carb.windowing-glfw.plugin)
2026-10-07T15:09:44Z [1,929ms] [Warning] [carb.windowing-glfw.plugin] GLFW initialization failed.
2026-10-07T15:09:44Z [1,929ms] [Warning] [carb] Failed to startup plugin carb.windowing-glfw.plugin (interfaces: [carb::windowing::IGLContext v1.0],[carb::windowing::IWindowing v1.5]) (impl: carb.windowing-glfw.plugin)
2026-10-07T15:09:44Z [1,936ms] [Warning] [carb.windowing-glfw.plugin] GLFW initialization failed.
2026-10-07T15:09:44Z [1,936ms] [Warning] [carb] Failed to startup plugin carb.windowing-glfw.plugin (interfaces: [carb::windowing::IGLContext v1.0],[carb::windowing::IWindowing v1.5]) (impl: carb.windowing-glfw.plugin)
2026-10-07T15:09:44Z [1,949ms] [Warning] [carb.windowing-glfw.plugin] GLFW initialization failed.
2026-10-07T15:09:44Z [1,949ms] [Warning] [carb] Failed to startup plugin carb.windowing-glfw.plugin (interfaces: [carb::windowing::IGLContext v1.0],[carb::windowing::IWindowing v1.5]) (impl: carb.windowing-glfw.plugin)
2026-10-07T15:09:44Z [1,951ms] [Warning] [carb.windowing-glfw.plugin] GLFW initialization failed.
2026-10-07T15:09:44Z [1,951ms] [Warning] [carb] Failed to startup plugin carb.windowing-glfw.plugin (interfaces: [carb::windowing::IGLContext v1.0],[carb::windowing::IWindowing v1.5]) (impl: carb.windowing-glfw.plugin)
2026-10-07T15:09:44Z [1,952ms] [Warning] [carb.windowing-glfw.plugin] GLFW initialization failed.
2026-10-07T15:09:44Z [1,952ms] [Warning] [carb] Failed to startup plugin carb.windowing-glfw.plugin (interfaces: [carb::windowing::IGLContext v1.0],[carb::windowing::IWindowing v1.5]) (impl: carb.windowing-glfw.plugin)
2026-10-07T15:09:44Z [2,134ms] [Warning] [omni.log] Source: omni.hydra was already registered.
2026-10-07T15:09:44Z [2,474ms] [Warning] [carb] Acquiring non optional plugin interface which is not listed as dependency: [omni::physx::IPhysxBenchmarks v1.0] (plugin: <default plugin>), by client: omni.physics.physx.plugin. Add it to CARB_PLUGIN_IMPL_DEPS() macro of a client.
2026-10-07T15:09:44Z [2,486ms] [Warning] [omni.isaac.dynamic_control] omni.isaac.dynamic_control is deprecated as of Isaac Sim 4.5. No action is needed from end-users.
2026-10-07T15:09:47Z [5,733ms] [Warning] [pxr.Semantics] pxr.Semantics is deprecated - please use Semantics instead
2026-10-07T15:09:48Z [5,844ms] [Warning] [omni.graph.core.plugin] Found duplicate of category 'Replicator' - was 'Annotators', adding 'Fabric Reader'
2026-10-07T15:09:48Z [5,844ms] [Warning] [omni.graph.core.plugin] Category 'Replicator' not accepted on node type 'omni.replicator.core.FabricReader' in extension 'omni.replicator.core'
2026-10-07T15:09:48Z [5,845ms] [Warning] [omni.replicator.core.scripts.extension] No material configuration file, adding configuration to material settings directly.
2026-10-07T15:09:52Z [9,902ms] [Warning] [omni.fabric.plugin] Warning: attribute viewportHandle not found for bucket id 7

CONSTRUCT_STATIC_DIAGNOSTIC 12 default_thumb 0.35

[36m======================================================================================[0m
[36m[1m[INFO][IsaacLab]: Logging to file: /tmp/isaaclab/logs/isaaclab_2026-10-07_23-09-52.log[0m
[36m======================================================================================[0m

[33m23:09:52 [simulation_context.py] WARNING: The `enable_external_forces_every_iteration` parameter in the PhysxCfg is set to False. If you are experiencing noisy velocities, consider enabling this flag. You may need to slightly increase the number of velocity iterations (setting it to 1 or 2 rather than 0), together with this flag, to improve the accuracy of velocity updates.[0m
[INFO]: Base environment:
	Environment device    : cuda:0
	Environment seed      : 90610761
	Physics step-size     : 0.008333
	Rendering step-size   : 0.016666
	Environment step-size : 0.016666
[33m23:09:54 [prims.py] WARNING: Could not perform 'modify_collision_properties' on any prims under: '/World/envs/env_0/Prop_nist_board'. This might be because of the following reasons:
	(1) The desired attribute does not exist on any of the prims.
	(2) The desired attribute exists on an instanced prim.
		Discovered list of instanced prim paths: ['/World/envs/env_0/Prop_nist_board/visuals', '/World/envs/env_0/Prop_nist_board/collisions'][0m
R35_HAND_TORSION de-instanced hand collision scopes: 50
R35_HAND_TORSION radius=0.02 min=0.01 collision_prims=128
R34_MESH_OBJECT /World/envs/env_0/Obj_beam700: friction 1.5/1.2 on 1 materials, 0 glass meshes rebound, 0 opacity inputs disabled
R34_MESH_OBJECT /World/envs/env_0/Obj_beam300: friction 1.5/1.2 on 1 materials, 0 glass meshes rebound, 0 opacity inputs disabled
[INFO]: Time taken for scene creation : 125.745233 seconds
[INFO]: Scene manager:  <class InteractiveScene>
	Number of environments: 12
	Environment spacing   : 5.0
	Source prim name      : /World/envs/env_0
	Global prim paths     : ['/World/ground']
	Replicate physics     : True
[INFO]: Starting the simulation. This may take a few seconds. Please wait...
2026-10-07T15:12:00Z [138,399ms] [Warning] [omni.fabric.plugin] getAttributeCount called on non-existent path /World/envs/env_9/U_R/wrist_3_link/visuals/wrist3/Scene
2026-10-07T15:12:00Z [138,399ms] [Warning] [omni.fabric.plugin] getTypes called on non-existent path /World/envs/env_9/U_R/wrist_3_link/visuals/wrist3/Scene
2026-10-07T15:12:01Z [139,266ms] [Error] [omni.hydra] [UsdToMdl] Prim '/__Fabric_StageInfo/MaterialPool/mat_fcc81cba/Shader' parameter 'normalmap_texture': References an asset that can not be found: 'omniverse://simready.ov.nvidia.com/Projects/Groot_Content/Material%20Library/Plastic/Textures/T_Plastic_Black_A_Normal.png'
2026-10-07T15:12:01Z [139,266ms] [Error] [omni.hydra] [UsdToMdl] Prim '/__Fabric_StageInfo/MaterialPool/mat_fcc81cba/Shader' parameter 'diffuse_texture': References an asset that can not be found: 'omniverse://simready.ov.nvidia.com/Projects/Groot_Content/Material%20Library/Plastic/Textures/T_Plastic_Black_A_Albedo.png'
2026-10-07T15:12:01Z [139,266ms] [Error] [omni.hydra] [UsdToMdl] Prim '/__Fabric_StageInfo/MaterialPool/mat_fcc81cba/Shader' parameter 'ORM_texture': References an asset that can not be found: 'omniverse://simready.ov.nvidia.com/Projects/Groot_Content/Material%20Library/Plastic/Textures/T_Plastic_Black_A_ORM.png'
2026-10-07T15:12:01Z [139,266ms] [Error] [omni.hydra] [UsdToMdl] Prim '/__Fabric_StageInfo/MaterialPool/mat_fcc81cba/Shader' parameter 'ORM_texture': References an asset that can not be found: 'omniverse://simready.ov.nvidia.com/Projects/Groot_Content/Material%20Library/Plastic/Textures/T_Plastic_Black_A_ORM.png'
2026-10-07T15:12:01Z [139,266ms] [Error] [omni.hydra] [UsdToMdl] Prim '/__Fabric_StageInfo/MaterialPool/mat_fcc81cba/Shader' parameter 'diffuse_texture': References an asset that can not be found: 'omniverse://simready.ov.nvidia.com/Projects/Groot_Content/Material%20Library/Plastic/Textures/T_Plastic_Black_A_Albedo.png'
2026-10-07T15:12:01Z [139,266ms] [Error] [omni.hydra] [UsdToMdl] Prim '/__Fabric_StageInfo/MaterialPool/mat_fcc81cba/Shader' parameter 'normalmap_texture': References an asset that can not be found: 'omniverse://simready.ov.nvidia.com/Projects/Groot_Content/Material%20Library/Plastic/Textures/T_Plastic_Black_A_Normal.png'
2026-10-07T15:12:01Z [139,293ms] [Error] [omni.hydra] [UsdToMdl] Prim '/__Fabric_StageInfo/MaterialPool/mat_5b9f5132/Shader' parameter 'normalmap_texture': References an asset that can not be found: 'omniverse://simready.ov.nvidia.com/Projects/Groot_Content/Material%20Library/Plastic/Textures/T_Plastic_Glossy_White_A_Normal.png'
2026-10-07T15:12:01Z [139,293ms] [Error] [omni.hydra] [UsdToMdl] Prim '/__Fabric_StageInfo/MaterialPool/mat_5b9f5132/Shader' parameter 'diffuse_texture': References an asset that can not be found: 'omniverse://simready.ov.nvidia.com/Projects/Groot_Content/Material%20Library/Plastic/Textures/T_Plastic_Glossy_White_A_Albedo.png'
2026-10-07T15:12:01Z [139,293ms] [Error] [omni.hydra] [UsdToMdl] Prim '/__Fabric_StageInfo/MaterialPool/mat_5b9f5132/Shader' parameter 'ORM_texture': References an asset that can not be found: 'omniverse://simready.ov.nvidia.com/Projects/Groot_Content/Material%20Library/Plastic/Textures/T_Plastic_Glossy_White_A_ORM.png'
2026-10-07T15:12:01Z [139,293ms] [Error] [omni.hydra] [UsdToMdl] Prim '/__Fabric_StageInfo/MaterialPool/mat_5b9f5132/Shader' parameter 'ORM_texture': References an asset that can not be found: 'omniverse://simready.ov.nvidia.com/Projects/Groot_Content/Material%20Library/Plastic/Textures/T_Plastic_Glossy_White_A_ORM.png'
2026-10-07T15:12:01Z [139,293ms] [Error] [omni.hydra] [UsdToMdl] Prim '/__Fabric_StageInfo/MaterialPool/mat_5b9f5132/Shader' parameter 'diffuse_texture': References an asset that can not be found: 'omniverse://simready.ov.nvidia.com/Projects/Groot_Content/Material%20Library/Plastic/Textures/T_Plastic_Glossy_White_A_Albedo.png'
2026-10-07T15:12:01Z [139,293ms] [Error] [omni.hydra] [UsdToMdl] Prim '/__Fabric_StageInfo/MaterialPool/mat_5b9f5132/Shader' parameter 'normalmap_texture': References an asset that can not be found: 'omniverse://simready.ov.nvidia.com/Projects/Groot_Content/Material%20Library/Plastic/Textures/T_Plastic_Glossy_White_A_Normal.png'
2026-10-07T15:12:01Z [139,304ms] [Error] [omni.hydra] [UsdToMdl] Prim '/__Fabric_StageInfo/MaterialPool/mat_ad3fc82a/Shader' parameter 'normalmap_texture': References an asset that can not be found: 'omniverse://simready.ov.nvidia.com/Projects/Groot_Content/Material%20Library/Metal/Textures/T_Steel_StainlessScratched_A1_Normal.png'
2026-10-07T15:12:01Z [139,304ms] [Error] [omni.hydra] [UsdToMdl] Prim '/__Fabric_StageInfo/MaterialPool/mat_ad3fc82a/Shader' parameter 'diffuse_texture': References an asset that can not be found: 'omniverse://simready.ov.nvidia.com/Projects/Groot_Content/Material%20Library/Metal/Textures/T_Steel_StainlessScratched_A1_Albedo.png'
2026-10-07T15:12:01Z [139,304ms] [Error] [omni.hydra] [UsdToMdl] Prim '/__Fabric_StageInfo/MaterialPool/mat_ad3fc82a/Shader' parameter 'ORM_texture': References an asset that can not be found: 'omniverse://simready.ov.nvidia.com/Projects/Groot_Content/Material%20Library/Metal/Textures/T_Steel_StainlessScratched_A1_ORM.png'
2026-10-07T15:12:01Z [139,304ms] [Error] [omni.hydra] [UsdToMdl] Prim '/__Fabric_StageInfo/MaterialPool/mat_ad3fc82a/Shader' parameter 'ORM_texture': References an asset that can not be found: 'omniverse://simready.ov.nvidia.com/Projects/Groot_Content/Material%20Library/Metal/Textures/T_Steel_StainlessScratched_A1_ORM.png'
2026-10-07T15:12:01Z [139,304ms] [Error] [omni.hydra] [UsdToMdl] Prim '/__Fabric_StageInfo/MaterialPool/mat_ad3fc82a/Shader' parameter 'diffuse_texture': References an asset that can not be found: 'omniverse://simready.ov.nvidia.com/Projects/Groot_Content/Material%20Library/Metal/Textures/T_Steel_StainlessScratched_A1_Albedo.png'
2026-10-07T15:12:01Z [139,304ms] [Error] [omni.hydra] [UsdToMdl] Prim '/__Fabric_StageInfo/MaterialPool/mat_ad3fc82a/Shader' parameter 'normalmap_texture': References an asset that can not be found: 'omniverse://simready.ov.nvidia.com/Projects/Groot_Content/Material%20Library/Metal/Textures/T_Steel_StainlessScratched_A1_Normal.png'
2026-10-07T15:12:01Z [139,318ms] [Error] [omni.hydra] [UsdToMdl] Prim '/__Fabric_StageInfo/MaterialPool/mat_540c60c2/Shader' parameter 'normalmap_texture': References an asset that can not be found: 'omniverse://simready.ov.nvidia.com/Projects/Groot_Content/Material%20Library/Plastic/Textures/T_Plastic_Glossy_White_A_Normal.png'
2026-10-07T15:12:01Z [139,318ms] [Error] [omni.hydra] [UsdToMdl] Prim '/__Fabric_StageInfo/MaterialPool/mat_540c60c2/Shader' parameter 'diffuse_texture': References an asset that can not be found: 'omniverse://simready.ov.nvidia.com/Projects/Groot_Content/Material%20Library/Plastic/Textures/T_Plastic_Glossy_White_A_Albedo.png'
2026-10-07T15:12:01Z [139,318ms] [Error] [omni.hydra] [UsdToMdl] Prim '/__Fabric_StageInfo/MaterialPool/mat_540c60c2/Shader' parameter 'ORM_texture': References an asset that can not be found: 'omniverse://simready.ov.nvidia.com/Projects/Groot_Content/Material%20Library/Plastic/Textures/T_Plastic_Glossy_White_A_ORM.png'
2026-10-07T15:12:01Z [139,318ms] [Error] [omni.hydra] [UsdToMdl] Prim '/__Fabric_StageInfo/MaterialPool/mat_540c60c2/Shader' parameter 'ORM_texture': References an asset that can not be found: 'omniverse://simready.ov.nvidia.com/Projects/Groot_Content/Material%20Library/Plastic/Textures/T_Plastic_Glossy_White_A_ORM.png'
2026-10-07T15:12:01Z [139,318ms] [Error] [omni.hydra] [UsdToMdl] Prim '/__Fabric_StageInfo/MaterialPool/mat_540c60c2/Shader' parameter 'diffuse_texture': References an asset that can not be found: 'omniverse://simready.ov.nvidia.com/Projects/Groot_Content/Material%20Library/Plastic/Textures/T_Plastic_Glossy_White_A_Albedo.png'
2026-10-07T15:12:01Z [139,318ms] [Error] [omni.hydra] [UsdToMdl] Prim '/__Fabric_StageInfo/MaterialPool/mat_540c60c2/Shader' parameter 'normalmap_texture': References an asset that can not be found: 'omniverse://simready.ov.nvidia.com/Projects/Groot_Content/Material%20Library/Plastic/Textures/T_Plastic_Glossy_White_A_Normal.png'
2026-10-07T15:12:01Z [139,319ms] [Error] [omni.hydra] [UsdToMdl] Prim '/__Fabric_StageInfo/MaterialPool/mat_c740d1a8/Shader' parameter 'normalmap_texture': References an asset that can not be found: 'omniverse://simready.ov.nvidia.com/Projects/Groot_Content/Material%20Library/Rubber/Textures/T_Rubber_Black_Glossy_A_Normal.png'
2026-10-07T15:12:01Z [139,319ms] [Error] [omni.hydra] [UsdToMdl] Prim '/__Fabric_StageInfo/MaterialPool/mat_c740d1a8/Shader' parameter 'diffuse_texture': References an asset that can not be found: 'omniverse://simready.ov.nvidia.com/Projects/Groot_Content/Material%20Library/Rubber/Textures/T_Rubber_Black_Glossy_A_Albedo.png'
2026-10-07T15:12:01Z [139,319ms] [Error] [omni.hydra] [UsdToMdl] Prim '/__Fabric_StageInfo/MaterialPool/mat_c740d1a8/Shader' parameter 'ORM_texture': References an asset that can not be found: 'omniverse://simready.ov.nvidia.com/Projects/Groot_Content/Material%20Library/Rubber/Textures/T_Rubber_Black_Glossy_A_ORM.png'
2026-10-07T15:12:01Z [139,320ms] [Error] [omni.hydra] [UsdToMdl] Prim '/__Fabric_StageInfo/MaterialPool/mat_c740d1a8/Shader' parameter 'ORM_texture': References an asset that can not be found: 'omniverse://simready.ov.nvidia.com/Projects/Groot_Content/Material%20Library/Rubber/Textures/T_Rubber_Black_Glossy_A_ORM.png'
2026-10-07T15:12:01Z [139,320ms] [Error] [omni.hydra] [UsdToMdl] Prim '/__Fabric_StageInfo/MaterialPool/mat_c740d1a8/Shader' parameter 'diffuse_texture': References an asset that can not be found: 'omniverse://simready.ov.nvidia.com/Projects/Groot_Content/Material%20Library/Rubber/Textures/T_Rubber_Black_Glossy_A_Albedo.png'
2026-10-07T15:12:01Z [139,320ms] [Error] [omni.hydra] [UsdToMdl] Prim '/__Fabric_StageInfo/MaterialPool/mat_c740d1a8/Shader' parameter 'normalmap_texture': References an asset that can not be found: 'omniverse://simready.ov.nvidia.com/Projects/Groot_Content/Material%20Library/Rubber/Textures/T_Rubber_Black_Glossy_A_Normal.png'
2026-10-07T15:12:01Z [139,330ms] [Error] [omni.hydra] [UsdToMdl] Prim '/__Fabric_StageInfo/MaterialPool/mat_3ee0483c/Shader' parameter 'normalmap_texture': References an asset that can not be found: 'omniverse://simready.ov.nvidia.com/Projects/Groot_Content/Material%20Library/Plastic/Textures/T_Plastic_Blue_A_Normal.png'
2026-10-07T15:12:01Z [139,330ms] [Error] [omni.hydra] [UsdToMdl] Prim '/__Fabric_StageInfo/MaterialPool/mat_3ee0483c/Shader' parameter 'diffuse_texture': References an asset that can not be found: 'omniverse://simready.ov.nvidia.com/Projects/Groot_Content/Material%20Library/Plastic/Textures/T_Plastic_Blue_A_Albedo.png'
2026-10-07T15:12:01Z [139,330ms] [Error] [omni.hydra] [UsdToMdl] Prim '/__Fabric_StageInfo/MaterialPool/mat_3ee0483c/Shader' parameter 'ORM_texture': References an asset that can not be found: 'omniverse://simready.ov.nvidia.com/Projects/Groot_Content/Material%20Library/Plastic/Textures/T_Plastic_Blue_A_ORM.png'
2026-10-07T15:12:01Z [139,330ms] [Error] [omni.hydra] [UsdToMdl] Prim '/__Fabric_StageInfo/MaterialPool/mat_3ee0483c/Shader' parameter 'ORM_texture': References an asset that can not be found: 'omniverse://simready.ov.nvidia.com/Projects/Groot_Content/Material%20Library/Plastic/Textures/T_Plastic_Blue_A_ORM.png'
2026-10-07T15:12:01Z [139,330ms] [Error] [omni.hydra] [UsdToMdl] Prim '/__Fabric_StageInfo/MaterialPool/mat_3ee0483c/Shader' parameter 'diffuse_texture': References an asset that can not be found: 'omniverse://simready.ov.nvidia.com/Projects/Groot_Content/Material%20Library/Plastic/Textures/T_Plastic_Blue_A_Albedo.png'
2026-10-07T15:12:01Z [139,331ms] [Error] [omni.hydra] [UsdToMdl] Prim '/__Fabric_StageInfo/MaterialPool/mat_3ee0483c/Shader' parameter 'normalmap_texture': References an asset that can not be found: 'omniverse://simready.ov.nvidia.com/Projects/Groot_Content/Material%20Library/Plastic/Textures/T_Plastic_Blue_A_Normal.png'
2026-10-07T15:12:02Z [139,992ms] [Error] [omni.hydra] [UsdToMdl] Prim '/__Fabric_StageInfo/MaterialPool/mat_48ec6003/Shader' parameter 'normalmap_texture': References an asset that can not be found: 'omniverse://simready.ov.nvidia.com/Projects/Groot_Content/Material%20Library/Rubber/Textures/T_Rubber_Black_Glossy_A_Normal.png'
2026-10-07T15:12:02Z [139,992ms] [Error] [omni.hydra] [UsdToMdl] Prim '/__Fabric_StageInfo/MaterialPool/mat_48ec6003/Shader' parameter 'diffuse_texture': References an asset that can not be found: 'omniverse://simready.ov.nvidia.com/Projects/Groot_Content/Material%20Library/Rubber/Textures/T_Rubber_Black_Glossy_A_Albedo.png'
2026-10-07T15:12:02Z [139,992ms] [Error] [omni.hydra] [UsdToMdl] Prim '/__Fabric_StageInfo/MaterialPool/mat_48ec6003/Shader' parameter 'ORM_texture': References an asset that can not be found: 'omniverse://simready.ov.nvidia.com/Projects/Groot_Content/Material%20Library/Rubber/Textures/T_Rubber_Black_Glossy_A_ORM.png'
2026-10-07T15:12:02Z [139,992ms] [Error] [omni.hydra] [UsdToMdl] Prim '/__Fabric_StageInfo/MaterialPool/mat_48ec6003/Shader' parameter 'ORM_texture': References an asset that can not be found: 'omniverse://simready.ov.nvidia.com/Projects/Groot_Content/Material%20Library/Rubber/Textures/T_Rubber_Black_Glossy_A_ORM.png'
2026-10-07T15:12:02Z [139,992ms] [Error] [omni.hydra] [UsdToMdl] Prim '/__Fabric_StageInfo/MaterialPool/mat_48ec6003/Shader' parameter 'diffuse_texture': References an asset that can not be found: 'omniverse://simready.ov.nvidia.com/Projects/Groot_Content/Material%20Library/Rubber/Textures/T_Rubber_Black_Glossy_A_Albedo.png'
2026-10-07T15:12:02Z [139,992ms] [Error] [omni.hydra] [UsdToMdl] Prim '/__Fabric_StageInfo/MaterialPool/mat_48ec6003/Shader' parameter 'normalmap_texture': References an asset that can not be found: 'omniverse://simready.ov.nvidia.com/Projects/Groot_Content/Material%20Library/Rubber/Textures/T_Rubber_Black_Glossy_A_Normal.png'
2026-10-07T15:12:02Z [140,431ms] [Error] [omni.hydra] [UsdToMdl] Prim '/__Fabric_StageInfo/MaterialPool/mat_fcc81cba/Shader' parameter 'normalmap_texture': References an asset that can not be found: 'omniverse://simready.ov.nvidia.com/Projects/Groot_Content/Material%20Library/Plastic/Textures/T_Plastic_Black_A_Normal.png'
2026-10-07T15:12:02Z [140,431ms] [Error] [omni.hydra] [UsdToMdl] Prim '/__Fabric_StageInfo/MaterialPool/mat_fcc81cba/Shader' parameter 'ORM_texture': References an asset that can not be found: 'omniverse://simready.ov.nvidia.com/Projects/Groot_Content/Material%20Library/Plastic/Textures/T_Plastic_Black_A_ORM.png'
2026-10-07T15:12:02Z [140,431ms] [Error] [omni.hydra] [UsdToMdl] Prim '/__Fabric_StageInfo/MaterialPool/mat_fcc81cba/Shader' parameter 'diffuse_texture': References an asset that can not be found: 'omniverse://simready.ov.nvidia.com/Projects/Groot_Content/Material%20Library/Plastic/Textures/T_Plastic_Black_A_Albedo.png'
2026-10-07T15:12:02Z [140,433ms] [Error] [omni.hydra] [UsdToMdl] Prim '/__Fabric_StageInfo/MaterialPool/mat_5b9f5132/Shader' parameter 'normalmap_texture': References an asset that can not be found: 'omniverse://simready.ov.nvidia.com/Projects/Groot_Content/Material%20Library/Plastic/Textures/T_Plastic_Glossy_White_A_Normal.png'
2026-10-07T15:12:02Z [140,433ms] [Error] [omni.hydra] [UsdToMdl] Prim '/__Fabric_StageInfo/MaterialPool/mat_5b9f5132/Shader' parameter 'ORM_texture': References an asset that can not be found: 'omniverse://simready.ov.nvidia.com/Projects/Groot_Content/Material%20Library/Plastic/Textures/T_Plastic_Glossy_White_A_ORM.png'
2026-10-07T15:12:02Z [140,433ms] [Error] [omni.hydra] [UsdToMdl] Prim '/__Fabric_StageInfo/MaterialPool/mat_5b9f5132/Shader' parameter 'diffuse_texture': References an asset that can not be found: 'omniverse://simready.ov.nvidia.com/Projects/Groot_Content/Material%20Library/Plastic/Textures/T_Plastic_Glossy_White_A_Albedo.png'
2026-10-07T15:12:02Z [140,434ms] [Error] [omni.hydra] [UsdToMdl] Prim '/__Fabric_StageInfo/MaterialPool/mat_ad3fc82a/Shader' parameter 'normalmap_texture': References an asset that can not be found: 'omniverse://simready.ov.nvidia.com/Projects/Groot_Content/Material%20Library/Metal/Textures/T_Steel_StainlessScratched_A1_Normal.png'
2026-10-07T15:12:02Z [140,434ms] [Error] [omni.hydra] [UsdToMdl] Prim '/__Fabric_StageInfo/MaterialPool/mat_ad3fc82a/Shader' parameter 'ORM_texture': References an asset that can not be found: 'omniverse://simready.ov.nvidia.com/Projects/Groot_Content/Material%20Library/Metal/Textures/T_Steel_StainlessScratched_A1_ORM.png'
2026-10-07T15:12:02Z [140,434ms] [Error] [omni.hydra] [UsdToMdl] Prim '/__Fabric_StageInfo/MaterialPool/mat_ad3fc82a/Shader' parameter 'diffuse_texture': References an asset that can not be found: 'omniverse://simready.ov.nvidia.com/Projects/Groot_Content/Material%20Library/Metal/Textures/T_Steel_StainlessScratched_A1_Albedo.png'
2026-10-07T15:12:02Z [140,435ms] [Error] [omni.hydra] [UsdToMdl] Prim '/__Fabric_StageInfo/MaterialPool/mat_540c60c2/Shader' parameter 'normalmap_texture': References an asset that can not be found: 'omniverse://simready.ov.nvidia.com/Projects/Groot_Content/Material%20Library/Plastic/Textures/T_Plastic_Glossy_White_A_Normal.png'
2026-10-07T15:12:02Z [140,435ms] [Error] [omni.hydra] [UsdToMdl] Prim '/__Fabric_StageInfo/MaterialPool/mat_540c60c2/Shader' parameter 'ORM_texture': References an asset that can not be found: 'omniverse://simready.ov.nvidia.com/Projects/Groot_Content/Material%20Library/Plastic/Textures/T_Plastic_Glossy_White_A_ORM.png'
2026-10-07T15:12:02Z [140,435ms] [Error] [omni.hydra] [UsdToMdl] Prim '/__Fabric_StageInfo/MaterialPool/mat_540c60c2/Shader' parameter 'diffuse_texture': References an asset that can not be found: 'omniverse://simready.ov.nvidia.com/Projects/Groot_Content/Material%20Library/Plastic/Textures/T_Plastic_Glossy_White_A_Albedo.png'
2026-10-07T15:12:02Z [140,435ms] [Error] [omni.hydra] [UsdToMdl] Prim '/__Fabric_StageInfo/MaterialPool/mat_c740d1a8/Shader' parameter 'normalmap_texture': References an asset that can not be found: 'omniverse://simready.ov.nvidia.com/Projects/Groot_Content/Material%20Library/Rubber/Textures/T_Rubber_Black_Glossy_A_Normal.png'
2026-10-07T15:12:02Z [140,435ms] [Error] [omni.hydra] [UsdToMdl] Prim '/__Fabric_StageInfo/MaterialPool/mat_c740d1a8/Shader' parameter 'ORM_texture': References an asset that can not be found: 'omniverse://simready.ov.nvidia.com/Projects/Groot_Content/Material%20Library/Rubber/Textures/T_Rubber_Black_Glossy_A_ORM.png'
2026-10-07T15:12:02Z [140,435ms] [Error] [omni.hydra] [UsdToMdl] Prim '/__Fabric_StageInfo/MaterialPool/mat_c740d1a8/Shader' parameter 'diffuse_texture': References an asset that can not be found: 'omniverse://simready.ov.nvidia.com/Projects/Groot_Content/Material%20Library/Rubber/Textures/T_Rubber_Black_Glossy_A_Albedo.png'
2026-10-07T15:12:02Z [140,436ms] [Error] [omni.hydra] [UsdToMdl] Prim '/__Fabric_StageInfo/MaterialPool/mat_3ee0483c/Shader' parameter 'normalmap_texture': References an asset that can not be found: 'omniverse://simready.ov.nvidia.com/Projects/Groot_Content/Material%20Library/Plastic/Textures/T_Plastic_Blue_A_Normal.png'
2026-10-07T15:12:02Z [140,436ms] [Error] [omni.hydra] [UsdToMdl] Prim '/__Fabric_StageInfo/MaterialPool/mat_3ee0483c/Shader' parameter 'ORM_texture': References an asset that can not be found: 'omniverse://simready.ov.nvidia.com/Projects/Groot_Content/Material%20Library/Plastic/Textures/T_Plastic_Blue_A_ORM.png'
2026-10-07T15:12:02Z [140,436ms] [Error] [omni.hydra] [UsdToMdl] Prim '/__Fabric_StageInfo/MaterialPool/mat_3ee0483c/Shader' parameter 'diffuse_texture': References an asset that can not be found: 'omniverse://simready.ov.nvidia.com/Projects/Groot_Content/Material%20Library/Plastic/Textures/T_Plastic_Blue_A_Albedo.png'
2026-10-07T15:12:02Z [140,437ms] [Error] [omni.hydra] [UsdToMdl] Prim '/__Fabric_StageInfo/MaterialPool/mat_48ec6003/Shader' parameter 'normalmap_texture': References an asset that can not be found: 'omniverse://simready.ov.nvidia.com/Projects/Groot_Content/Material%20Library/Rubber/Textures/T_Rubber_Black_Glossy_A_Normal.png'
2026-10-07T15:12:02Z [140,437ms] [Error] [omni.hydra] [UsdToMdl] Prim '/__Fabric_StageInfo/MaterialPool/mat_48ec6003/Shader' parameter 'ORM_texture': References an asset that can not be found: 'omniverse://simready.ov.nvidia.com/Projects/Groot_Content/Material%20Library/Rubber/Textures/T_Rubber_Black_Glossy_A_ORM.png'
2026-10-07T15:12:02Z [140,437ms] [Error] [omni.hydra] [UsdToMdl] Prim '/__Fabric_StageInfo/MaterialPool/mat_48ec6003/Shader' parameter 'diffuse_texture': References an asset that can not be found: 'omniverse://simready.ov.nvidia.com/Projects/Groot_Content/Material%20Library/Rubber/Textures/T_Rubber_Black_Glossy_A_Albedo.png'
[INFO]: Time taken for simulation start : 4.037994 seconds
[INFO]: Completed setting up the environment...
STATIC_DENSE 120 / 21600 images 0
STATIC_DENSE 240 / 21600 images 0
STATIC_DENSE 360 / 21600 images 12
STATIC_DENSE 480 / 21600 images 12
STATIC_DENSE 600 / 21600 images 12
STATIC_DENSE 720 / 21600 images 24
STATIC_DENSE 840 / 21600 images 24
STATIC_DENSE 960 / 21600 images 24
STATIC_DENSE 1080 / 21600 images 36
STATIC_DENSE 1200 / 21600 images 36
STATIC_DENSE 1320 / 21600 images 36
STATIC_DENSE 1440 / 21600 images 48
STATIC_DENSE 1560 / 21600 images 48
STATIC_DENSE 1680 / 21600 images 48
STATIC_DENSE 1800 / 21600 images 48
STATIC_DENSE 1920 / 21600 images 48
STATIC_DENSE 2040 / 21600 images 48
STATIC_DENSE 2160 / 21600 images 48
STATIC_DENSE 2280 / 21600 images 48
STATIC_DENSE 2400 / 21600 images 48
STATIC_DENSE 2520 / 21600 images 48
STATIC_DENSE 2640 / 21600 images 48
STATIC_DENSE 2760 / 21600 images 48
STATIC_DENSE 2880 / 21600 images 48
STATIC_DENSE 3000 / 21600 images 48
STATIC_DENSE 3120 / 21600 images 48
STATIC_DENSE 3240 / 21600 images 48
STATIC_DENSE 3360 / 21600 images 48
STATIC_DENSE 3480 / 21600 images 48
STATIC_DENSE 3600 / 21600 images 48
STATIC_DENSE 3720 / 21600 images 48
STATIC_DENSE 3840 / 21600 images 48
STATIC_DENSE 3960 / 21600 images 48
STATIC_DENSE 4080 / 21600 images 48
STATIC_DENSE 4200 / 21600 images 48
STATIC_DENSE 4320 / 21600 images 48
STATIC_DENSE 4440 / 21600 images 48
STATIC_DENSE 4560 / 21600 images 48
STATIC_DENSE 4680 / 21600 images 48
STATIC_DENSE 4800 / 21600 images 48
STATIC_DENSE 4920 / 21600 images 48
STATIC_DENSE 5040 / 21600 images 48
STATIC_DENSE 5160 / 21600 images 48
STATIC_DENSE 5280 / 21600 images 48
STATIC_DENSE 5400 / 21600 images 60
STATIC_DENSE 5520 / 21600 images 60
STATIC_DENSE 5640 / 21600 images 60
STATIC_DENSE 5760 / 21600 images 72
STATIC_DENSE 5880 / 21600 images 72
STATIC_DENSE 6000 / 21600 images 72
STATIC_DENSE 6120 / 21600 images 72
STATIC_DENSE 6240 / 21600 images 72
STATIC_DENSE 6360 / 21600 images 72
STATIC_DENSE 6480 / 21600 images 72
STATIC_DENSE 6600 / 21600 images 72
STATIC_DENSE 6720 / 21600 images 72
STATIC_DENSE 6840 / 21600 images 72
STATIC_DENSE 6960 / 21600 images 72
STATIC_DENSE 7080 / 21600 images 72
STATIC_DENSE 7200 / 21600 images 72
STATIC_DENSE 7320 / 21600 images 72
STATIC_DENSE 7440 / 21600 images 72
STATIC_DENSE 7560 / 21600 images 72
STATIC_DENSE 7680 / 21600 images 72
STATIC_DENSE 7800 / 21600 images 72
STATIC_DENSE 7920 / 21600 images 72
STATIC_DENSE 8040 / 21600 images 72
STATIC_DENSE 8160 / 21600 images 72
STATIC_DENSE 8280 / 21600 images 72
STATIC_DENSE 8400 / 21600 images 72
STATIC_DENSE 8520 / 21600 images 72
STATIC_DENSE 8640 / 21600 images 72
STATIC_DENSE 8760 / 21600 images 72
STATIC_DENSE 8880 / 21600 images 72
STATIC_DENSE 9000 / 21600 images 72
STATIC_DENSE 9120 / 21600 images 72
STATIC_DENSE 9240 / 21600 images 72
STATIC_DENSE 9360 / 21600 images 72
STATIC_DENSE 9480 / 21600 images 72
STATIC_DENSE 9600 / 21600 images 72
STATIC_DENSE 9720 / 21600 images 72
STATIC_DENSE 9840 / 21600 images 72
STATIC_DENSE 9960 / 21600 images 72
STATIC_DENSE 10080 / 21600 images 72
STATIC_DENSE 10200 / 21600 images 72
STATIC_DENSE 10320 / 21600 images 72
STATIC_DENSE 10440 / 21600 images 72
STATIC_DENSE 10560 / 21600 images 72
STATIC_DENSE 10680 / 21600 images 72
STATIC_DENSE 10800 / 21600 images 72
STATIC_DENSE 10920 / 21600 images 72
STATIC_DENSE 11040 / 21600 images 72
STATIC_DENSE 11160 / 21600 images 72
STATIC_DENSE 11280 / 21600 images 72
STATIC_DENSE 11400 / 21600 images 72
STATIC_DENSE 11520 / 21600 images 72
STATIC_DENSE 11640 / 21600 images 72
STATIC_DENSE 11760 / 21600 images 72
STATIC_DENSE 11880 / 21600 images 72
STATIC_DENSE 12000 / 21600 images 72
STATIC_DENSE 12120 / 21600 images 72
STATIC_DENSE 12240 / 21600 images 72
STATIC_DENSE 12360 / 21600 images 72
STATIC_DENSE 12480 / 21600 images 72
STATIC_DENSE 12600 / 21600 images 72
STATIC_DENSE 12720 / 21600 images 72
STATIC_DENSE 12840 / 21600 images 72
STATIC_DENSE 12960 / 21600 images 72
STATIC_DENSE 13080 / 21600 images 72
STATIC_DENSE 13200 / 21600 images 72
STATIC_DENSE 13320 / 21600 images 84
STATIC_DENSE 13440 / 21600 images 84
STATIC_DENSE 13560 / 21600 images 84
2026-10-07T15:33:12Z [1,410,226ms] [Warning] [carb] Client gpu.foundation.plugin has acquired [gpu::unstable::IMemoryBudgetManagerFactory v0.1] 100 times. Consider accessing this interface with carb::getCachedInterface() (Performance warning)
STATIC_DENSE 13680 / 21600 images 96
STATIC_DENSE 13800 / 21600 images 96
STATIC_DENSE 13920 / 21600 images 96
STATIC_DENSE 14040 / 21600 images 96
STATIC_DENSE 14160 / 21600 images 96
STATIC_DENSE 14280 / 21600 images 96
STATIC_DENSE 14400 / 21600 images 96
STATIC_DENSE 14520 / 21600 images 96
STATIC_DENSE 14640 / 21600 images 96
STATIC_DENSE 14760 / 21600 images 96
STATIC_DENSE 14880 / 21600 images 96
STATIC_DENSE 15000 / 21600 images 96
STATIC_DENSE 15120 / 21600 images 96
STATIC_DENSE 15240 / 21600 images 96
STATIC_DENSE 15360 / 21600 images 96
STATIC_DENSE 15480 / 21600 images 96
STATIC_DENSE 15600 / 21600 images 96
STATIC_DENSE 15720 / 21600 images 96
STATIC_DENSE 15840 / 21600 images 96
STATIC_DENSE 15960 / 21600 images 96
STATIC_DENSE 16080 / 21600 images 96
STATIC_DENSE 16200 / 21600 images 96
STATIC_DENSE 16320 / 21600 images 96
STATIC_DENSE 16440 / 21600 images 96
STATIC_DENSE 16560 / 21600 images 96
STATIC_DENSE 16680 / 21600 images 96
STATIC_DENSE 16800 / 21600 images 96
STATIC_DENSE 16920 / 21600 images 96
STATIC_DENSE 17040 / 21600 images 96
STATIC_DENSE 17160 / 21600 images 96
STATIC_DENSE 17280 / 21600 images 96
STATIC_DENSE 17400 / 21600 images 96
STATIC_DENSE 17520 / 21600 images 96
STATIC_DENSE 17640 / 21600 images 96
STATIC_DENSE 17760 / 21600 images 96
STATIC_DENSE 17880 / 21600 images 96
STATIC_DENSE 18000 / 21600 images 96
STATIC_DENSE 18120 / 21600 images 96
STATIC_DENSE 18240 / 21600 images 96
STATIC_DENSE 18360 / 21600 images 108
STATIC_DENSE 18480 / 21600 images 108
STATIC_DENSE 18600 / 21600 images 108
STATIC_DENSE 18720 / 21600 images 120
STATIC_DENSE 18840 / 21600 images 120
STATIC_DENSE 18960 / 21600 images 120
STATIC_DENSE 19080 / 21600 images 120
STATIC_DENSE 19200 / 21600 images 120
STATIC_DENSE 19320 / 21600 images 120
STATIC_DENSE 19440 / 21600 images 120
STATIC_DENSE 19560 / 21600 images 120
STATIC_DENSE 19680 / 21600 images 120
STATIC_DENSE 19800 / 21600 images 120
STATIC_DENSE 19920 / 21600 images 120
STATIC_DENSE 20040 / 21600 images 120
STATIC_DENSE 20160 / 21600 images 120
STATIC_DENSE 20280 / 21600 images 120
STATIC_DENSE 20400 / 21600 images 120
STATIC_DENSE 20520 / 21600 images 120
STATIC_DENSE 20640 / 21600 images 120
STATIC_DENSE 20760 / 21600 images 120
STATIC_DENSE 20880 / 21600 images 120
STATIC_DENSE 21000 / 21600 images 120
STATIC_DENSE 21120 / 21600 images 120
STATIC_DENSE 21240 / 21600 images 132
STATIC_DENSE 21360 / 21600 images 132
STATIC_DENSE 21480 / 21600 images 132
STATIC_DENSE 21600 / 21600 images 144
