{
  "status": "PASS_NATIVE_INPUT_COMMAND_CACHE_AND_PAIRED_ORIENTATION_MASS_GATE",
  "runs": [
    {
      "run": "development",
      "constant_arm_target_max_error_rad": 0.0,
      "native_vs_cache_max_error_rad": 0.0,
      "actual_arm_deviation_from_reference_rad": 0.020749688148498535,
      "arm_motion_present": true,
      "source_entries": 303,
      "final_source_drift": [],
      "metadata_drift_incident": "SOURCE_METADATA_DRIFT.json",
      "receipt_sha256": "608bf754c9fac07b5f6dce0dd984a25f4695a1587899babcb0e487a994b77f27"
    },
    {
      "run": "validation",
      "constant_arm_target_max_error_rad": 0.0,
      "native_vs_cache_max_error_rad": 0.0,
      "actual_arm_deviation_from_reference_rad": 1.049041748046875e-05,
      "arm_motion_present": true,
      "source_entries": 343,
      "final_source_drift": [],
      "metadata_drift_incident": "SOURCE_METADATA_DRIFT.json",
      "receipt_sha256": "1e1babf56839f6b48ef6b3308322a1cb516ee30ad188a2af05ea82c6d8e7bd0a"
    },
    {
      "run": "validation_v2",
      "constant_arm_target_max_error_rad": 0.0,
      "native_vs_cache_max_error_rad": 0.0,
      "actual_arm_deviation_from_reference_rad": 0.0009255409240722656,
      "arm_motion_present": true,
      "source_entries": 357,
      "final_source_drift": [],
      "metadata_drift_incident": null,
      "receipt_sha256": "68a6e56ad14ffc341a4ef28ab435624aa79112e80b59f001e5c2abefe54ecba6"
    },
    {
      "run": "validation_v3",
      "constant_arm_target_max_error_rad": 0.0,
      "native_vs_cache_max_error_rad": 0.0,
      "actual_arm_deviation_from_reference_rad": 1.1593103408813477e-05,
      "arm_motion_present": true,
      "source_entries": 372,
      "final_source_drift": [],
      "metadata_drift_incident": null,
      "receipt_sha256": "b695f9f7f0090fd8b3cee1bd80bf12df4290fa5585aab5b8521f9f4efb886714"
    },
    {
      "run": "validation_fresh_v3",
      "constant_arm_target_max_error_rad": 0.0,
      "native_vs_cache_max_error_rad": 0.0,
      "actual_arm_deviation_from_reference_rad": 0.00010859966278076172,
      "arm_motion_present": true,
      "source_entries": 378,
      "final_source_drift": [],
      "metadata_drift_incident": null,
      "receipt_sha256": "30ef566a07835fd11cd3b0e8a0f78bcfd6f699bb2a28001745d5af8220b12c75"
    },
    {
      "run": "paired_v3",
      "constant_arm_target_max_error_rad": 0.0,
      "native_vs_cache_max_error_rad": 0.0,
      "actual_arm_deviation_from_reference_rad": 0.0017538666725158691,
      "arm_motion_present": true,
      "source_entries": 389,
      "final_source_drift": [],
      "metadata_drift_incident": null,
      "receipt_sha256": "52b5d1231c4a4b89002a155ecfe91523bcd2213aa1747e603c0af585ca5b3344"
    }
  ],
  "paired_orientation_difference": 0.0,
  "paired_mass_difference_kg": 0.0,
  "constructor_contacts_measured": false,
  "full_system0_task_trials": 0,
  "all_6_arm_pairs_qualified": false
}
