{
  "status": "OBSERVED_HAND_BODY_CENTER_ENVELOPES_ONLY",
  "reference_count": 12,
  "measured_states": 103680,
  "boxes": [
    {
      "arm": "F_L",
      "minimum_m": [
        0.2513570785522461,
        -0.4954218864440918,
        0.8402667045593262
      ],
      "maximum_m": [
        0.5792455673217773,
        -0.3367627263069153,
        1.3703867197036743
      ],
      "span_m": [
        0.32788848876953125,
        0.1586591601371765,
        0.5301200151443481
      ],
      "hand_body_count": 13,
      "center_observations": 1347840
    },
    {
      "arm": "F_R",
      "minimum_m": [
        0.2575507164001465,
        0.33660802245140076,
        0.8400287628173828
      ],
      "maximum_m": [
        0.5795478820800781,
        0.5739049911499023,
        1.3707832098007202
      ],
      "span_m": [
        0.32199716567993164,
        0.2372969686985016,
        0.5307544469833374
      ],
      "hand_body_count": 13,
      "center_observations": 1347840
    },
    {
      "arm": "U_L",
      "minimum_m": [
        -0.8297119140625,
        -0.05395984649658203,
        0.8266912698745728
      ],
      "maximum_m": [
        -0.3633079528808594,
        0.5290517807006836,
        1.2619445323944092
      ],
      "span_m": [
        0.4664039611816406,
        0.5830116271972656,
        0.4352532625198364
      ],
      "hand_body_count": 13,
      "center_observations": 1347840
    },
    {
      "arm": "U_R",
      "minimum_m": [
        -0.5169134140014648,
        -0.4346809387207031,
        0.8197324872016907
      ],
      "maximum_m": [
        -0.11865901947021484,
        0.07057952880859375,
        1.2660210132598877
      ],
      "span_m": [
        0.39825439453125,
        0.5052604675292969,
        0.446288526058197
      ],
      "hand_body_count": 13,
      "center_observations": 1347840
    }
  ],
  "pairs": [
    {
      "arms": [
        "F_L",
        "F_R"
      ],
      "center_envelope_aabb_overlap_m3": 0.0,
      "envelopes_overlap": false,
      "collision_qualified": false
    },
    {
      "arms": [
        "F_L",
        "U_L"
      ],
      "center_envelope_aabb_overlap_m3": 0.0,
      "envelopes_overlap": false,
      "collision_qualified": false
    },
    {
      "arms": [
        "F_L",
        "U_R"
      ],
      "center_envelope_aabb_overlap_m3": 0.0,
      "envelopes_overlap": false,
      "collision_qualified": false
    },
    {
      "arms": [
        "F_R",
        "U_L"
      ],
      "center_envelope_aabb_overlap_m3": 0.0,
      "envelopes_overlap": false,
      "collision_qualified": false
    },
    {
      "arms": [
        "F_R",
        "U_R"
      ],
      "center_envelope_aabb_overlap_m3": 0.0,
      "envelopes_overlap": false,
      "collision_qualified": false
    },
    {
      "arms": [
        "U_L",
        "U_R"
      ],
      "center_envelope_aabb_overlap_m3": 0.008326363648382282,
      "envelopes_overlap": true,
      "collision_qualified": false
    }
  ],
  "units": "environment-local meters",
  "not_reachable_workspace_volume": true,
  "not_mesh_extent": true,
  "not_six_pair_collision_test": true,
  "interpretation": "Observed center envelopes on12 static trajectory references and12 sequential goals. AABB overlap is a descriptive indication, not a simultaneous collision or reachable-volume measurement. AllF hands are open. The full26-DOF reachable and safe operation spaces remain unqualified."
}
