{
  "status": "PASS_MATCHED_HAND_ADMISSION_COUNTERFACTUAL",
  "run": "paired_v3",
  "registration_sha256": "c55997f984e9b7436f5c6e3d4672107dfcc618db2968c66f177eb6ec50856ba5",
  "recording_receipt_sha256": "52b5d1231c4a4b89002a155ecfe91523bcd2213aa1747e603c0af585ca5b3344",
  "admission_records_sha256": "9bc2c5408006b5e63ee43970bb5813b57beb6fc90fa713b38dd4ec7fc9507bf4",
  "env_states": 5760,
  "native_cycles": 8,
  "unique_profiles": 2,
  "u_hand_paths": 16,
  "u_paths_qualified": 2,
  "executed_requests": 0,
  "executed_paths_qualified": 0,
  "denied_requests": 6,
  "denial_reasons": {
    "unqualified_exact_target": 6
  },
  "denied_neutral_safe": 6,
  "original_images": 304,
  "max_target_error_rad": 5.960464477539063e-08,
  "max_accounting_error_n": 0.0,
  "max_point_reconstruction_error_n": 7.62939453125e-06,
  "max_vector_excess_n": 0.0001220703125,
  "max_normal_count": 52,
  "max_scalar_all_partner_normal_n": 229.61143493652344,
  "max_scalar_self_normal_n": 229.61143493652344,
  "abort_count": 2,
  "recoveries": [
    {
      "cycle": 0,
      "env": 6,
      "arm": "U_L",
      "abort_step": 222,
      "reason": "unintended_contact",
      "method": "fault_hold",
      "first_six_safe_frames_end_step": null,
      "recovery_s": null,
      "post_abort_max_n": 1.5433889627456665,
      "last_second_max_n": 1.1522667407989502,
      "last_second_neutral_error_rad": 0.25384071469306946,
      "post_abort_contact_impulse_proxy_n_s": 4.583066038295508,
      "contact_proxy_note": "sum over time of maximum measured sensor/partner magnitude; not total physical wrench impulse",
      "latch_cleared": false
    },
    {
      "cycle": 0,
      "env": 7,
      "arm": "U_L",
      "abort_step": 222,
      "reason": "unintended_contact",
      "method": "fault_recover",
      "first_six_safe_frames_end_step": 343,
      "recovery_s": 1.016626,
      "post_abort_max_n": 1.2957844734191895,
      "last_second_max_n": 0.0,
      "last_second_neutral_error_rad": 5.513429641723633e-06,
      "post_abort_contact_impulse_proxy_n_s": 0.02623690248486493,
      "contact_proxy_note": "sum over time of maximum measured sensor/partner magnitude; not total physical wrench impulse",
      "latch_cleared": false
    }
  ],
  "point_scalar_oracle": "independent float64 prefix sums of absolute valid native point magnitudes",
  "first_post_init_physics_step_exempted": false,
  "constructor_contacts_qualified": false,
  "new_task_trials": 0,
  "system0_trials": 0,
  "unknown_rejections": 192,
  "unique_unknown_profiles": 32,
  "new_unknown_physical_paths": 0,
  "guard_paths": 6,
  "guard_safe_paths": 6,
  "guard_max_scalar_self_normal_n": 0.0,
  "guard_max_scalar_all_partner_normal_n": 0.0,
  "bypass_max_scalar_self_normal_n": 229.61143493652344,
  "guard_grasp_successes": 0,
  "matched_init_joint_max_abs_rad": 0.0,
  "matched_object_local_max_abs_m": 0.0,
  "matched_object_velocity_max_abs": 0.0
}
