[INFO][AppLauncher]: Using device: cuda:1
[INFO][AppLauncher]: Loading experience file: /home/liyufeng/safeduo_isaaclab/apps/isaaclab.python.headless.rendering.kit
Loading user config located at: '/home/liyufeng/miniforge3/envs/safeduo/lib/python3.11/site-packages/isaacsim/kit/data/Kit/Isaac-Sim/5.1/user.config.json'
[Info] [carb] Logging to file: /home/liyufeng/miniforge3/envs/safeduo/lib/python3.11/site-packages/isaacsim/kit/logs/Kit/Isaac-Sim/5.1/kit_20261007_123855.log
2026-10-07T04:38:55Z [237ms] [Warning] [carb.windowing-glfw.plugin] GLFW initialization failed.
2026-10-07T04:38:55Z [237ms] [Warning] [carb] Failed to startup plugin carb.windowing-glfw.plugin (interfaces: [carb::windowing::IGLContext v1.0],[carb::windowing::IWindowing v1.5]) (impl: carb.windowing-glfw.plugin)
2026-10-07T04:38:55Z [264ms] [Warning] [omni.platforminfo.plugin] failed to open the default display.  Can't verify X Server version.
2026-10-07T04:38:55Z [270ms] [Warning] [carb.cudainterop.plugin] CUDA_VISIBLE_DEVICES environment variable is set.
2026-10-07T04:38:55Z [270ms] [Warning] [carb.cudainterop.plugin] Note CUDA device enumeration and Omniverse device enumeration are different.
2026-10-07T04:38:55Z [270ms] [Warning] [carb.cudainterop.plugin] Setting CUDA_VISIBLE_DEVICES can lead to undesired behavior or crashes.
2026-10-07T04:38:55Z [553ms] [Warning] [carb.windowing-glfw.plugin] GLFW initialization failed.
2026-10-07T04:38:55Z [553ms] [Warning] [carb] Failed to startup plugin carb.windowing-glfw.plugin (interfaces: [carb::windowing::IGLContext v1.0],[carb::windowing::IWindowing v1.5]) (impl: carb.windowing-glfw.plugin)

|---------------------------------------------------------------------------------------------|
| Driver Version: 570.124.06    | Graphics API: Vulkan
|=============================================================================================|
| GPU | Name                             | Active | LDA | GPU Memory | Vendor-ID | LUID       |
|     |                                  |        |     |            | Device-ID | UUID       |
|     |                                  |        |     |            | Bus-ID    |            |
|---------------------------------------------------------------------------------------------|
| 0   | NVIDIA GeForce RTX 5090          |        |     | 32607   MB | 10de      | 0          |
|     |                                  |        |     |            | 2b85      | b129224c.. |
|     |                                  |        |     |            | 41        |            |
|---------------------------------------------------------------------------------------------|
| 1   | NVIDIA GeForce RTX 5090          | Yes: 0 |     | 32607   MB | 10de      | 0          |
|     |                                  |        |     |            | 2b85      | 828bb172.. |
|     |                                  |        |     |            | 81        |            |
|=============================================================================================|
| OS: 22.04.5 LTS (Jammy Jellyfish) ubuntu, Version: 22.04.5, Kernel: 6.8.0-138-generic
| Processor: AMD Ryzen Threadripper 7960X 24-Cores
| Cores: 24 | Logical Cores: 48
|---------------------------------------------------------------------------------------------|
| Total Memory (MB): 257228 | Free Memory: 65091
| Total Page/Swap (MB): 131071 | Free Page/Swap: 0
|---------------------------------------------------------------------------------------------|
2026-10-07T04:38:56Z [1,300ms] [Warning] [gpu.foundation.plugin] IOMMU is enabled.
2026-10-07T04:38:56Z [1,300ms] [Warning] [gpu.foundation.plugin] Detected IOMMU is enabled. Running CUDA peer-to-peer bandwidth and latency validation.
Unidirectional P2P=Enabled Bandwidth (P2P Writes) Matrix (GB/s)
   D\D     0      1 
     0 1516.99   6.96 
     1   7.01 1533.04 
P2P=Enabled Latency (P2P Writes) Matrix (us)
   GPU     0      1 
     0   2.11  13.34 
     1  13.86   2.06 

   CPU     0      1 
     0   2.50   6.25 
     1   6.15   2.40 
2026-10-07T04:38:56Z [1,563ms] [Warning] [gpu.foundation.plugin] CUDA peer-to-peer observed bandwidth: 7.0 GB/s.
2026-10-07T04:38:56Z [1,563ms] [Warning] [gpu.foundation.plugin] CUDA peer-to-peer observed latency: 13.9 us.
2026-10-07T04:38:56Z [1,563ms] [Warning] [gpu.foundation.plugin] Please verify if observed bandwidth and latency are expected.
2026-10-07T04:38:57Z [2,269ms] [Warning] [carb.windowing-glfw.plugin] GLFW initialization failed.
2026-10-07T04:38:57Z [2,270ms] [Warning] [carb] Failed to startup plugin carb.windowing-glfw.plugin (interfaces: [carb::windowing::IGLContext v1.0],[carb::windowing::IWindowing v1.5]) (impl: carb.windowing-glfw.plugin)
2026-10-07T04:38:57Z [2,297ms] [Warning] [carb.windowing-glfw.plugin] GLFW initialization failed.
2026-10-07T04:38:57Z [2,297ms] [Warning] [carb] Failed to startup plugin carb.windowing-glfw.plugin (interfaces: [carb::windowing::IGLContext v1.0],[carb::windowing::IWindowing v1.5]) (impl: carb.windowing-glfw.plugin)
2026-10-07T04:38:57Z [2,307ms] [Warning] [carb.windowing-glfw.plugin] GLFW initialization failed.
2026-10-07T04:38:57Z [2,307ms] [Warning] [carb] Failed to startup plugin carb.windowing-glfw.plugin (interfaces: [carb::windowing::IGLContext v1.0],[carb::windowing::IWindowing v1.5]) (impl: carb.windowing-glfw.plugin)
2026-10-07T04:38:57Z [2,322ms] [Warning] [carb.windowing-glfw.plugin] GLFW initialization failed.
2026-10-07T04:38:57Z [2,323ms] [Warning] [carb] Failed to startup plugin carb.windowing-glfw.plugin (interfaces: [carb::windowing::IGLContext v1.0],[carb::windowing::IWindowing v1.5]) (impl: carb.windowing-glfw.plugin)
2026-10-07T04:38:57Z [2,324ms] [Warning] [carb.windowing-glfw.plugin] GLFW initialization failed.
2026-10-07T04:38:57Z [2,324ms] [Warning] [carb] Failed to startup plugin carb.windowing-glfw.plugin (interfaces: [carb::windowing::IGLContext v1.0],[carb::windowing::IWindowing v1.5]) (impl: carb.windowing-glfw.plugin)
2026-10-07T04:38:57Z [2,325ms] [Warning] [carb.windowing-glfw.plugin] GLFW initialization failed.
2026-10-07T04:38:57Z [2,325ms] [Warning] [carb] Failed to startup plugin carb.windowing-glfw.plugin (interfaces: [carb::windowing::IGLContext v1.0],[carb::windowing::IWindowing v1.5]) (impl: carb.windowing-glfw.plugin)
2026-10-07T04:38:57Z [2,596ms] [Warning] [omni.log] Source: omni.hydra was already registered.
2026-10-07T04:38:58Z [2,988ms] [Warning] [carb] Acquiring non optional plugin interface which is not listed as dependency: [omni::physx::IPhysxBenchmarks v1.0] (plugin: <default plugin>), by client: omni.physics.physx.plugin. Add it to CARB_PLUGIN_IMPL_DEPS() macro of a client.
2026-10-07T04:38:58Z [2,997ms] [Warning] [omni.isaac.dynamic_control] omni.isaac.dynamic_control is deprecated as of Isaac Sim 4.5. No action is needed from end-users.
2026-10-07T04:39:01Z [6,173ms] [Warning] [pxr.Semantics] pxr.Semantics is deprecated - please use Semantics instead
2026-10-07T04:39:01Z [6,281ms] [Warning] [omni.graph.core.plugin] Found duplicate of category 'Replicator' - was 'Annotators', adding 'Fabric Reader'
2026-10-07T04:39:01Z [6,281ms] [Warning] [omni.graph.core.plugin] Category 'Replicator' not accepted on node type 'omni.replicator.core.FabricReader' in extension 'omni.replicator.core'
2026-10-07T04:39:01Z [6,283ms] [Warning] [omni.replicator.core.scripts.extension] No material configuration file, adding configuration to material settings directly.
2026-10-07T04:39:02Z [7,734ms] [Warning] [omni.kvdb.plugin] Disabling key-value database because another kit process is locking it
2026-10-07T04:39:04Z [9,779ms] [Warning] [omni.fabric.plugin] Warning: attribute viewportHandle not found for bucket id 7

CONSTRUCT_STATIC_DIAGNOSTIC 6

[36m======================================================================================[0m
[36m[1m[INFO][IsaacLab]: Logging to file: /tmp/isaaclab/logs/isaaclab_2026-10-07_12-39-05.log[0m
[36m======================================================================================[0m

[33m12:39:05 [simulation_context.py] WARNING: The `enable_external_forces_every_iteration` parameter in the PhysxCfg is set to False. If you are experiencing noisy velocities, consider enabling this flag. You may need to slightly increase the number of velocity iterations (setting it to 1 or 2 rather than 0), together with this flag, to improve the accuracy of velocity updates.[0m
[INFO]: Base environment:
	Environment device    : cuda:1
	Environment seed      : 90610751
	Physics step-size     : 0.008333
	Rendering step-size   : 0.016666
	Environment step-size : 0.016666
[33m12:39:07 [prims.py] WARNING: Could not perform 'modify_collision_properties' on any prims under: '/World/envs/env_0/Prop_nist_board'. This might be because of the following reasons:
	(1) The desired attribute does not exist on any of the prims.
	(2) The desired attribute exists on an instanced prim.
		Discovered list of instanced prim paths: ['/World/envs/env_0/Prop_nist_board/visuals', '/World/envs/env_0/Prop_nist_board/collisions'][0m
R35_HAND_TORSION de-instanced hand collision scopes: 50
R35_HAND_TORSION radius=0.02 min=0.01 collision_prims=128
R34_MESH_OBJECT /World/envs/env_0/Obj_beam700: friction 1.5/1.2 on 1 materials, 0 glass meshes rebound, 0 opacity inputs disabled
R34_MESH_OBJECT /World/envs/env_0/Obj_beam300: friction 1.5/1.2 on 1 materials, 0 glass meshes rebound, 0 opacity inputs disabled
[INFO]: Time taken for scene creation : 140.771321 seconds
[INFO]: Scene manager:  <class InteractiveScene>
	Number of environments: 6
	Environment spacing   : 5.0
	Source prim name      : /World/envs/env_0
	Global prim paths     : ['/World/ground']
	Replicate physics     : True
[INFO]: Starting the simulation. This may take a few seconds. Please wait...
2026-10-07T04:41:28Z [153,527ms] [Warning] [omni.fabric.plugin] getAttributeCount called on non-existent path /World/envs/env_5/U_R/wrist_3_link/visuals/wrist3/Scene
2026-10-07T04:41:28Z [153,527ms] [Warning] [omni.fabric.plugin] getTypes called on non-existent path /World/envs/env_5/U_R/wrist_3_link/visuals/wrist3/Scene
2026-10-07T04:41:29Z [154,463ms] [Error] [omni.hydra] [UsdToMdl] Prim '/__Fabric_StageInfo/MaterialPool/mat_c740d1a8/Shader' parameter 'normalmap_texture': References an asset that can not be found: 'omniverse://simready.ov.nvidia.com/Projects/Groot_Content/Material%20Library/Rubber/Textures/T_Rubber_Black_Glossy_A_Normal.png'
2026-10-07T04:41:29Z [154,463ms] [Error] [omni.hydra] [UsdToMdl] Prim '/__Fabric_StageInfo/MaterialPool/mat_c740d1a8/Shader' parameter 'diffuse_texture': References an asset that can not be found: 'omniverse://simready.ov.nvidia.com/Projects/Groot_Content/Material%20Library/Rubber/Textures/T_Rubber_Black_Glossy_A_Albedo.png'
2026-10-07T04:41:29Z [154,463ms] [Error] [omni.hydra] [UsdToMdl] Prim '/__Fabric_StageInfo/MaterialPool/mat_c740d1a8/Shader' parameter 'ORM_texture': References an asset that can not be found: 'omniverse://simready.ov.nvidia.com/Projects/Groot_Content/Material%20Library/Rubber/Textures/T_Rubber_Black_Glossy_A_ORM.png'
2026-10-07T04:41:29Z [154,463ms] [Error] [omni.hydra] [UsdToMdl] Prim '/__Fabric_StageInfo/MaterialPool/mat_c740d1a8/Shader' parameter 'ORM_texture': References an asset that can not be found: 'omniverse://simready.ov.nvidia.com/Projects/Groot_Content/Material%20Library/Rubber/Textures/T_Rubber_Black_Glossy_A_ORM.png'
2026-10-07T04:41:29Z [154,463ms] [Error] [omni.hydra] [UsdToMdl] Prim '/__Fabric_StageInfo/MaterialPool/mat_c740d1a8/Shader' parameter 'diffuse_texture': References an asset that can not be found: 'omniverse://simready.ov.nvidia.com/Projects/Groot_Content/Material%20Library/Rubber/Textures/T_Rubber_Black_Glossy_A_Albedo.png'
2026-10-07T04:41:29Z [154,463ms] [Error] [omni.hydra] [UsdToMdl] Prim '/__Fabric_StageInfo/MaterialPool/mat_c740d1a8/Shader' parameter 'normalmap_texture': References an asset that can not be found: 'omniverse://simready.ov.nvidia.com/Projects/Groot_Content/Material%20Library/Rubber/Textures/T_Rubber_Black_Glossy_A_Normal.png'
2026-10-07T04:41:29Z [154,491ms] [Error] [omni.hydra] [UsdToMdl] Prim '/__Fabric_StageInfo/MaterialPool/mat_ad3fc82a/Shader' parameter 'normalmap_texture': References an asset that can not be found: 'omniverse://simready.ov.nvidia.com/Projects/Groot_Content/Material%20Library/Metal/Textures/T_Steel_StainlessScratched_A1_Normal.png'
2026-10-07T04:41:29Z [154,491ms] [Error] [omni.hydra] [UsdToMdl] Prim '/__Fabric_StageInfo/MaterialPool/mat_ad3fc82a/Shader' parameter 'diffuse_texture': References an asset that can not be found: 'omniverse://simready.ov.nvidia.com/Projects/Groot_Content/Material%20Library/Metal/Textures/T_Steel_StainlessScratched_A1_Albedo.png'
2026-10-07T04:41:29Z [154,491ms] [Error] [omni.hydra] [UsdToMdl] Prim '/__Fabric_StageInfo/MaterialPool/mat_ad3fc82a/Shader' parameter 'ORM_texture': References an asset that can not be found: 'omniverse://simready.ov.nvidia.com/Projects/Groot_Content/Material%20Library/Metal/Textures/T_Steel_StainlessScratched_A1_ORM.png'
2026-10-07T04:41:29Z [154,491ms] [Error] [omni.hydra] [UsdToMdl] Prim '/__Fabric_StageInfo/MaterialPool/mat_ad3fc82a/Shader' parameter 'ORM_texture': References an asset that can not be found: 'omniverse://simready.ov.nvidia.com/Projects/Groot_Content/Material%20Library/Metal/Textures/T_Steel_StainlessScratched_A1_ORM.png'
2026-10-07T04:41:29Z [154,491ms] [Error] [omni.hydra] [UsdToMdl] Prim '/__Fabric_StageInfo/MaterialPool/mat_ad3fc82a/Shader' parameter 'diffuse_texture': References an asset that can not be found: 'omniverse://simready.ov.nvidia.com/Projects/Groot_Content/Material%20Library/Metal/Textures/T_Steel_StainlessScratched_A1_Albedo.png'
2026-10-07T04:41:29Z [154,491ms] [Error] [omni.hydra] [UsdToMdl] Prim '/__Fabric_StageInfo/MaterialPool/mat_ad3fc82a/Shader' parameter 'normalmap_texture': References an asset that can not be found: 'omniverse://simready.ov.nvidia.com/Projects/Groot_Content/Material%20Library/Metal/Textures/T_Steel_StainlessScratched_A1_Normal.png'
2026-10-07T04:41:29Z [154,498ms] [Error] [omni.hydra] [UsdToMdl] Prim '/__Fabric_StageInfo/MaterialPool/mat_540c60c2/Shader' parameter 'normalmap_texture': References an asset that can not be found: 'omniverse://simready.ov.nvidia.com/Projects/Groot_Content/Material%20Library/Plastic/Textures/T_Plastic_Glossy_White_A_Normal.png'
2026-10-07T04:41:29Z [154,498ms] [Error] [omni.hydra] [UsdToMdl] Prim '/__Fabric_StageInfo/MaterialPool/mat_540c60c2/Shader' parameter 'diffuse_texture': References an asset that can not be found: 'omniverse://simready.ov.nvidia.com/Projects/Groot_Content/Material%20Library/Plastic/Textures/T_Plastic_Glossy_White_A_Albedo.png'
2026-10-07T04:41:29Z [154,498ms] [Error] [omni.hydra] [UsdToMdl] Prim '/__Fabric_StageInfo/MaterialPool/mat_540c60c2/Shader' parameter 'ORM_texture': References an asset that can not be found: 'omniverse://simready.ov.nvidia.com/Projects/Groot_Content/Material%20Library/Plastic/Textures/T_Plastic_Glossy_White_A_ORM.png'
2026-10-07T04:41:29Z [154,498ms] [Error] [omni.hydra] [UsdToMdl] Prim '/__Fabric_StageInfo/MaterialPool/mat_540c60c2/Shader' parameter 'ORM_texture': References an asset that can not be found: 'omniverse://simready.ov.nvidia.com/Projects/Groot_Content/Material%20Library/Plastic/Textures/T_Plastic_Glossy_White_A_ORM.png'
2026-10-07T04:41:29Z [154,498ms] [Error] [omni.hydra] [UsdToMdl] Prim '/__Fabric_StageInfo/MaterialPool/mat_540c60c2/Shader' parameter 'diffuse_texture': References an asset that can not be found: 'omniverse://simready.ov.nvidia.com/Projects/Groot_Content/Material%20Library/Plastic/Textures/T_Plastic_Glossy_White_A_Albedo.png'
2026-10-07T04:41:29Z [154,498ms] [Error] [omni.hydra] [UsdToMdl] Prim '/__Fabric_StageInfo/MaterialPool/mat_540c60c2/Shader' parameter 'normalmap_texture': References an asset that can not be found: 'omniverse://simready.ov.nvidia.com/Projects/Groot_Content/Material%20Library/Plastic/Textures/T_Plastic_Glossy_White_A_Normal.png'
2026-10-07T04:41:29Z [154,503ms] [Error] [omni.hydra] [UsdToMdl] Prim '/__Fabric_StageInfo/MaterialPool/mat_48ec6003/Shader' parameter 'normalmap_texture': References an asset that can not be found: 'omniverse://simready.ov.nvidia.com/Projects/Groot_Content/Material%20Library/Rubber/Textures/T_Rubber_Black_Glossy_A_Normal.png'
2026-10-07T04:41:29Z [154,503ms] [Error] [omni.hydra] [UsdToMdl] Prim '/__Fabric_StageInfo/MaterialPool/mat_48ec6003/Shader' parameter 'diffuse_texture': References an asset that can not be found: 'omniverse://simready.ov.nvidia.com/Projects/Groot_Content/Material%20Library/Rubber/Textures/T_Rubber_Black_Glossy_A_Albedo.png'
2026-10-07T04:41:29Z [154,503ms] [Error] [omni.hydra] [UsdToMdl] Prim '/__Fabric_StageInfo/MaterialPool/mat_48ec6003/Shader' parameter 'ORM_texture': References an asset that can not be found: 'omniverse://simready.ov.nvidia.com/Projects/Groot_Content/Material%20Library/Rubber/Textures/T_Rubber_Black_Glossy_A_ORM.png'
2026-10-07T04:41:29Z [154,504ms] [Error] [omni.hydra] [UsdToMdl] Prim '/__Fabric_StageInfo/MaterialPool/mat_48ec6003/Shader' parameter 'ORM_texture': References an asset that can not be found: 'omniverse://simready.ov.nvidia.com/Projects/Groot_Content/Material%20Library/Rubber/Textures/T_Rubber_Black_Glossy_A_ORM.png'
2026-10-07T04:41:29Z [154,504ms] [Error] [omni.hydra] [UsdToMdl] Prim '/__Fabric_StageInfo/MaterialPool/mat_48ec6003/Shader' parameter 'diffuse_texture': References an asset that can not be found: 'omniverse://simready.ov.nvidia.com/Projects/Groot_Content/Material%20Library/Rubber/Textures/T_Rubber_Black_Glossy_A_Albedo.png'
2026-10-07T04:41:29Z [154,504ms] [Error] [omni.hydra] [UsdToMdl] Prim '/__Fabric_StageInfo/MaterialPool/mat_48ec6003/Shader' parameter 'normalmap_texture': References an asset that can not be found: 'omniverse://simready.ov.nvidia.com/Projects/Groot_Content/Material%20Library/Rubber/Textures/T_Rubber_Black_Glossy_A_Normal.png'
2026-10-07T04:41:30Z [155,413ms] [Error] [omni.hydra] [UsdToMdl] Prim '/__Fabric_StageInfo/MaterialPool/mat_5b9f5132/Shader' parameter 'normalmap_texture': References an asset that can not be found: 'omniverse://simready.ov.nvidia.com/Projects/Groot_Content/Material%20Library/Plastic/Textures/T_Plastic_Glossy_White_A_Normal.png'
2026-10-07T04:41:30Z [155,413ms] [Error] [omni.hydra] [UsdToMdl] Prim '/__Fabric_StageInfo/MaterialPool/mat_5b9f5132/Shader' parameter 'diffuse_texture': References an asset that can not be found: 'omniverse://simready.ov.nvidia.com/Projects/Groot_Content/Material%20Library/Plastic/Textures/T_Plastic_Glossy_White_A_Albedo.png'
2026-10-07T04:41:30Z [155,413ms] [Error] [omni.hydra] [UsdToMdl] Prim '/__Fabric_StageInfo/MaterialPool/mat_5b9f5132/Shader' parameter 'ORM_texture': References an asset that can not be found: 'omniverse://simready.ov.nvidia.com/Projects/Groot_Content/Material%20Library/Plastic/Textures/T_Plastic_Glossy_White_A_ORM.png'
2026-10-07T04:41:30Z [155,413ms] [Error] [omni.hydra] [UsdToMdl] Prim '/__Fabric_StageInfo/MaterialPool/mat_5b9f5132/Shader' parameter 'ORM_texture': References an asset that can not be found: 'omniverse://simready.ov.nvidia.com/Projects/Groot_Content/Material%20Library/Plastic/Textures/T_Plastic_Glossy_White_A_ORM.png'
2026-10-07T04:41:30Z [155,413ms] [Error] [omni.hydra] [UsdToMdl] Prim '/__Fabric_StageInfo/MaterialPool/mat_5b9f5132/Shader' parameter 'diffuse_texture': References an asset that can not be found: 'omniverse://simready.ov.nvidia.com/Projects/Groot_Content/Material%20Library/Plastic/Textures/T_Plastic_Glossy_White_A_Albedo.png'
2026-10-07T04:41:30Z [155,413ms] [Error] [omni.hydra] [UsdToMdl] Prim '/__Fabric_StageInfo/MaterialPool/mat_5b9f5132/Shader' parameter 'normalmap_texture': References an asset that can not be found: 'omniverse://simready.ov.nvidia.com/Projects/Groot_Content/Material%20Library/Plastic/Textures/T_Plastic_Glossy_White_A_Normal.png'
2026-10-07T04:41:30Z [155,515ms] [Error] [omni.hydra] [UsdToMdl] Prim '/__Fabric_StageInfo/MaterialPool/mat_fcc81cba/Shader' parameter 'normalmap_texture': References an asset that can not be found: 'omniverse://simready.ov.nvidia.com/Projects/Groot_Content/Material%20Library/Plastic/Textures/T_Plastic_Black_A_Normal.png'
2026-10-07T04:41:30Z [155,515ms] [Error] [omni.hydra] [UsdToMdl] Prim '/__Fabric_StageInfo/MaterialPool/mat_fcc81cba/Shader' parameter 'diffuse_texture': References an asset that can not be found: 'omniverse://simready.ov.nvidia.com/Projects/Groot_Content/Material%20Library/Plastic/Textures/T_Plastic_Black_A_Albedo.png'
2026-10-07T04:41:30Z [155,515ms] [Error] [omni.hydra] [UsdToMdl] Prim '/__Fabric_StageInfo/MaterialPool/mat_fcc81cba/Shader' parameter 'ORM_texture': References an asset that can not be found: 'omniverse://simready.ov.nvidia.com/Projects/Groot_Content/Material%20Library/Plastic/Textures/T_Plastic_Black_A_ORM.png'
2026-10-07T04:41:30Z [155,515ms] [Error] [omni.hydra] [UsdToMdl] Prim '/__Fabric_StageInfo/MaterialPool/mat_fcc81cba/Shader' parameter 'ORM_texture': References an asset that can not be found: 'omniverse://simready.ov.nvidia.com/Projects/Groot_Content/Material%20Library/Plastic/Textures/T_Plastic_Black_A_ORM.png'
2026-10-07T04:41:30Z [155,515ms] [Error] [omni.hydra] [UsdToMdl] Prim '/__Fabric_StageInfo/MaterialPool/mat_fcc81cba/Shader' parameter 'diffuse_texture': References an asset that can not be found: 'omniverse://simready.ov.nvidia.com/Projects/Groot_Content/Material%20Library/Plastic/Textures/T_Plastic_Black_A_Albedo.png'
2026-10-07T04:41:30Z [155,515ms] [Error] [omni.hydra] [UsdToMdl] Prim '/__Fabric_StageInfo/MaterialPool/mat_fcc81cba/Shader' parameter 'normalmap_texture': References an asset that can not be found: 'omniverse://simready.ov.nvidia.com/Projects/Groot_Content/Material%20Library/Plastic/Textures/T_Plastic_Black_A_Normal.png'
2026-10-07T04:41:30Z [155,542ms] [Error] [omni.hydra] [UsdToMdl] Prim '/__Fabric_StageInfo/MaterialPool/mat_3ee0483c/Shader' parameter 'normalmap_texture': References an asset that can not be found: 'omniverse://simready.ov.nvidia.com/Projects/Groot_Content/Material%20Library/Plastic/Textures/T_Plastic_Blue_A_Normal.png'
2026-10-07T04:41:30Z [155,542ms] [Error] [omni.hydra] [UsdToMdl] Prim '/__Fabric_StageInfo/MaterialPool/mat_3ee0483c/Shader' parameter 'diffuse_texture': References an asset that can not be found: 'omniverse://simready.ov.nvidia.com/Projects/Groot_Content/Material%20Library/Plastic/Textures/T_Plastic_Blue_A_Albedo.png'
2026-10-07T04:41:30Z [155,542ms] [Error] [omni.hydra] [UsdToMdl] Prim '/__Fabric_StageInfo/MaterialPool/mat_3ee0483c/Shader' parameter 'ORM_texture': References an asset that can not be found: 'omniverse://simready.ov.nvidia.com/Projects/Groot_Content/Material%20Library/Plastic/Textures/T_Plastic_Blue_A_ORM.png'
2026-10-07T04:41:30Z [155,542ms] [Error] [omni.hydra] [UsdToMdl] Prim '/__Fabric_StageInfo/MaterialPool/mat_3ee0483c/Shader' parameter 'ORM_texture': References an asset that can not be found: 'omniverse://simready.ov.nvidia.com/Projects/Groot_Content/Material%20Library/Plastic/Textures/T_Plastic_Blue_A_ORM.png'
2026-10-07T04:41:30Z [155,542ms] [Error] [omni.hydra] [UsdToMdl] Prim '/__Fabric_StageInfo/MaterialPool/mat_3ee0483c/Shader' parameter 'diffuse_texture': References an asset that can not be found: 'omniverse://simready.ov.nvidia.com/Projects/Groot_Content/Material%20Library/Plastic/Textures/T_Plastic_Blue_A_Albedo.png'
2026-10-07T04:41:30Z [155,543ms] [Error] [omni.hydra] [UsdToMdl] Prim '/__Fabric_StageInfo/MaterialPool/mat_3ee0483c/Shader' parameter 'normalmap_texture': References an asset that can not be found: 'omniverse://simready.ov.nvidia.com/Projects/Groot_Content/Material%20Library/Plastic/Textures/T_Plastic_Blue_A_Normal.png'
2026-10-07T04:41:31Z [155,914ms] [Error] [omni.hydra] [UsdToMdl] Prim '/__Fabric_StageInfo/MaterialPool/mat_c740d1a8/Shader' parameter 'normalmap_texture': References an asset that can not be found: 'omniverse://simready.ov.nvidia.com/Projects/Groot_Content/Material%20Library/Rubber/Textures/T_Rubber_Black_Glossy_A_Normal.png'
2026-10-07T04:41:31Z [155,914ms] [Error] [omni.hydra] [UsdToMdl] Prim '/__Fabric_StageInfo/MaterialPool/mat_c740d1a8/Shader' parameter 'ORM_texture': References an asset that can not be found: 'omniverse://simready.ov.nvidia.com/Projects/Groot_Content/Material%20Library/Rubber/Textures/T_Rubber_Black_Glossy_A_ORM.png'
2026-10-07T04:41:31Z [155,914ms] [Error] [omni.hydra] [UsdToMdl] Prim '/__Fabric_StageInfo/MaterialPool/mat_c740d1a8/Shader' parameter 'diffuse_texture': References an asset that can not be found: 'omniverse://simready.ov.nvidia.com/Projects/Groot_Content/Material%20Library/Rubber/Textures/T_Rubber_Black_Glossy_A_Albedo.png'
2026-10-07T04:41:31Z [155,915ms] [Error] [omni.hydra] [UsdToMdl] Prim '/__Fabric_StageInfo/MaterialPool/mat_ad3fc82a/Shader' parameter 'normalmap_texture': References an asset that can not be found: 'omniverse://simready.ov.nvidia.com/Projects/Groot_Content/Material%20Library/Metal/Textures/T_Steel_StainlessScratched_A1_Normal.png'
2026-10-07T04:41:31Z [155,915ms] [Error] [omni.hydra] [UsdToMdl] Prim '/__Fabric_StageInfo/MaterialPool/mat_ad3fc82a/Shader' parameter 'ORM_texture': References an asset that can not be found: 'omniverse://simready.ov.nvidia.com/Projects/Groot_Content/Material%20Library/Metal/Textures/T_Steel_StainlessScratched_A1_ORM.png'
2026-10-07T04:41:31Z [155,915ms] [Error] [omni.hydra] [UsdToMdl] Prim '/__Fabric_StageInfo/MaterialPool/mat_ad3fc82a/Shader' parameter 'diffuse_texture': References an asset that can not be found: 'omniverse://simready.ov.nvidia.com/Projects/Groot_Content/Material%20Library/Metal/Textures/T_Steel_StainlessScratched_A1_Albedo.png'
2026-10-07T04:41:31Z [155,915ms] [Error] [omni.hydra] [UsdToMdl] Prim '/__Fabric_StageInfo/MaterialPool/mat_540c60c2/Shader' parameter 'normalmap_texture': References an asset that can not be found: 'omniverse://simready.ov.nvidia.com/Projects/Groot_Content/Material%20Library/Plastic/Textures/T_Plastic_Glossy_White_A_Normal.png'
2026-10-07T04:41:31Z [155,915ms] [Error] [omni.hydra] [UsdToMdl] Prim '/__Fabric_StageInfo/MaterialPool/mat_540c60c2/Shader' parameter 'ORM_texture': References an asset that can not be found: 'omniverse://simready.ov.nvidia.com/Projects/Groot_Content/Material%20Library/Plastic/Textures/T_Plastic_Glossy_White_A_ORM.png'
2026-10-07T04:41:31Z [155,915ms] [Error] [omni.hydra] [UsdToMdl] Prim '/__Fabric_StageInfo/MaterialPool/mat_540c60c2/Shader' parameter 'diffuse_texture': References an asset that can not be found: 'omniverse://simready.ov.nvidia.com/Projects/Groot_Content/Material%20Library/Plastic/Textures/T_Plastic_Glossy_White_A_Albedo.png'
2026-10-07T04:41:31Z [155,916ms] [Error] [omni.hydra] [UsdToMdl] Prim '/__Fabric_StageInfo/MaterialPool/mat_48ec6003/Shader' parameter 'normalmap_texture': References an asset that can not be found: 'omniverse://simready.ov.nvidia.com/Projects/Groot_Content/Material%20Library/Rubber/Textures/T_Rubber_Black_Glossy_A_Normal.png'
2026-10-07T04:41:31Z [155,916ms] [Error] [omni.hydra] [UsdToMdl] Prim '/__Fabric_StageInfo/MaterialPool/mat_48ec6003/Shader' parameter 'ORM_texture': References an asset that can not be found: 'omniverse://simready.ov.nvidia.com/Projects/Groot_Content/Material%20Library/Rubber/Textures/T_Rubber_Black_Glossy_A_ORM.png'
2026-10-07T04:41:31Z [155,916ms] [Error] [omni.hydra] [UsdToMdl] Prim '/__Fabric_StageInfo/MaterialPool/mat_48ec6003/Shader' parameter 'diffuse_texture': References an asset that can not be found: 'omniverse://simready.ov.nvidia.com/Projects/Groot_Content/Material%20Library/Rubber/Textures/T_Rubber_Black_Glossy_A_Albedo.png'
2026-10-07T04:41:31Z [155,918ms] [Error] [omni.hydra] [UsdToMdl] Prim '/__Fabric_StageInfo/MaterialPool/mat_5b9f5132/Shader' parameter 'normalmap_texture': References an asset that can not be found: 'omniverse://simready.ov.nvidia.com/Projects/Groot_Content/Material%20Library/Plastic/Textures/T_Plastic_Glossy_White_A_Normal.png'
2026-10-07T04:41:31Z [155,918ms] [Error] [omni.hydra] [UsdToMdl] Prim '/__Fabric_StageInfo/MaterialPool/mat_5b9f5132/Shader' parameter 'ORM_texture': References an asset that can not be found: 'omniverse://simready.ov.nvidia.com/Projects/Groot_Content/Material%20Library/Plastic/Textures/T_Plastic_Glossy_White_A_ORM.png'
2026-10-07T04:41:31Z [155,918ms] [Error] [omni.hydra] [UsdToMdl] Prim '/__Fabric_StageInfo/MaterialPool/mat_5b9f5132/Shader' parameter 'diffuse_texture': References an asset that can not be found: 'omniverse://simready.ov.nvidia.com/Projects/Groot_Content/Material%20Library/Plastic/Textures/T_Plastic_Glossy_White_A_Albedo.png'
2026-10-07T04:41:31Z [155,921ms] [Error] [omni.hydra] [UsdToMdl] Prim '/__Fabric_StageInfo/MaterialPool/mat_fcc81cba/Shader' parameter 'normalmap_texture': References an asset that can not be found: 'omniverse://simready.ov.nvidia.com/Projects/Groot_Content/Material%20Library/Plastic/Textures/T_Plastic_Black_A_Normal.png'
2026-10-07T04:41:31Z [155,921ms] [Error] [omni.hydra] [UsdToMdl] Prim '/__Fabric_StageInfo/MaterialPool/mat_fcc81cba/Shader' parameter 'ORM_texture': References an asset that can not be found: 'omniverse://simready.ov.nvidia.com/Projects/Groot_Content/Material%20Library/Plastic/Textures/T_Plastic_Black_A_ORM.png'
2026-10-07T04:41:31Z [155,921ms] [Error] [omni.hydra] [UsdToMdl] Prim '/__Fabric_StageInfo/MaterialPool/mat_fcc81cba/Shader' parameter 'diffuse_texture': References an asset that can not be found: 'omniverse://simready.ov.nvidia.com/Projects/Groot_Content/Material%20Library/Plastic/Textures/T_Plastic_Black_A_Albedo.png'
2026-10-07T04:41:31Z [155,922ms] [Error] [omni.hydra] [UsdToMdl] Prim '/__Fabric_StageInfo/MaterialPool/mat_3ee0483c/Shader' parameter 'normalmap_texture': References an asset that can not be found: 'omniverse://simready.ov.nvidia.com/Projects/Groot_Content/Material%20Library/Plastic/Textures/T_Plastic_Blue_A_Normal.png'
2026-10-07T04:41:31Z [155,922ms] [Error] [omni.hydra] [UsdToMdl] Prim '/__Fabric_StageInfo/MaterialPool/mat_3ee0483c/Shader' parameter 'ORM_texture': References an asset that can not be found: 'omniverse://simready.ov.nvidia.com/Projects/Groot_Content/Material%20Library/Plastic/Textures/T_Plastic_Blue_A_ORM.png'
2026-10-07T04:41:31Z [155,922ms] [Error] [omni.hydra] [UsdToMdl] Prim '/__Fabric_StageInfo/MaterialPool/mat_3ee0483c/Shader' parameter 'diffuse_texture': References an asset that can not be found: 'omniverse://simready.ov.nvidia.com/Projects/Groot_Content/Material%20Library/Plastic/Textures/T_Plastic_Blue_A_Albedo.png'
[INFO]: Time taken for simulation start : 4.574684 seconds
[INFO]: Completed setting up the environment...
/pytorch/aten/src/ATen/native/cuda/IndexKernel.cu:93: operator(): block: [0,0,0], thread: [1,0,0] Assertion `-sizes[i] <= index && index < sizes[i] && "index out of bounds"` failed.
/pytorch/aten/src/ATen/native/cuda/IndexKernel.cu:93: operator(): block: [0,0,0], thread: [2,0,0] Assertion `-sizes[i] <= index && index < sizes[i] && "index out of bounds"` failed.
/pytorch/aten/src/ATen/native/cuda/IndexKernel.cu:93: operator(): block: [0,0,0], thread: [3,0,0] Assertion `-sizes[i] <= index && index < sizes[i] && "index out of bounds"` failed.
/pytorch/aten/src/ATen/native/cuda/IndexKernel.cu:93: operator(): block: [0,0,0], thread: [4,0,0] Assertion `-sizes[i] <= index && index < sizes[i] && "index out of bounds"` failed.
/pytorch/aten/src/ATen/native/cuda/IndexKernel.cu:93: operator(): block: [0,0,0], thread: [5,0,0] Assertion `-sizes[i] <= index && index < sizes[i] && "index out of bounds"` failed.
Traceback (most recent call last):
  File "/home/liyufeng/safeduo/artifacts/safety_hand_support_calibration_20261007/native_probe.py", line 235, in <module>
    try: main()
         ^^^^^^
  File "/home/liyufeng/safeduo/artifacts/safety_hand_support_calibration_20261007/native_probe.py", line 55, in main
    env = ProbeEnv(cfg); env.reset()
                         ^^^^^^^^^^^
  File "/home/liyufeng/safeduo_isaaclab/source/isaaclab/isaaclab/envs/direct_rl_env.py", line 315, in reset
    self._reset_idx(indices)
  File "/home/liyufeng/safeduo/src/safeduo/envs/duo_env.py", line 1522, in _reset_idx
    super()._reset_idx(env_ids)
  File "/home/liyufeng/safeduo_isaaclab/source/isaaclab/isaaclab/envs/direct_rl_env.py", line 613, in _reset_idx
    self.scene.reset(env_ids)
  File "/home/liyufeng/safeduo_isaaclab/source/isaaclab/isaaclab/scene/interactive_scene.py", line 463, in reset
    sensor.reset(env_ids)
  File "/home/liyufeng/safeduo_isaaclab/source/isaaclab/isaaclab/sensors/camera/camera.py", line 369, in reset
    super().reset(env_ids)
  File "/home/liyufeng/safeduo_isaaclab/source/isaaclab/isaaclab/sensors/sensor_base.py", line 180, in reset
    self._timestamp_last_update[env_ids] = 0.0
    ~~~~~~~~~~~~~~~~~~~~~~~~~~~^^^^^^^^^
RuntimeError: CUDA error: device-side assert triggered
CUDA kernel errors might be asynchronously reported at some other API call, so the stacktrace below might be incorrect.
For debugging consider passing CUDA_LAUNCH_BLOCKING=1
Compile with `TORCH_USE_CUDA_DSA` to enable device-side assertions.


2026-10-07T04:41:32Z [157,124ms] [Error] [omni.physx.tensors.plugin] CUDA error: device-side assert triggered: ../../../extensions/runtime/source/omni.physx.tensors/plugins/gpu/GpuArticulationView.cpp: 217
2026-10-07T04:41:32Z [157,124ms] [Error] [omni.physx.tensors.plugin] CUDA error: device-side assert triggered: ../../../extensions/runtime/source/omni.physx.tensors/plugins/gpu/GpuArticulationView.cpp: 218
2026-10-07T04:41:32Z [157,124ms] [Error] [omni.physx.tensors.plugin] CUDA error: device-side assert triggered: ../../../extensions/runtime/source/omni.physx.tensors/plugins/gpu/GpuArticulationView.cpp: 219
2026-10-07T04:41:32Z [157,124ms] [Error] [omni.physx.tensors.plugin] CUDA error: device-side assert triggered: ../../../extensions/runtime/source/omni.physx.tensors/plugins/gpu/GpuArticulationView.cpp: 220
2026-10-07T04:41:32Z [157,124ms] [Error] [omni.physx.tensors.plugin] CUDA error: device-side assert triggered: ../../../extensions/runtime/source/omni.physx.tensors/plugins/gpu/GpuArticulationView.cpp: 221
2026-10-07T04:41:32Z [157,124ms] [Error] [omni.physx.tensors.plugin] CUDA error: device-side assert triggered: ../../../extensions/runtime/source/omni.physx.tensors/plugins/gpu/GpuArticulationView.cpp: 222
2026-10-07T04:41:32Z [157,124ms] [Error] [omni.physx.tensors.plugin] CUDA error: device-side assert triggered: ../../../extensions/runtime/source/omni.physx.tensors/plugins/gpu/GpuArticulationView.cpp: 223
2026-10-07T04:41:32Z [157,124ms] [Error] [omni.physx.tensors.plugin] CUDA error: device-side assert triggered: ../../../extensions/runtime/source/omni.physx.tensors/plugins/gpu/GpuArticulationView.cpp: 224
2026-10-07T04:41:32Z [157,124ms] [Error] [omni.physx.tensors.plugin] CUDA error: device-side assert triggered: ../../../extensions/runtime/source/omni.physx.tensors/plugins/gpu/GpuArticulationView.cpp: 225
2026-10-07T04:41:32Z [157,124ms] [Error] [omni.physx.tensors.plugin] CUDA error: device-side assert triggered: ../../../extensions/runtime/source/omni.physx.tensors/plugins/gpu/GpuArticulationView.cpp: 217
2026-10-07T04:41:32Z [157,124ms] [Error] [omni.physx.tensors.plugin] CUDA error: device-side assert triggered: ../../../extensions/runtime/source/omni.physx.tensors/plugins/gpu/GpuArticulationView.cpp: 218
2026-10-07T04:41:32Z [157,124ms] [Error] [omni.physx.tensors.plugin] CUDA error: device-side assert triggered: ../../../extensions/runtime/source/omni.physx.tensors/plugins/gpu/GpuArticulationView.cpp: 219
2026-10-07T04:41:32Z [157,124ms] [Error] [omni.physx.tensors.plugin] CUDA error: device-side assert triggered: ../../../extensions/runtime/source/omni.physx.tensors/plugins/gpu/GpuArticulationView.cpp: 220
2026-10-07T04:41:32Z [157,124ms] [Error] [omni.physx.tensors.plugin] CUDA error: device-side assert triggered: ../../../extensions/runtime/source/omni.physx.tensors/plugins/gpu/GpuArticulationView.cpp: 221
2026-10-07T04:41:32Z [157,124ms] [Error] [omni.physx.tensors.plugin] CUDA error: device-side assert triggered: ../../../extensions/runtime/source/omni.physx.tensors/plugins/gpu/GpuArticulationView.cpp: 222
2026-10-07T04:41:32Z [157,124ms] [Error] [omni.physx.tensors.plugin] CUDA error: device-side assert triggered: ../../../extensions/runtime/source/omni.physx.tensors/plugins/gpu/GpuArticulationView.cpp: 223
2026-10-07T04:41:32Z [157,124ms] [Error] [omni.physx.tensors.plugin] CUDA error: device-side assert triggered: ../../../extensions/runtime/source/omni.physx.tensors/plugins/gpu/GpuArticulationView.cpp: 224
2026-10-07T04:41:32Z [157,124ms] [Error] [omni.physx.tensors.plugin] CUDA error: device-side assert triggered: ../../../extensions/runtime/source/omni.physx.tensors/plugins/gpu/GpuArticulationView.cpp: 225
2026-10-07T04:41:32Z [157,124ms] [Error] [omni.physx.tensors.plugin] CUDA error: device-side assert triggered: ../../../extensions/runtime/source/omni.physx.tensors/plugins/gpu/GpuArticulationView.cpp: 217
2026-10-07T04:41:32Z [157,125ms] [Error] [omni.physx.tensors.plugin] CUDA error: device-side assert triggered: ../../../extensions/runtime/source/omni.physx.tensors/plugins/gpu/GpuArticulationView.cpp: 218
2026-10-07T04:41:32Z [157,125ms] [Error] [omni.physx.tensors.plugin] CUDA error: device-side assert triggered: ../../../extensions/runtime/source/omni.physx.tensors/plugins/gpu/GpuArticulationView.cpp: 219
2026-10-07T04:41:32Z [157,125ms] [Error] [omni.physx.tensors.plugin] CUDA error: device-side assert triggered: ../../../extensions/runtime/source/omni.physx.tensors/plugins/gpu/GpuArticulationView.cpp: 220
2026-10-07T04:41:32Z [157,125ms] [Error] [omni.physx.tensors.plugin] CUDA error: device-side assert triggered: ../../../extensions/runtime/source/omni.physx.tensors/plugins/gpu/GpuArticulationView.cpp: 221
2026-10-07T04:41:32Z [157,125ms] [Error] [omni.physx.tensors.plugin] CUDA error: device-side assert triggered: ../../../extensions/runtime/source/omni.physx.tensors/plugins/gpu/GpuArticulationView.cpp: 222
2026-10-07T04:41:32Z [157,125ms] [Error] [omni.physx.tensors.plugin] CUDA error: device-side assert triggered: ../../../extensions/runtime/source/omni.physx.tensors/plugins/gpu/GpuArticulationView.cpp: 223
2026-10-07T04:41:32Z [157,125ms] [Error] [omni.physx.tensors.plugin] CUDA error: device-side assert triggered: ../../../extensions/runtime/source/omni.physx.tensors/plugins/gpu/GpuArticulationView.cpp: 224
2026-10-07T04:41:32Z [157,125ms] [Error] [omni.physx.tensors.plugin] CUDA error: device-side assert triggered: ../../../extensions/runtime/source/omni.physx.tensors/plugins/gpu/GpuArticulationView.cpp: 225
2026-10-07T04:41:32Z [157,125ms] [Error] [omni.physx.tensors.plugin] CUDA error: device-side assert triggered: ../../../extensions/runtime/source/omni.physx.tensors/plugins/gpu/GpuArticulationView.cpp: 217
2026-10-07T04:41:32Z [157,125ms] [Error] [omni.physx.tensors.plugin] CUDA error: device-side assert triggered: ../../../extensions/runtime/source/omni.physx.tensors/plugins/gpu/GpuArticulationView.cpp: 218
2026-10-07T04:41:32Z [157,125ms] [Error] [omni.physx.tensors.plugin] CUDA error: device-side assert triggered: ../../../extensions/runtime/source/omni.physx.tensors/plugins/gpu/GpuArticulationView.cpp: 219
2026-10-07T04:41:32Z [157,125ms] [Error] [omni.physx.tensors.plugin] CUDA error: device-side assert triggered: ../../../extensions/runtime/source/omni.physx.tensors/plugins/gpu/GpuArticulationView.cpp: 220
2026-10-07T04:41:32Z [157,125ms] [Error] [omni.physx.tensors.plugin] CUDA error: device-side assert triggered: ../../../extensions/runtime/source/omni.physx.tensors/plugins/gpu/GpuArticulationView.cpp: 221
2026-10-07T04:41:32Z [157,125ms] [Error] [omni.physx.tensors.plugin] CUDA error: device-side assert triggered: ../../../extensions/runtime/source/omni.physx.tensors/plugins/gpu/GpuArticulationView.cpp: 222
2026-10-07T04:41:32Z [157,125ms] [Error] [omni.physx.tensors.plugin] CUDA error: device-side assert triggered: ../../../extensions/runtime/source/omni.physx.tensors/plugins/gpu/GpuArticulationView.cpp: 223
2026-10-07T04:41:32Z [157,125ms] [Error] [omni.physx.tensors.plugin] CUDA error: device-side assert triggered: ../../../extensions/runtime/source/omni.physx.tensors/plugins/gpu/GpuArticulationView.cpp: 224
2026-10-07T04:41:32Z [157,125ms] [Error] [omni.physx.tensors.plugin] CUDA error: device-side assert triggered: ../../../extensions/runtime/source/omni.physx.tensors/plugins/gpu/GpuArticulationView.cpp: 225
2026-10-07T04:41:32Z [157,125ms] [Error] [omni.physx.tensors.plugin] CUDA error: device-side assert triggered: ../../../extensions/runtime/source/omni.physx.tensors/plugins/gpu/GpuRigidBodyView.cpp: 192
2026-10-07T04:41:32Z [157,125ms] [Error] [omni.physx.tensors.plugin] CUDA error: device-side assert triggered: ../../../extensions/runtime/source/omni.physx.tensors/plugins/gpu/GpuRigidBodyView.cpp: 193
2026-10-07T04:41:32Z [157,125ms] [Error] [omni.physx.tensors.plugin] CUDA error: device-side assert triggered: ../../../extensions/runtime/source/omni.physx.tensors/plugins/gpu/GpuRigidBodyView.cpp: 194
2026-10-07T04:41:32Z [157,125ms] [Error] [omni.physx.tensors.plugin] CUDA error: device-side assert triggered: ../../../extensions/runtime/source/omni.physx.tensors/plugins/gpu/GpuRigidBodyView.cpp: 195
2026-10-07T04:41:32Z [157,125ms] [Error] [omni.physx.tensors.plugin] CUDA error: device-side assert triggered: ../../../extensions/runtime/source/omni.physx.tensors/plugins/gpu/GpuRigidBodyView.cpp: 196
2026-10-07T04:41:32Z [157,125ms] [Error] [omni.physx.tensors.plugin] CUDA error: device-side assert triggered: ../../../extensions/runtime/source/omni.physx.tensors/plugins/gpu/GpuRigidBodyView.cpp: 197
2026-10-07T04:41:32Z [157,125ms] [Error] [omni.physx.tensors.plugin] CUDA error: device-side assert triggered: ../../../extensions/runtime/source/omni.physx.tensors/plugins/gpu/GpuRigidBodyView.cpp: 198
2026-10-07T04:41:32Z [157,125ms] [Error] [omni.physx.tensors.plugin] CUDA error: device-side assert triggered: ../../../extensions/runtime/source/omni.physx.tensors/plugins/gpu/GpuRigidBodyView.cpp: 199
2026-10-07T04:41:32Z [157,125ms] [Error] [omni.physx.tensors.plugin] CUDA error: device-side assert triggered: ../../../extensions/runtime/source/omni.physx.tensors/plugins/gpu/GpuRigidBodyView.cpp: 200
2026-10-07T04:41:32Z [157,125ms] [Error] [omni.physx.tensors.plugin] CUDA error: device-side assert triggered: ../../../extensions/runtime/source/omni.physx.tensors/plugins/gpu/GpuRigidBodyView.cpp: 201
2026-10-07T04:41:32Z [157,125ms] [Error] [omni.physx.tensors.plugin] CUDA error: device-side assert triggered: ../../../extensions/runtime/source/omni.physx.tensors/plugins/gpu/GpuRigidBodyView.cpp: 192
2026-10-07T04:41:32Z [157,125ms] [Error] [omni.physx.tensors.plugin] CUDA error: device-side assert triggered: ../../../extensions/runtime/source/omni.physx.tensors/plugins/gpu/GpuRigidBodyView.cpp: 193
2026-10-07T04:41:32Z [157,125ms] [Error] [omni.physx.tensors.plugin] CUDA error: device-side assert triggered: ../../../extensions/runtime/source/omni.physx.tensors/plugins/gpu/GpuRigidBodyView.cpp: 194
2026-10-07T04:41:32Z [157,125ms] [Error] [omni.physx.tensors.plugin] CUDA error: device-side assert triggered: ../../../extensions/runtime/source/omni.physx.tensors/plugins/gpu/GpuRigidBodyView.cpp: 195
2026-10-07T04:41:32Z [157,125ms] [Error] [omni.physx.tensors.plugin] CUDA error: device-side assert triggered: ../../../extensions/runtime/source/omni.physx.tensors/plugins/gpu/GpuRigidBodyView.cpp: 196
2026-10-07T04:41:32Z [157,125ms] [Error] [omni.physx.tensors.plugin] CUDA error: device-side assert triggered: ../../../extensions/runtime/source/omni.physx.tensors/plugins/gpu/GpuRigidBodyView.cpp: 197
2026-10-07T04:41:32Z [157,125ms] [Error] [omni.physx.tensors.plugin] CUDA error: device-side assert triggered: ../../../extensions/runtime/source/omni.physx.tensors/plugins/gpu/GpuRigidBodyView.cpp: 198
2026-10-07T04:41:32Z [157,125ms] [Error] [omni.physx.tensors.plugin] CUDA error: device-side assert triggered: ../../../extensions/runtime/source/omni.physx.tensors/plugins/gpu/GpuRigidBodyView.cpp: 199
2026-10-07T04:41:32Z [157,125ms] [Error] [omni.physx.tensors.plugin] CUDA error: device-side assert triggered: ../../../extensions/runtime/source/omni.physx.tensors/plugins/gpu/GpuRigidBodyView.cpp: 200
2026-10-07T04:41:32Z [157,125ms] [Error] [omni.physx.tensors.plugin] CUDA error: device-side assert triggered: ../../../extensions/runtime/source/omni.physx.tensors/plugins/gpu/GpuRigidBodyView.cpp: 201
2026-10-07T04:41:32Z [157,126ms] [Warning] [omni.physx.plugin] PhysX warning: /builds/omniverse/physics/physx/source/gpucommon/src/PxgCudaMemoryAllocator.cpp, FILE /builds/omniverse/physics/physx/source/gpucommon/src/PxgCudaMemoryAllocator.cpp, LINE 68
