{
  "status": "COMPLETE_OPENING_POSE_DIAGNOSTIC_NOT_TASK_ACCEPTANCE",
  "registration_sha256": "ab779fe0536d9cb45fae8d8274e265cb0edea7af6f6b7dbe9cc4ef986c0c63c6",
  "raw_receipt_sha256": "1ef505bac38f7398d662ae1795af00a25f269e85c60acf598ab6bc26008ecb7a",
  "criteria": {
    "window_s": [
      9.0,
      11.999
    ],
    "max_error_to_proposed_open_rad": 0.02,
    "max_each_body_net_n": 0.1,
    "max_each_pair_normal_n": 0.1,
    "net_filter_reconstruction_max_abs_n": 0.001,
    "closed_excursion_min_rad": 0.2,
    "require_native_limits": true
  },
  "candidate_accepted": 4,
  "candidate_cases": 4,
  "baseline_accepted": 0,
  "baseline_cases": 4,
  "max_hand_net_filter_accounting_abs_n": 0.0,
  "verified_images": 72,
  "native_render_checks": 3,
  "new_task_trials": 0,
  "new_final_trials": 0,
  "claim_boundary": "Only contact-free opening-target attainment and removal of measured hand self contacts at these four static task poses after one close/open cycle. Not aperture, stable grasp, scene safety, policy performance, hardware, random workspace or held-out task qualification."
}
