[INFO][AppLauncher]: Using device: cuda:0
[INFO][AppLauncher]: Loading experience file: /home/liyufeng/safeduo_isaaclab/apps/isaaclab.python.headless.rendering.kit
Loading user config located at: '/home/liyufeng/miniforge3/envs/safeduo/lib/python3.11/site-packages/isaacsim/kit/data/Kit/Isaac-Sim/5.1/user.config.json'
[Info] [carb] Logging to file: /home/liyufeng/miniforge3/envs/safeduo/lib/python3.11/site-packages/isaacsim/kit/logs/Kit/Isaac-Sim/5.1/kit_20261007_185744.log
2026-10-07T10:57:44Z [302ms] [Warning] [carb.windowing-glfw.plugin] GLFW initialization failed.
2026-10-07T10:57:44Z [302ms] [Warning] [carb] Failed to startup plugin carb.windowing-glfw.plugin (interfaces: [carb::windowing::IGLContext v1.0],[carb::windowing::IWindowing v1.5]) (impl: carb.windowing-glfw.plugin)
2026-10-07T10:57:44Z [326ms] [Warning] [omni.platforminfo.plugin] failed to open the default display.  Can't verify X Server version.
2026-10-07T10:57:44Z [331ms] [Warning] [carb.cudainterop.plugin] CUDA_VISIBLE_DEVICES environment variable is set.
2026-10-07T10:57:44Z [331ms] [Warning] [carb.cudainterop.plugin] Note CUDA device enumeration and Omniverse device enumeration are different.
2026-10-07T10:57:44Z [331ms] [Warning] [carb.cudainterop.plugin] Setting CUDA_VISIBLE_DEVICES can lead to undesired behavior or crashes.
2026-10-07T10:57:45Z [634ms] [Warning] [carb.windowing-glfw.plugin] GLFW initialization failed.
2026-10-07T10:57:45Z [634ms] [Warning] [carb] Failed to startup plugin carb.windowing-glfw.plugin (interfaces: [carb::windowing::IGLContext v1.0],[carb::windowing::IWindowing v1.5]) (impl: carb.windowing-glfw.plugin)

|---------------------------------------------------------------------------------------------|
| Driver Version: 570.124.06    | Graphics API: Vulkan
|=============================================================================================|
| GPU | Name                             | Active | LDA | GPU Memory | Vendor-ID | LUID       |
|     |                                  |        |     |            | Device-ID | UUID       |
|     |                                  |        |     |            | Bus-ID    |            |
|---------------------------------------------------------------------------------------------|
| 0   | NVIDIA GeForce RTX 5090          | Yes: 0 |     | 32607   MB | 10de      | 0          |
|     |                                  |        |     |            | 2b85      | b129224c.. |
|     |                                  |        |     |            | 41        |            |
|---------------------------------------------------------------------------------------------|
| 1   | NVIDIA GeForce RTX 5090          |        |     | 32607   MB | 10de      | 0          |
|     |                                  |        |     |            | 2b85      | 828bb172.. |
|     |                                  |        |     |            | 81        |            |
|=============================================================================================|
| OS: 22.04.5 LTS (Jammy Jellyfish) ubuntu, Version: 22.04.5, Kernel: 6.8.0-138-generic
| Processor: AMD Ryzen Threadripper 7960X 24-Cores
| Cores: 24 | Logical Cores: 48
|---------------------------------------------------------------------------------------------|
| Total Memory (MB): 257228 | Free Memory: 76195
| Total Page/Swap (MB): 131071 | Free Page/Swap: 67
|---------------------------------------------------------------------------------------------|
2026-10-07T10:57:45Z [1,233ms] [Warning] [gpu.foundation.plugin] PCIe link width current (2) and maximum (16) for device 0 don't match.
2026-10-07T10:57:45Z [1,233ms] [Warning] [gpu.foundation.plugin] IOMMU is enabled.
2026-10-07T10:57:45Z [1,233ms] [Warning] [gpu.foundation.plugin] Detected IOMMU is enabled. Running CUDA peer-to-peer bandwidth and latency validation.
Unidirectional P2P=Enabled Bandwidth (P2P Writes) Matrix (GB/s)
   D\D     0      1 
     0 1519.94   7.11 
     1   7.03 1547.08 
P2P=Enabled Latency (P2P Writes) Matrix (us)
   GPU     0      1 
     0   2.12  13.27 
     1  12.74   2.08 

   CPU     0      1 
     0   1.77   4.97 
     1   4.96   1.68 
2026-10-07T10:57:45Z [1,480ms] [Warning] [gpu.foundation.plugin] CUDA peer-to-peer observed bandwidth: 7.0 GB/s.
2026-10-07T10:57:45Z [1,480ms] [Warning] [gpu.foundation.plugin] CUDA peer-to-peer observed latency: 13.3 us.
2026-10-07T10:57:45Z [1,480ms] [Warning] [gpu.foundation.plugin] Please verify if observed bandwidth and latency are expected.
2026-10-07T10:57:46Z [2,349ms] [Warning] [carb.windowing-glfw.plugin] GLFW initialization failed.
2026-10-07T10:57:46Z [2,349ms] [Warning] [carb] Failed to startup plugin carb.windowing-glfw.plugin (interfaces: [carb::windowing::IGLContext v1.0],[carb::windowing::IWindowing v1.5]) (impl: carb.windowing-glfw.plugin)
2026-10-07T10:57:46Z [2,371ms] [Warning] [carb.windowing-glfw.plugin] GLFW initialization failed.
2026-10-07T10:57:46Z [2,371ms] [Warning] [carb] Failed to startup plugin carb.windowing-glfw.plugin (interfaces: [carb::windowing::IGLContext v1.0],[carb::windowing::IWindowing v1.5]) (impl: carb.windowing-glfw.plugin)
2026-10-07T10:57:46Z [2,378ms] [Warning] [carb.windowing-glfw.plugin] GLFW initialization failed.
2026-10-07T10:57:46Z [2,378ms] [Warning] [carb] Failed to startup plugin carb.windowing-glfw.plugin (interfaces: [carb::windowing::IGLContext v1.0],[carb::windowing::IWindowing v1.5]) (impl: carb.windowing-glfw.plugin)
2026-10-07T10:57:46Z [2,395ms] [Warning] [carb.windowing-glfw.plugin] GLFW initialization failed.
2026-10-07T10:57:46Z [2,395ms] [Warning] [carb] Failed to startup plugin carb.windowing-glfw.plugin (interfaces: [carb::windowing::IGLContext v1.0],[carb::windowing::IWindowing v1.5]) (impl: carb.windowing-glfw.plugin)
2026-10-07T10:57:46Z [2,396ms] [Warning] [carb.windowing-glfw.plugin] GLFW initialization failed.
2026-10-07T10:57:46Z [2,396ms] [Warning] [carb] Failed to startup plugin carb.windowing-glfw.plugin (interfaces: [carb::windowing::IGLContext v1.0],[carb::windowing::IWindowing v1.5]) (impl: carb.windowing-glfw.plugin)
2026-10-07T10:57:46Z [2,397ms] [Warning] [carb.windowing-glfw.plugin] GLFW initialization failed.
2026-10-07T10:57:46Z [2,397ms] [Warning] [carb] Failed to startup plugin carb.windowing-glfw.plugin (interfaces: [carb::windowing::IGLContext v1.0],[carb::windowing::IWindowing v1.5]) (impl: carb.windowing-glfw.plugin)
2026-10-07T10:57:47Z [2,680ms] [Warning] [omni.log] Source: omni.hydra was already registered.
2026-10-07T10:57:47Z [3,085ms] [Warning] [carb] Acquiring non optional plugin interface which is not listed as dependency: [omni::physx::IPhysxBenchmarks v1.0] (plugin: <default plugin>), by client: omni.physics.physx.plugin. Add it to CARB_PLUGIN_IMPL_DEPS() macro of a client.
2026-10-07T10:57:47Z [3,098ms] [Warning] [omni.isaac.dynamic_control] omni.isaac.dynamic_control is deprecated as of Isaac Sim 4.5. No action is needed from end-users.
2026-10-07T10:57:50Z [6,076ms] [Warning] [pxr.Semantics] pxr.Semantics is deprecated - please use Semantics instead
2026-10-07T10:57:50Z [6,398ms] [Warning] [omni.graph.core.plugin] Found duplicate of category 'Replicator' - was 'Annotators', adding 'Fabric Reader'
2026-10-07T10:57:50Z [6,398ms] [Warning] [omni.graph.core.plugin] Category 'Replicator' not accepted on node type 'omni.replicator.core.FabricReader' in extension 'omni.replicator.core'
2026-10-07T10:57:50Z [6,400ms] [Warning] [omni.replicator.core.scripts.extension] No material configuration file, adding configuration to material settings directly.
2026-10-07T10:57:54Z [10,355ms] [Warning] [omni.fabric.plugin] Warning: attribute viewportHandle not found for bucket id 7

CONSTRUCT_STATIC_DIAGNOSTIC 6 default_thumb 0.0

[36m======================================================================================[0m
[36m[1m[INFO][IsaacLab]: Logging to file: /tmp/isaaclab/logs/isaaclab_2026-10-07_18-57-55.log[0m
[36m======================================================================================[0m

[33m18:57:55 [simulation_context.py] WARNING: The `enable_external_forces_every_iteration` parameter in the PhysxCfg is set to False. If you are experiencing noisy velocities, consider enabling this flag. You may need to slightly increase the number of velocity iterations (setting it to 1 or 2 rather than 0), together with this flag, to improve the accuracy of velocity updates.[0m
[INFO]: Base environment:
	Environment device    : cuda:0
	Environment seed      : 90610753
	Physics step-size     : 0.008333
	Rendering step-size   : 0.016666
	Environment step-size : 0.016666
[33m18:57:58 [prims.py] WARNING: Could not perform 'modify_collision_properties' on any prims under: '/World/envs/env_0/Prop_nist_board'. This might be because of the following reasons:
	(1) The desired attribute does not exist on any of the prims.
	(2) The desired attribute exists on an instanced prim.
		Discovered list of instanced prim paths: ['/World/envs/env_0/Prop_nist_board/visuals', '/World/envs/env_0/Prop_nist_board/collisions'][0m
R35_HAND_TORSION de-instanced hand collision scopes: 50
R35_HAND_TORSION radius=0.02 min=0.01 collision_prims=128
R34_MESH_OBJECT /World/envs/env_0/Obj_beam700: friction 1.5/1.2 on 1 materials, 0 glass meshes rebound, 0 opacity inputs disabled
R34_MESH_OBJECT /World/envs/env_0/Obj_beam300: friction 1.5/1.2 on 1 materials, 0 glass meshes rebound, 0 opacity inputs disabled
[INFO]: Time taken for scene creation : 141.762694 seconds
[INFO]: Scene manager:  <class InteractiveScene>
	Number of environments: 6
	Environment spacing   : 5.0
	Source prim name      : /World/envs/env_0
	Global prim paths     : ['/World/ground']
	Replicate physics     : True
[INFO]: Starting the simulation. This may take a few seconds. Please wait...
2026-10-07T11:00:19Z [154,609ms] [Warning] [omni.fabric.plugin] getAttributeCount called on non-existent path /World/envs/env_5/U_R/wrist_3_link/visuals/r_flange/node_STL_BINARY_
2026-10-07T11:00:19Z [154,609ms] [Warning] [omni.fabric.plugin] getTypes called on non-existent path /World/envs/env_5/U_R/wrist_3_link/visuals/r_flange/node_STL_BINARY_
2026-10-07T11:00:19Z [155,489ms] [Error] [omni.hydra] [UsdToMdl] Prim '/__Fabric_StageInfo/MaterialPool/mat_ad3fc82a/Shader' parameter 'diffuse_texture': References an asset that can not be found: 'omniverse://simready.ov.nvidia.com/Projects/Groot_Content/Material%20Library/Metal/Textures/T_Steel_StainlessScratched_A1_Albedo.png'
2026-10-07T11:00:19Z [155,489ms] [Error] [omni.hydra] [UsdToMdl] Prim '/__Fabric_StageInfo/MaterialPool/mat_ad3fc82a/Shader' parameter 'ORM_texture': References an asset that can not be found: 'omniverse://simready.ov.nvidia.com/Projects/Groot_Content/Material%20Library/Metal/Textures/T_Steel_StainlessScratched_A1_ORM.png'
2026-10-07T11:00:19Z [155,489ms] [Error] [omni.hydra] [UsdToMdl] Prim '/__Fabric_StageInfo/MaterialPool/mat_ad3fc82a/Shader' parameter 'normalmap_texture': References an asset that can not be found: 'omniverse://simready.ov.nvidia.com/Projects/Groot_Content/Material%20Library/Metal/Textures/T_Steel_StainlessScratched_A1_Normal.png'
2026-10-07T11:00:19Z [155,489ms] [Error] [omni.hydra] [UsdToMdl] Prim '/__Fabric_StageInfo/MaterialPool/mat_ad3fc82a/Shader' parameter 'ORM_texture': References an asset that can not be found: 'omniverse://simready.ov.nvidia.com/Projects/Groot_Content/Material%20Library/Metal/Textures/T_Steel_StainlessScratched_A1_ORM.png'
2026-10-07T11:00:19Z [155,489ms] [Error] [omni.hydra] [UsdToMdl] Prim '/__Fabric_StageInfo/MaterialPool/mat_ad3fc82a/Shader' parameter 'diffuse_texture': References an asset that can not be found: 'omniverse://simready.ov.nvidia.com/Projects/Groot_Content/Material%20Library/Metal/Textures/T_Steel_StainlessScratched_A1_Albedo.png'
2026-10-07T11:00:19Z [155,489ms] [Error] [omni.hydra] [UsdToMdl] Prim '/__Fabric_StageInfo/MaterialPool/mat_ad3fc82a/Shader' parameter 'normalmap_texture': References an asset that can not be found: 'omniverse://simready.ov.nvidia.com/Projects/Groot_Content/Material%20Library/Metal/Textures/T_Steel_StainlessScratched_A1_Normal.png'
2026-10-07T11:00:19Z [155,519ms] [Error] [omni.hydra] [UsdToMdl] Prim '/__Fabric_StageInfo/MaterialPool/mat_c740d1a8/Shader' parameter 'diffuse_texture': References an asset that can not be found: 'omniverse://simready.ov.nvidia.com/Projects/Groot_Content/Material%20Library/Rubber/Textures/T_Rubber_Black_Glossy_A_Albedo.png'
2026-10-07T11:00:19Z [155,519ms] [Error] [omni.hydra] [UsdToMdl] Prim '/__Fabric_StageInfo/MaterialPool/mat_c740d1a8/Shader' parameter 'ORM_texture': References an asset that can not be found: 'omniverse://simready.ov.nvidia.com/Projects/Groot_Content/Material%20Library/Rubber/Textures/T_Rubber_Black_Glossy_A_ORM.png'
2026-10-07T11:00:19Z [155,519ms] [Error] [omni.hydra] [UsdToMdl] Prim '/__Fabric_StageInfo/MaterialPool/mat_c740d1a8/Shader' parameter 'normalmap_texture': References an asset that can not be found: 'omniverse://simready.ov.nvidia.com/Projects/Groot_Content/Material%20Library/Rubber/Textures/T_Rubber_Black_Glossy_A_Normal.png'
2026-10-07T11:00:19Z [155,520ms] [Error] [omni.hydra] [UsdToMdl] Prim '/__Fabric_StageInfo/MaterialPool/mat_c740d1a8/Shader' parameter 'ORM_texture': References an asset that can not be found: 'omniverse://simready.ov.nvidia.com/Projects/Groot_Content/Material%20Library/Rubber/Textures/T_Rubber_Black_Glossy_A_ORM.png'
2026-10-07T11:00:19Z [155,520ms] [Error] [omni.hydra] [UsdToMdl] Prim '/__Fabric_StageInfo/MaterialPool/mat_c740d1a8/Shader' parameter 'diffuse_texture': References an asset that can not be found: 'omniverse://simready.ov.nvidia.com/Projects/Groot_Content/Material%20Library/Rubber/Textures/T_Rubber_Black_Glossy_A_Albedo.png'
2026-10-07T11:00:19Z [155,520ms] [Error] [omni.hydra] [UsdToMdl] Prim '/__Fabric_StageInfo/MaterialPool/mat_c740d1a8/Shader' parameter 'normalmap_texture': References an asset that can not be found: 'omniverse://simready.ov.nvidia.com/Projects/Groot_Content/Material%20Library/Rubber/Textures/T_Rubber_Black_Glossy_A_Normal.png'
2026-10-07T11:00:19Z [155,539ms] [Error] [omni.hydra] [UsdToMdl] Prim '/__Fabric_StageInfo/MaterialPool/mat_fcc81cba/Shader' parameter 'diffuse_texture': References an asset that can not be found: 'omniverse://simready.ov.nvidia.com/Projects/Groot_Content/Material%20Library/Plastic/Textures/T_Plastic_Black_A_Albedo.png'
2026-10-07T11:00:19Z [155,539ms] [Error] [omni.hydra] [UsdToMdl] Prim '/__Fabric_StageInfo/MaterialPool/mat_fcc81cba/Shader' parameter 'ORM_texture': References an asset that can not be found: 'omniverse://simready.ov.nvidia.com/Projects/Groot_Content/Material%20Library/Plastic/Textures/T_Plastic_Black_A_ORM.png'
2026-10-07T11:00:19Z [155,539ms] [Error] [omni.hydra] [UsdToMdl] Prim '/__Fabric_StageInfo/MaterialPool/mat_fcc81cba/Shader' parameter 'normalmap_texture': References an asset that can not be found: 'omniverse://simready.ov.nvidia.com/Projects/Groot_Content/Material%20Library/Plastic/Textures/T_Plastic_Black_A_Normal.png'
2026-10-07T11:00:19Z [155,539ms] [Error] [omni.hydra] [UsdToMdl] Prim '/__Fabric_StageInfo/MaterialPool/mat_fcc81cba/Shader' parameter 'ORM_texture': References an asset that can not be found: 'omniverse://simready.ov.nvidia.com/Projects/Groot_Content/Material%20Library/Plastic/Textures/T_Plastic_Black_A_ORM.png'
2026-10-07T11:00:19Z [155,539ms] [Error] [omni.hydra] [UsdToMdl] Prim '/__Fabric_StageInfo/MaterialPool/mat_fcc81cba/Shader' parameter 'diffuse_texture': References an asset that can not be found: 'omniverse://simready.ov.nvidia.com/Projects/Groot_Content/Material%20Library/Plastic/Textures/T_Plastic_Black_A_Albedo.png'
2026-10-07T11:00:19Z [155,539ms] [Error] [omni.hydra] [UsdToMdl] Prim '/__Fabric_StageInfo/MaterialPool/mat_fcc81cba/Shader' parameter 'normalmap_texture': References an asset that can not be found: 'omniverse://simready.ov.nvidia.com/Projects/Groot_Content/Material%20Library/Plastic/Textures/T_Plastic_Black_A_Normal.png'
2026-10-07T11:00:19Z [155,567ms] [Error] [omni.hydra] [UsdToMdl] Prim '/__Fabric_StageInfo/MaterialPool/mat_3ee0483c/Shader' parameter 'diffuse_texture': References an asset that can not be found: 'omniverse://simready.ov.nvidia.com/Projects/Groot_Content/Material%20Library/Plastic/Textures/T_Plastic_Blue_A_Albedo.png'
2026-10-07T11:00:19Z [155,567ms] [Error] [omni.hydra] [UsdToMdl] Prim '/__Fabric_StageInfo/MaterialPool/mat_3ee0483c/Shader' parameter 'ORM_texture': References an asset that can not be found: 'omniverse://simready.ov.nvidia.com/Projects/Groot_Content/Material%20Library/Plastic/Textures/T_Plastic_Blue_A_ORM.png'
2026-10-07T11:00:19Z [155,567ms] [Error] [omni.hydra] [UsdToMdl] Prim '/__Fabric_StageInfo/MaterialPool/mat_3ee0483c/Shader' parameter 'normalmap_texture': References an asset that can not be found: 'omniverse://simready.ov.nvidia.com/Projects/Groot_Content/Material%20Library/Plastic/Textures/T_Plastic_Blue_A_Normal.png'
2026-10-07T11:00:19Z [155,567ms] [Error] [omni.hydra] [UsdToMdl] Prim '/__Fabric_StageInfo/MaterialPool/mat_3ee0483c/Shader' parameter 'ORM_texture': References an asset that can not be found: 'omniverse://simready.ov.nvidia.com/Projects/Groot_Content/Material%20Library/Plastic/Textures/T_Plastic_Blue_A_ORM.png'
2026-10-07T11:00:19Z [155,567ms] [Error] [omni.hydra] [UsdToMdl] Prim '/__Fabric_StageInfo/MaterialPool/mat_3ee0483c/Shader' parameter 'diffuse_texture': References an asset that can not be found: 'omniverse://simready.ov.nvidia.com/Projects/Groot_Content/Material%20Library/Plastic/Textures/T_Plastic_Blue_A_Albedo.png'
2026-10-07T11:00:19Z [155,567ms] [Error] [omni.hydra] [UsdToMdl] Prim '/__Fabric_StageInfo/MaterialPool/mat_3ee0483c/Shader' parameter 'normalmap_texture': References an asset that can not be found: 'omniverse://simready.ov.nvidia.com/Projects/Groot_Content/Material%20Library/Plastic/Textures/T_Plastic_Blue_A_Normal.png'
2026-10-07T11:00:19Z [155,575ms] [Error] [omni.hydra] [UsdToMdl] Prim '/__Fabric_StageInfo/MaterialPool/mat_540c60c2/Shader' parameter 'diffuse_texture': References an asset that can not be found: 'omniverse://simready.ov.nvidia.com/Projects/Groot_Content/Material%20Library/Plastic/Textures/T_Plastic_Glossy_White_A_Albedo.png'
2026-10-07T11:00:19Z [155,575ms] [Error] [omni.hydra] [UsdToMdl] Prim '/__Fabric_StageInfo/MaterialPool/mat_540c60c2/Shader' parameter 'ORM_texture': References an asset that can not be found: 'omniverse://simready.ov.nvidia.com/Projects/Groot_Content/Material%20Library/Plastic/Textures/T_Plastic_Glossy_White_A_ORM.png'
2026-10-07T11:00:19Z [155,575ms] [Error] [omni.hydra] [UsdToMdl] Prim '/__Fabric_StageInfo/MaterialPool/mat_540c60c2/Shader' parameter 'normalmap_texture': References an asset that can not be found: 'omniverse://simready.ov.nvidia.com/Projects/Groot_Content/Material%20Library/Plastic/Textures/T_Plastic_Glossy_White_A_Normal.png'
2026-10-07T11:00:19Z [155,575ms] [Error] [omni.hydra] [UsdToMdl] Prim '/__Fabric_StageInfo/MaterialPool/mat_540c60c2/Shader' parameter 'ORM_texture': References an asset that can not be found: 'omniverse://simready.ov.nvidia.com/Projects/Groot_Content/Material%20Library/Plastic/Textures/T_Plastic_Glossy_White_A_ORM.png'
2026-10-07T11:00:19Z [155,575ms] [Error] [omni.hydra] [UsdToMdl] Prim '/__Fabric_StageInfo/MaterialPool/mat_540c60c2/Shader' parameter 'diffuse_texture': References an asset that can not be found: 'omniverse://simready.ov.nvidia.com/Projects/Groot_Content/Material%20Library/Plastic/Textures/T_Plastic_Glossy_White_A_Albedo.png'
2026-10-07T11:00:19Z [155,575ms] [Error] [omni.hydra] [UsdToMdl] Prim '/__Fabric_StageInfo/MaterialPool/mat_540c60c2/Shader' parameter 'normalmap_texture': References an asset that can not be found: 'omniverse://simready.ov.nvidia.com/Projects/Groot_Content/Material%20Library/Plastic/Textures/T_Plastic_Glossy_White_A_Normal.png'
2026-10-07T11:00:20Z [156,268ms] [Error] [omni.hydra] [UsdToMdl] Prim '/__Fabric_StageInfo/MaterialPool/mat_5b9f5132/Shader' parameter 'diffuse_texture': References an asset that can not be found: 'omniverse://simready.ov.nvidia.com/Projects/Groot_Content/Material%20Library/Plastic/Textures/T_Plastic_Glossy_White_A_Albedo.png'
2026-10-07T11:00:20Z [156,268ms] [Error] [omni.hydra] [UsdToMdl] Prim '/__Fabric_StageInfo/MaterialPool/mat_5b9f5132/Shader' parameter 'ORM_texture': References an asset that can not be found: 'omniverse://simready.ov.nvidia.com/Projects/Groot_Content/Material%20Library/Plastic/Textures/T_Plastic_Glossy_White_A_ORM.png'
2026-10-07T11:00:20Z [156,268ms] [Error] [omni.hydra] [UsdToMdl] Prim '/__Fabric_StageInfo/MaterialPool/mat_5b9f5132/Shader' parameter 'normalmap_texture': References an asset that can not be found: 'omniverse://simready.ov.nvidia.com/Projects/Groot_Content/Material%20Library/Plastic/Textures/T_Plastic_Glossy_White_A_Normal.png'
2026-10-07T11:00:20Z [156,268ms] [Error] [omni.hydra] [UsdToMdl] Prim '/__Fabric_StageInfo/MaterialPool/mat_5b9f5132/Shader' parameter 'ORM_texture': References an asset that can not be found: 'omniverse://simready.ov.nvidia.com/Projects/Groot_Content/Material%20Library/Plastic/Textures/T_Plastic_Glossy_White_A_ORM.png'
2026-10-07T11:00:20Z [156,268ms] [Error] [omni.hydra] [UsdToMdl] Prim '/__Fabric_StageInfo/MaterialPool/mat_5b9f5132/Shader' parameter 'diffuse_texture': References an asset that can not be found: 'omniverse://simready.ov.nvidia.com/Projects/Groot_Content/Material%20Library/Plastic/Textures/T_Plastic_Glossy_White_A_Albedo.png'
2026-10-07T11:00:20Z [156,268ms] [Error] [omni.hydra] [UsdToMdl] Prim '/__Fabric_StageInfo/MaterialPool/mat_5b9f5132/Shader' parameter 'normalmap_texture': References an asset that can not be found: 'omniverse://simready.ov.nvidia.com/Projects/Groot_Content/Material%20Library/Plastic/Textures/T_Plastic_Glossy_White_A_Normal.png'
2026-10-07T11:00:20Z [156,342ms] [Error] [omni.hydra] [UsdToMdl] Prim '/__Fabric_StageInfo/MaterialPool/mat_48ec6003/Shader' parameter 'diffuse_texture': References an asset that can not be found: 'omniverse://simready.ov.nvidia.com/Projects/Groot_Content/Material%20Library/Rubber/Textures/T_Rubber_Black_Glossy_A_Albedo.png'
2026-10-07T11:00:20Z [156,342ms] [Error] [omni.hydra] [UsdToMdl] Prim '/__Fabric_StageInfo/MaterialPool/mat_48ec6003/Shader' parameter 'ORM_texture': References an asset that can not be found: 'omniverse://simready.ov.nvidia.com/Projects/Groot_Content/Material%20Library/Rubber/Textures/T_Rubber_Black_Glossy_A_ORM.png'
2026-10-07T11:00:20Z [156,342ms] [Error] [omni.hydra] [UsdToMdl] Prim '/__Fabric_StageInfo/MaterialPool/mat_48ec6003/Shader' parameter 'normalmap_texture': References an asset that can not be found: 'omniverse://simready.ov.nvidia.com/Projects/Groot_Content/Material%20Library/Rubber/Textures/T_Rubber_Black_Glossy_A_Normal.png'
2026-10-07T11:00:20Z [156,342ms] [Error] [omni.hydra] [UsdToMdl] Prim '/__Fabric_StageInfo/MaterialPool/mat_48ec6003/Shader' parameter 'ORM_texture': References an asset that can not be found: 'omniverse://simready.ov.nvidia.com/Projects/Groot_Content/Material%20Library/Rubber/Textures/T_Rubber_Black_Glossy_A_ORM.png'
2026-10-07T11:00:20Z [156,342ms] [Error] [omni.hydra] [UsdToMdl] Prim '/__Fabric_StageInfo/MaterialPool/mat_48ec6003/Shader' parameter 'diffuse_texture': References an asset that can not be found: 'omniverse://simready.ov.nvidia.com/Projects/Groot_Content/Material%20Library/Rubber/Textures/T_Rubber_Black_Glossy_A_Albedo.png'
2026-10-07T11:00:20Z [156,342ms] [Error] [omni.hydra] [UsdToMdl] Prim '/__Fabric_StageInfo/MaterialPool/mat_48ec6003/Shader' parameter 'normalmap_texture': References an asset that can not be found: 'omniverse://simready.ov.nvidia.com/Projects/Groot_Content/Material%20Library/Rubber/Textures/T_Rubber_Black_Glossy_A_Normal.png'
2026-10-07T11:00:20Z [156,595ms] [Error] [omni.hydra] [UsdToMdl] Prim '/__Fabric_StageInfo/MaterialPool/mat_ad3fc82a/Shader' parameter 'normalmap_texture': References an asset that can not be found: 'omniverse://simready.ov.nvidia.com/Projects/Groot_Content/Material%20Library/Metal/Textures/T_Steel_StainlessScratched_A1_Normal.png'
2026-10-07T11:00:20Z [156,595ms] [Error] [omni.hydra] [UsdToMdl] Prim '/__Fabric_StageInfo/MaterialPool/mat_ad3fc82a/Shader' parameter 'ORM_texture': References an asset that can not be found: 'omniverse://simready.ov.nvidia.com/Projects/Groot_Content/Material%20Library/Metal/Textures/T_Steel_StainlessScratched_A1_ORM.png'
2026-10-07T11:00:20Z [156,595ms] [Error] [omni.hydra] [UsdToMdl] Prim '/__Fabric_StageInfo/MaterialPool/mat_ad3fc82a/Shader' parameter 'diffuse_texture': References an asset that can not be found: 'omniverse://simready.ov.nvidia.com/Projects/Groot_Content/Material%20Library/Metal/Textures/T_Steel_StainlessScratched_A1_Albedo.png'
2026-10-07T11:00:20Z [156,596ms] [Error] [omni.hydra] [UsdToMdl] Prim '/__Fabric_StageInfo/MaterialPool/mat_c740d1a8/Shader' parameter 'normalmap_texture': References an asset that can not be found: 'omniverse://simready.ov.nvidia.com/Projects/Groot_Content/Material%20Library/Rubber/Textures/T_Rubber_Black_Glossy_A_Normal.png'
2026-10-07T11:00:20Z [156,596ms] [Error] [omni.hydra] [UsdToMdl] Prim '/__Fabric_StageInfo/MaterialPool/mat_c740d1a8/Shader' parameter 'ORM_texture': References an asset that can not be found: 'omniverse://simready.ov.nvidia.com/Projects/Groot_Content/Material%20Library/Rubber/Textures/T_Rubber_Black_Glossy_A_ORM.png'
2026-10-07T11:00:20Z [156,596ms] [Error] [omni.hydra] [UsdToMdl] Prim '/__Fabric_StageInfo/MaterialPool/mat_c740d1a8/Shader' parameter 'diffuse_texture': References an asset that can not be found: 'omniverse://simready.ov.nvidia.com/Projects/Groot_Content/Material%20Library/Rubber/Textures/T_Rubber_Black_Glossy_A_Albedo.png'
2026-10-07T11:00:20Z [156,597ms] [Error] [omni.hydra] [UsdToMdl] Prim '/__Fabric_StageInfo/MaterialPool/mat_fcc81cba/Shader' parameter 'normalmap_texture': References an asset that can not be found: 'omniverse://simready.ov.nvidia.com/Projects/Groot_Content/Material%20Library/Plastic/Textures/T_Plastic_Black_A_Normal.png'
2026-10-07T11:00:20Z [156,597ms] [Error] [omni.hydra] [UsdToMdl] Prim '/__Fabric_StageInfo/MaterialPool/mat_fcc81cba/Shader' parameter 'ORM_texture': References an asset that can not be found: 'omniverse://simready.ov.nvidia.com/Projects/Groot_Content/Material%20Library/Plastic/Textures/T_Plastic_Black_A_ORM.png'
2026-10-07T11:00:20Z [156,597ms] [Error] [omni.hydra] [UsdToMdl] Prim '/__Fabric_StageInfo/MaterialPool/mat_fcc81cba/Shader' parameter 'diffuse_texture': References an asset that can not be found: 'omniverse://simready.ov.nvidia.com/Projects/Groot_Content/Material%20Library/Plastic/Textures/T_Plastic_Black_A_Albedo.png'
2026-10-07T11:00:20Z [156,598ms] [Error] [omni.hydra] [UsdToMdl] Prim '/__Fabric_StageInfo/MaterialPool/mat_3ee0483c/Shader' parameter 'normalmap_texture': References an asset that can not be found: 'omniverse://simready.ov.nvidia.com/Projects/Groot_Content/Material%20Library/Plastic/Textures/T_Plastic_Blue_A_Normal.png'
2026-10-07T11:00:20Z [156,598ms] [Error] [omni.hydra] [UsdToMdl] Prim '/__Fabric_StageInfo/MaterialPool/mat_3ee0483c/Shader' parameter 'ORM_texture': References an asset that can not be found: 'omniverse://simready.ov.nvidia.com/Projects/Groot_Content/Material%20Library/Plastic/Textures/T_Plastic_Blue_A_ORM.png'
2026-10-07T11:00:20Z [156,598ms] [Error] [omni.hydra] [UsdToMdl] Prim '/__Fabric_StageInfo/MaterialPool/mat_3ee0483c/Shader' parameter 'diffuse_texture': References an asset that can not be found: 'omniverse://simready.ov.nvidia.com/Projects/Groot_Content/Material%20Library/Plastic/Textures/T_Plastic_Blue_A_Albedo.png'
2026-10-07T11:00:20Z [156,598ms] [Error] [omni.hydra] [UsdToMdl] Prim '/__Fabric_StageInfo/MaterialPool/mat_540c60c2/Shader' parameter 'normalmap_texture': References an asset that can not be found: 'omniverse://simready.ov.nvidia.com/Projects/Groot_Content/Material%20Library/Plastic/Textures/T_Plastic_Glossy_White_A_Normal.png'
2026-10-07T11:00:20Z [156,598ms] [Error] [omni.hydra] [UsdToMdl] Prim '/__Fabric_StageInfo/MaterialPool/mat_540c60c2/Shader' parameter 'ORM_texture': References an asset that can not be found: 'omniverse://simready.ov.nvidia.com/Projects/Groot_Content/Material%20Library/Plastic/Textures/T_Plastic_Glossy_White_A_ORM.png'
2026-10-07T11:00:20Z [156,599ms] [Error] [omni.hydra] [UsdToMdl] Prim '/__Fabric_StageInfo/MaterialPool/mat_540c60c2/Shader' parameter 'diffuse_texture': References an asset that can not be found: 'omniverse://simready.ov.nvidia.com/Projects/Groot_Content/Material%20Library/Plastic/Textures/T_Plastic_Glossy_White_A_Albedo.png'
2026-10-07T11:00:20Z [156,601ms] [Error] [omni.hydra] [UsdToMdl] Prim '/__Fabric_StageInfo/MaterialPool/mat_5b9f5132/Shader' parameter 'normalmap_texture': References an asset that can not be found: 'omniverse://simready.ov.nvidia.com/Projects/Groot_Content/Material%20Library/Plastic/Textures/T_Plastic_Glossy_White_A_Normal.png'
2026-10-07T11:00:20Z [156,601ms] [Error] [omni.hydra] [UsdToMdl] Prim '/__Fabric_StageInfo/MaterialPool/mat_5b9f5132/Shader' parameter 'ORM_texture': References an asset that can not be found: 'omniverse://simready.ov.nvidia.com/Projects/Groot_Content/Material%20Library/Plastic/Textures/T_Plastic_Glossy_White_A_ORM.png'
2026-10-07T11:00:20Z [156,601ms] [Error] [omni.hydra] [UsdToMdl] Prim '/__Fabric_StageInfo/MaterialPool/mat_5b9f5132/Shader' parameter 'diffuse_texture': References an asset that can not be found: 'omniverse://simready.ov.nvidia.com/Projects/Groot_Content/Material%20Library/Plastic/Textures/T_Plastic_Glossy_White_A_Albedo.png'
2026-10-07T11:00:21Z [156,604ms] [Error] [omni.hydra] [UsdToMdl] Prim '/__Fabric_StageInfo/MaterialPool/mat_48ec6003/Shader' parameter 'normalmap_texture': References an asset that can not be found: 'omniverse://simready.ov.nvidia.com/Projects/Groot_Content/Material%20Library/Rubber/Textures/T_Rubber_Black_Glossy_A_Normal.png'
2026-10-07T11:00:21Z [156,604ms] [Error] [omni.hydra] [UsdToMdl] Prim '/__Fabric_StageInfo/MaterialPool/mat_48ec6003/Shader' parameter 'ORM_texture': References an asset that can not be found: 'omniverse://simready.ov.nvidia.com/Projects/Groot_Content/Material%20Library/Rubber/Textures/T_Rubber_Black_Glossy_A_ORM.png'
2026-10-07T11:00:21Z [156,604ms] [Error] [omni.hydra] [UsdToMdl] Prim '/__Fabric_StageInfo/MaterialPool/mat_48ec6003/Shader' parameter 'diffuse_texture': References an asset that can not be found: 'omniverse://simready.ov.nvidia.com/Projects/Groot_Content/Material%20Library/Rubber/Textures/T_Rubber_Black_Glossy_A_Albedo.png'
[INFO]: Time taken for simulation start : 3.712939 seconds
[INFO]: Completed setting up the environment...
STATIC_DENSE 120 / 2160 images 18
STATIC_DENSE 240 / 2160 images 18
STATIC_DENSE 360 / 2160 images 18
STATIC_DENSE 480 / 2160 images 18
STATIC_DENSE 600 / 2160 images 18
STATIC_DENSE 720 / 2160 images 36
STATIC_DENSE 840 / 2160 images 36
STATIC_DENSE 960 / 2160 images 36
STATIC_DENSE 1080 / 2160 images 54
STATIC_DENSE 1200 / 2160 images 54
STATIC_DENSE 1320 / 2160 images 54
STATIC_DENSE 1440 / 2160 images 72
STATIC_DENSE 1560 / 2160 images 72
STATIC_DENSE 1680 / 2160 images 72
STATIC_DENSE 1800 / 2160 images 72
STATIC_DENSE 1920 / 2160 images 72
STATIC_DENSE 2040 / 2160 images 90
STATIC_DENSE 2160 / 2160 images 90
2026-10-07T11:01:44Z [240,316ms] [Warning] [carb] Client gpu.foundation.plugin has acquired [gpu::unstable::IMemoryBudgetManagerFactory v0.1] 100 times. Consider accessing this interface with carb::getCachedInterface() (Performance warning)
